Archive member included to satisfy reference by file (symbol)

/opt/st/stm32cubeide_1.14.0/plugins/com.st.stm32cube.ide.mcu.externaltools.gnu-tools-for-stm32.11.3.rel1.linux64_1.1.100.202309141235/tools/bin/../lib/gcc/arm-none-eabi/11.3.1/../../../../arm-none-eabi/lib/thumb/v7-m/nofp/libc_nano.a(libc_a-assert.o)
                              ./Core/littlefs/bd/lfs_emubd.o (__assert_func)
/opt/st/stm32cubeide_1.14.0/plugins/com.st.stm32cube.ide.mcu.externaltools.gnu-tools-for-stm32.11.3.rel1.linux64_1.1.100.202309141235/tools/bin/../lib/gcc/arm-none-eabi/11.3.1/../../../../arm-none-eabi/lib/thumb/v7-m/nofp/libc_nano.a(libc_a-exit.o)
                              /opt/st/stm32cubeide_1.14.0/plugins/com.st.stm32cube.ide.mcu.externaltools.gnu-tools-for-stm32.11.3.rel1.linux64_1.1.100.202309141235/tools/bin/../lib/gcc/arm-none-eabi/11.3.1/../../../../arm-none-eabi/lib/thumb/v7-m/nofp/crt0.o (exit)
/opt/st/stm32cubeide_1.14.0/plugins/com.st.stm32cube.ide.mcu.externaltools.gnu-tools-for-stm32.11.3.rel1.linux64_1.1.100.202309141235/tools/bin/../lib/gcc/arm-none-eabi/11.3.1/../../../../arm-none-eabi/lib/thumb/v7-m/nofp/libc_nano.a(libc_a-malloc.o)
                              ./Core/littlefs/bd/lfs_emubd.o (malloc)
/opt/st/stm32cubeide_1.14.0/plugins/com.st.stm32cube.ide.mcu.externaltools.gnu-tools-for-stm32.11.3.rel1.linux64_1.1.100.202309141235/tools/bin/../lib/gcc/arm-none-eabi/11.3.1/../../../../arm-none-eabi/lib/thumb/v7-m/nofp/libc_nano.a(libc_a-mallocr.o)
                              /opt/st/stm32cubeide_1.14.0/plugins/com.st.stm32cube.ide.mcu.externaltools.gnu-tools-for-stm32.11.3.rel1.linux64_1.1.100.202309141235/tools/bin/../lib/gcc/arm-none-eabi/11.3.1/../../../../arm-none-eabi/lib/thumb/v7-m/nofp/libc_nano.a(libc_a-malloc.o) (_malloc_r)
/opt/st/stm32cubeide_1.14.0/plugins/com.st.stm32cube.ide.mcu.externaltools.gnu-tools-for-stm32.11.3.rel1.linux64_1.1.100.202309141235/tools/bin/../lib/gcc/arm-none-eabi/11.3.1/../../../../arm-none-eabi/lib/thumb/v7-m/nofp/libc_nano.a(libc_a-mlock.o)
                              /opt/st/stm32cubeide_1.14.0/plugins/com.st.stm32cube.ide.mcu.externaltools.gnu-tools-for-stm32.11.3.rel1.linux64_1.1.100.202309141235/tools/bin/../lib/gcc/arm-none-eabi/11.3.1/../../../../arm-none-eabi/lib/thumb/v7-m/nofp/libc_nano.a(libc_a-mallocr.o) (__malloc_lock)
/opt/st/stm32cubeide_1.14.0/plugins/com.st.stm32cube.ide.mcu.externaltools.gnu-tools-for-stm32.11.3.rel1.linux64_1.1.100.202309141235/tools/bin/../lib/gcc/arm-none-eabi/11.3.1/../../../../arm-none-eabi/lib/thumb/v7-m/nofp/libc_nano.a(libc_a-findfp.o)
                              /opt/st/stm32cubeide_1.14.0/plugins/com.st.stm32cube.ide.mcu.externaltools.gnu-tools-for-stm32.11.3.rel1.linux64_1.1.100.202309141235/tools/bin/../lib/gcc/arm-none-eabi/11.3.1/../../../../arm-none-eabi/lib/thumb/v7-m/nofp/libc_nano.a(libc_a-exit.o) (__stdio_exit_handler)
/opt/st/stm32cubeide_1.14.0/plugins/com.st.stm32cube.ide.mcu.externaltools.gnu-tools-for-stm32.11.3.rel1.linux64_1.1.100.202309141235/tools/bin/../lib/gcc/arm-none-eabi/11.3.1/../../../../arm-none-eabi/lib/thumb/v7-m/nofp/libc_nano.a(libc_a-fprintf.o)
                              /opt/st/stm32cubeide_1.14.0/plugins/com.st.stm32cube.ide.mcu.externaltools.gnu-tools-for-stm32.11.3.rel1.linux64_1.1.100.202309141235/tools/bin/../lib/gcc/arm-none-eabi/11.3.1/../../../../arm-none-eabi/lib/thumb/v7-m/nofp/libc_nano.a(libc_a-assert.o) (fiprintf)
/opt/st/stm32cubeide_1.14.0/plugins/com.st.stm32cube.ide.mcu.externaltools.gnu-tools-for-stm32.11.3.rel1.linux64_1.1.100.202309141235/tools/bin/../lib/gcc/arm-none-eabi/11.3.1/../../../../arm-none-eabi/lib/thumb/v7-m/nofp/libc_nano.a(libc_a-fwalk.o)
                              /opt/st/stm32cubeide_1.14.0/plugins/com.st.stm32cube.ide.mcu.externaltools.gnu-tools-for-stm32.11.3.rel1.linux64_1.1.100.202309141235/tools/bin/../lib/gcc/arm-none-eabi/11.3.1/../../../../arm-none-eabi/lib/thumb/v7-m/nofp/libc_nano.a(libc_a-findfp.o) (_fwalk_sglue)
/opt/st/stm32cubeide_1.14.0/plugins/com.st.stm32cube.ide.mcu.externaltools.gnu-tools-for-stm32.11.3.rel1.linux64_1.1.100.202309141235/tools/bin/../lib/gcc/arm-none-eabi/11.3.1/../../../../arm-none-eabi/lib/thumb/v7-m/nofp/libc_nano.a(libc_a-printf.o)
                              ./Core/littlefs/lfs.o (printf)
/opt/st/stm32cubeide_1.14.0/plugins/com.st.stm32cube.ide.mcu.externaltools.gnu-tools-for-stm32.11.3.rel1.linux64_1.1.100.202309141235/tools/bin/../lib/gcc/arm-none-eabi/11.3.1/../../../../arm-none-eabi/lib/thumb/v7-m/nofp/libc_nano.a(libc_a-puts.o)
                              ./Core/Src/main.o (puts)
/opt/st/stm32cubeide_1.14.0/plugins/com.st.stm32cube.ide.mcu.externaltools.gnu-tools-for-stm32.11.3.rel1.linux64_1.1.100.202309141235/tools/bin/../lib/gcc/arm-none-eabi/11.3.1/../../../../arm-none-eabi/lib/thumb/v7-m/nofp/libc_nano.a(libc_a-stdio.o)
[...]
Memory Configuration

Name             Origin             Length             Attributes
RAM              0x0000000020000000 0x0000000000005000 xrw
FLASH            0x0000000008000000 0x0000000000010000 xr
*default*        0x0000000000000000 0xffffffffffffffff

Linker script and memory map

LOAD /opt/st/stm32cubeide_1.14.0/plugins/com.st.stm32cube.ide.mcu.externaltools.gnu-tools-for-stm32.11.3.rel1.linux64_1.1.100.202309141235/tools/bin/../lib/gcc/arm-none-eabi/11.3.1/thumb/v7-m/nofp/crti.o
LOAD /opt/st/stm32cubeide_1.14.0/plugins/com.st.stm32cube.ide.mcu.externaltools.gnu-tools-for-stm32.11.3.rel1.linux64_1.1.100.202309141235/tools/bin/../lib/gcc/arm-none-eabi/11.3.1/thumb/v7-m/nofp/crtbegin.o
LOAD /opt/st/stm32cubeide_1.14.0/plugins/com.st.stm32cube.ide.mcu.externaltools.gnu-tools-for-stm32.11.3.rel1.linux64_1.1.100.202309141235/tools/bin/../lib/gcc/arm-none-eabi/11.3.1/../../../../arm-none-eabi/lib/thumb/v7-m/nofp/crt0.o
LOAD ./Core/Src/main.o
LOAD ./Core/Src/stm32f1xx_hal_msp.o
LOAD ./Core/Src/stm32f1xx_it.o
LOAD ./Core/Src/syscalls.o
LOAD ./Core/Src/sysmem.o
LOAD ./Core/Src/system_stm32f1xx.o
LOAD ./Core/Startup/startup_stm32f103c8tx.o
LOAD ./Core/littlefs/bd/lfs_emubd.o
LOAD ./Core/littlefs/bd/lfs_filebd.o
LOAD ./Core/littlefs/bd/lfs_rambd.o
LOAD ./Core/littlefs/lfs.o
LOAD ./Core/littlefs/lfs_util.o
LOAD ./Core/spif/src/spif.o
LOAD ./Core/storage/storage.o
LOAD ./Drivers/STM32F1xx_HAL_Driver/Src/stm32f1xx_hal.o
LOAD ./Drivers/STM32F1xx_HAL_Driver/Src/stm32f1xx_hal_cortex.o
LOAD ./Drivers/STM32F1xx_HAL_Driver/Src/stm32f1xx_hal_dma.o
LOAD ./Drivers/STM32F1xx_HAL_Driver/Src/stm32f1xx_hal_exti.o
LOAD ./Drivers/STM32F1xx_HAL_Driver/Src/stm32f1xx_hal_flash.o
LOAD ./Drivers/STM32F1xx_HAL_Driver/Src/stm32f1xx_hal_flash_ex.o
LOAD ./Drivers/STM32F1xx_HAL_Driver/Src/stm32f1xx_hal_gpio.o
LOAD ./Drivers/STM32F1xx_HAL_Driver/Src/stm32f1xx_hal_gpio_ex.o
LOAD ./Drivers/STM32F1xx_HAL_Driver/Src/stm32f1xx_hal_pwr.o
LOAD ./Drivers/STM32F1xx_HAL_Driver/Src/stm32f1xx_hal_rcc.o
LOAD ./Drivers/STM32F1xx_HAL_Driver/Src/stm32f1xx_hal_rcc_ex.o
LOAD ./Drivers/STM32F1xx_HAL_Driver/Src/stm32f1xx_hal_spi.o
LOAD ./Drivers/STM32F1xx_HAL_Driver/Src/stm32f1xx_hal_tim.o
LOAD ./Drivers/STM32F1xx_HAL_Driver/Src/stm32f1xx_hal_tim_ex.o
LOAD ./Drivers/STM32F1xx_HAL_Driver/Src/stm32f1xx_hal_uart.o
START GROUP
LOAD /opt/st/stm32cubeide_1.14.0/plugins/com.st.stm32cube.ide.mcu.externaltools.gnu-tools-for-stm32.11.3.rel1.linux64_1.1.100.202309141235/tools/bin/../lib/gcc/arm-none-eabi/11.3.1/../../../../arm-none-eabi/lib/thumb/v7-m/nofp/libc_nano.a
LOAD /opt/st/stm32cubeide_1.14.0/plugins/com.st.stm32cube.ide.mcu.externaltools.gnu-tools-for-stm32.11.3.rel1.linux64_1.1.100.202309141235/tools/bin/../lib/gcc/arm-none-eabi/11.3.1/../../../../arm-none-eabi/lib/thumb/v7-m/nofp/libm.a
END GROUP
START GROUP
LOAD /opt/st/stm32cubeide_1.14.0/plugins/com.st.stm32cube.ide.mcu.externaltools.gnu-tools-for-stm32.11.3.rel1.linux64_1.1.100.202309141235/tools/bin/../lib/gcc/arm-none-eabi/11.3.1/thumb/v7-m/nofp/libgcc.a
LOAD /opt/st/stm32cubeide_1.14.0/plugins/com.st.stm32cube.ide.mcu.externaltools.gnu-tools-for-stm32.11.3.rel1.linux64_1.1.100.202309141235/tools/bin/../lib/gcc/arm-none-eabi/11.3.1/../../../../arm-none-eabi/lib/thumb/v7-m/nofp/libc_nano.a
END GROUP
START GROUP
LOAD /opt/st/stm32cubeide_1.14.0/plugins/com.st.stm32cube.ide.mcu.externaltools.gnu-tools-for-stm32.11.3.rel1.linux64_1.1.100.202309141235/tools/bin/../lib/gcc/arm-none-eabi/11.3.1/thumb/v7-m/nofp/libgcc.a
LOAD /opt/st/stm32cubeide_1.14.0/plugins/com.st.stm32cube.ide.mcu.externaltools.gnu-tools-for-stm32.11.3.rel1.linux64_1.1.100.202309141235/tools/bin/../lib/gcc/arm-none-eabi/11.3.1/../../../../arm-none-eabi/lib/thumb/v7-m/nofp/libc_nano.a
LOAD /opt/st/stm32cubeide_1.14.0/plugins/com.st.stm32cube.ide.mcu.externaltools.gnu-tools-for-stm32.11.3.rel1.linux64_1.1.100.202309141235/tools/bin/../lib/gcc/arm-none-eabi/11.3.1/../../../../arm-none-eabi/lib/thumb/v7-m/nofp/libnosys.a
END GROUP
START GROUP
LOAD /opt/st/stm32cubeide_1.14.0/plugins/com.st.stm32cube.ide.mcu.externaltools.gnu-tools-for-stm32.11.3.rel1.linux64_1.1.100.202309141235/tools/bin/../lib/gcc/arm-none-eabi/11.3.1/thumb/v7-m/nofp/libgcc.a
LOAD /opt/st/stm32cubeide_1.14.0/plugins/com.st.stm32cube.ide.mcu.externaltools.gnu-tools-for-stm32.11.3.rel1.linux64_1.1.100.202309141235/tools/bin/../lib/gcc/arm-none-eabi/11.3.1/../../../../arm-none-eabi/lib/thumb/v7-m/nofp/libc_nano.a
LOAD /opt/st/stm32cubeide_1.14.0/plugins/com.st.stm32cube.ide.mcu.externaltools.gnu-tools-for-stm32.11.3.rel1.linux64_1.1.100.202309141235/tools/bin/../lib/gcc/arm-none-eabi/11.3.1/../../../../arm-none-eabi/lib/thumb/v7-m/nofp/libnosys.a
END GROUP
LOAD /opt/st/stm32cubeide_1.14.0/plugins/com.st.stm32cube.ide.mcu.externaltools.gnu-tools-for-stm32.11.3.rel1.linux64_1.1.100.202309141235/tools/bin/../lib/gcc/arm-none-eabi/11.3.1/thumb/v7-m/nofp/crtend.o
LOAD /opt/st/stm32cubeide_1.14.0/plugins/com.st.stm32cube.ide.mcu.externaltools.gnu-tools-for-stm32.11.3.rel1.linux64_1.1.100.202309141235/tools/bin/../lib/gcc/arm-none-eabi/11.3.1/thumb/v7-m/nofp/crtn.o
                0x0000000020005000                _estack = (ORIGIN (RAM) + LENGTH (RAM))
                0x0000000000000200                _Min_Heap_Size = 0x200
                0x0000000000000400                _Min_Stack_Size = 0x400

.isr_vector     0x0000000008000000      0x10c
                0x0000000008000000                . = ALIGN (0x4)
 *(.isr_vector)
 .isr_vector    0x0000000008000000      0x10c ./Core/Startup/startup_stm32f103c8tx.o
                0x0000000008000000                g_pfnVectors
                0x000000000800010c                . = ALIGN (0x4)

.text           0x000000000800010c     0xb840
                0x000000000800010c                . = ALIGN (0x4)
 *(.text)
 .text          0x000000000800010c       0x40 /opt/st/stm32cubeide_1.14.0/plugins/com.st.stm32cube.ide.mcu.externaltools.gnu-tools-for-stm32.11.3.rel1.linux64_1.1.100.202309141235/tools/bin/../lib/gcc/arm-none-eabi/11.3.1/thumb/v7-m/nofp/crtbegin.o
 .text          0x000000000800014c       0x10 /opt/st/stm32cubeide_1.14.0/plugins/com.st.stm32cube.ide.mcu.externaltools.gnu-tools-for-stm32.11.3.rel1.linux64_1.1.100.202309141235/tools/bin/../lib/gcc/arm-none-eabi/11.3.1/../../../../arm-none-eabi/lib/thumb/v7-m/nofp/libc_nano.a(libc_a-strlen.o)
                0x000000000800014c                strlen
 .text          0x000000000800015c       0x28 /opt/st/stm32cubeide_1.14.0/plugins/com.st.stm32cube.ide.mcu.externaltools.gnu-tools-for-stm32.11.3.rel1.linux64_1.1.100.202309141235/tools/bin/../lib/gcc/arm-none-eabi/11.3.1/thumb/v7-m/nofp/libgcc.a(_popcountsi2.o)
                0x000000000800015c                __popcountsi2
 *(.text*)
 .text._write   0x0000000008000184       0x2c ./Core/Src/main.o
                0x0000000008000184                _write
 .text.main     0x00000000080001b0       0x70 ./Core/Src/main.o
                0x00000000080001b0                main
 .text.SystemClock_Config
                0x0000000008000220       0x8a ./Core/Src/main.o
                0x0000000008000220                SystemClock_Config
 *fill*         0x00000000080002aa        0x2 
 .text.MX_SPI1_Init
                0x00000000080002ac       0x6c ./Core/Src/main.o
 .text.MX_USART3_UART_Init
                0x0000000008000318       0x54 ./Core/Src/main.o
 .text.MX_GPIO_Init
                0x000000000800036c       0x94 ./Core/Src/main.o
 .text.Error_Handler
                0x0000000008000400        0xa ./Core/Src/main.o
                0x0000000008000400                Error_Handler
 *fill*         0x000000000800040a        0x2 
 .text.HAL_MspInit
                0x000000000800040c       0x64 ./Core/Src/stm32f1xx_hal_msp.o
                0x000000000800040c                HAL_MspInit
 .text.HAL_SPI_MspInit
                0x0000000008000470       0x94 ./Core/Src/stm32f1xx_hal_msp.o
                0x0000000008000470                HAL_SPI_MspInit
 .text.HAL_UART_MspInit
                0x0000000008000504       0x98 ./Core/Src/stm32f1xx_hal_msp.o
                0x0000000008000504                HAL_UART_MspInit
 .text.NMI_Handler
                0x000000000800059c        0x6 ./Core/Src/stm32f1xx_it.o
                0x000000000800059c                NMI_Handler
 .text.HardFault_Handler
                0x00000000080005a2        0x6 ./Core/Src/stm32f1xx_it.o
                0x00000000080005a2                HardFault_Handler
 .text.MemManage_Handler
                0x00000000080005a8        0x6 ./Core/Src/stm32f1xx_it.o
                0x00000000080005a8                MemManage_Handler
 .text.BusFault_Handler
                0x00000000080005ae        0x6 ./Core/Src/stm32f1xx_it.o
                0x00000000080005ae                BusFault_Handler
 .text.UsageFault_Handler
                0x00000000080005b4        0x6 ./Core/Src/stm32f1xx_it.o
                0x00000000080005b4                UsageFault_Handler
 .text.SVC_Handler
                0x00000000080005ba        0xc ./Core/Src/stm32f1xx_it.o
                0x00000000080005ba                SVC_Handler
 .text.DebugMon_Handler
                0x00000000080005c6        0xc ./Core/Src/stm32f1xx_it.o
                0x00000000080005c6                DebugMon_Handler
 .text.PendSV_Handler
                0x00000000080005d2        0xc ./Core/Src/stm32f1xx_it.o
                0x00000000080005d2                PendSV_Handler
 .text.SysTick_Handler
                0x00000000080005de        0xc ./Core/Src/stm32f1xx_it.o
                0x00000000080005de                SysTick_Handler
 .text._getpid  0x00000000080005ea        0xe ./Core/Src/syscalls.o
                0x00000000080005ea                _getpid
 .text._kill    0x00000000080005f8       0x20 ./Core/Src/syscalls.o
                0x00000000080005f8                _kill
 .text._exit    0x0000000008000618       0x14 ./Core/Src/syscalls.o
                0x0000000008000618                _exit
 .text._read    0x000000000800062c       0x3a ./Core/Src/syscalls.o
                0x000000000800062c                _read
 .text._close   0x0000000008000666       0x16 ./Core/Src/syscalls.o
                0x0000000008000666                _close
 .text._fstat   0x000000000800067c       0x1e ./Core/Src/syscalls.o
                0x000000000800067c                _fstat
 .text._isatty  0x000000000800069a       0x14 ./Core/Src/syscalls.o
                0x000000000800069a                _isatty
 .text._lseek   0x00000000080006ae       0x18 ./Core/Src/syscalls.o
                0x00000000080006ae                _lseek
 *fill*         0x00000000080006c6        0x2 
 .text._sbrk    0x00000000080006c8       0x6c ./Core/Src/sysmem.o
                0x00000000080006c8                _sbrk
 .text.SystemInit
                0x0000000008000734        0xc ./Core/Src/system_stm32f1xx.o
                0x0000000008000734                SystemInit
 .text.Reset_Handler
                0x0000000008000740       0x48 ./Core/Startup/startup_stm32f103c8tx.o
                0x0000000008000740                Reset_Handler
 .text.Default_Handler
                0x0000000008000788        0x2 ./Core/Startup/startup_stm32f103c8tx.o
                0x0000000008000788                RTC_Alarm_IRQHandler
                0x0000000008000788                EXTI2_IRQHandler
                0x0000000008000788                TIM1_CC_IRQHandler
                0x0000000008000788                PVD_IRQHandler
                0x0000000008000788                EXTI3_IRQHandler
                0x0000000008000788                EXTI0_IRQHandler
                0x0000000008000788                I2C2_EV_IRQHandler
                0x0000000008000788                ADC1_2_IRQHandler
                0x0000000008000788                SPI1_IRQHandler
                0x0000000008000788                TAMPER_IRQHandler
                0x0000000008000788                DMA1_Channel4_IRQHandler
                0x0000000008000788                USART3_IRQHandler
                0x0000000008000788                RTC_IRQHandler
                0x0000000008000788                DMA1_Channel7_IRQHandler
                0x0000000008000788                CAN1_RX1_IRQHandler
                0x0000000008000788                TIM4_IRQHandler
                0x0000000008000788                I2C1_EV_IRQHandler
                0x0000000008000788                DMA1_Channel6_IRQHandler
                0x0000000008000788                TIM3_IRQHandler
                0x0000000008000788                RCC_IRQHandler
                0x0000000008000788                TIM1_TRG_COM_IRQHandler
                0x0000000008000788                DMA1_Channel1_IRQHandler
                0x0000000008000788                Default_Handler
                0x0000000008000788                EXTI15_10_IRQHandler
                0x0000000008000788                EXTI9_5_IRQHandler
                0x0000000008000788                SPI2_IRQHandler
                0x0000000008000788                DMA1_Channel5_IRQHandler
                0x0000000008000788                EXTI4_IRQHandler
                0x0000000008000788                USB_LP_CAN1_RX0_IRQHandler
                0x0000000008000788                USB_HP_CAN1_TX_IRQHandler
                0x0000000008000788                DMA1_Channel3_IRQHandler
                0x0000000008000788                TIM1_UP_IRQHandler
                0x0000000008000788                WWDG_IRQHandler
                0x0000000008000788                TIM2_IRQHandler
                0x0000000008000788                TIM1_BRK_IRQHandler
                0x0000000008000788                EXTI1_IRQHandler
                0x0000000008000788                USART2_IRQHandler
                0x0000000008000788                I2C2_ER_IRQHandler
                0x0000000008000788                DMA1_Channel2_IRQHandler
                0x0000000008000788                CAN1_SCE_IRQHandler
                0x0000000008000788                FLASH_IRQHandler
                0x0000000008000788                USART1_IRQHandler
                0x0000000008000788                I2C1_ER_IRQHandler
                0x0000000008000788                USBWakeUp_IRQHandler
 .text.lfs_max  0x000000000800078a       0x1e ./Core/littlefs/lfs.o
 .text.lfs_min  0x00000000080007a8       0x1e ./Core/littlefs/lfs.o
 .text.lfs_aligndown
                0x00000000080007c6       0x28 ./Core/littlefs/lfs.o
 .text.lfs_alignup
                0x00000000080007ee       0x24 ./Core/littlefs/lfs.o
 .text.lfs_npw2
                0x0000000008000812       0x1e ./Core/littlefs/lfs.o
 .text.lfs_ctz  0x0000000008000830       0x1c ./Core/littlefs/lfs.o
 .text.lfs_popc
                0x000000000800084c       0x18 ./Core/littlefs/lfs.o
 .text.lfs_scmp
                0x0000000008000864       0x1a ./Core/littlefs/lfs.o
 .text.lfs_fromle32
                0x000000000800087e       0x14 ./Core/littlefs/lfs.o
 .text.lfs_tole32
                0x0000000008000892       0x18 ./Core/littlefs/lfs.o
 .text.lfs_frombe32
                0x00000000080008aa       0x16 ./Core/littlefs/lfs.o
 .text.lfs_tobe32
                0x00000000080008c0       0x18 ./Core/littlefs/lfs.o
 .text.lfs_malloc
                0x00000000080008d8       0x18 ./Core/littlefs/lfs.o
 .text.lfs_free
                0x00000000080008f0       0x16 ./Core/littlefs/lfs.o
 .text.lfs_cache_drop
                0x0000000008000906       0x1c ./Core/littlefs/lfs.o
 .text.lfs_cache_zero
                0x0000000008000922       0x2c ./Core/littlefs/lfs.o
 *fill*         0x000000000800094e        0x2 
 .text.lfs_bd_read
                0x0000000008000950      0x298 ./Core/littlefs/lfs.o
 .text.lfs_bd_cmp
                0x0000000008000be8       0xa2 ./Core/littlefs/lfs.o
 .text.lfs_bd_crc
                0x0000000008000c8a       0x8c ./Core/littlefs/lfs.o
 *fill*         0x0000000008000d16        0x2 
 .text.lfs_bd_flush
                0x0000000008000d18       0xf4 ./Core/littlefs/lfs.o
 .text.lfs_bd_sync
                0x0000000008000e0c       0x68 ./Core/littlefs/lfs.o
 .text.lfs_bd_prog
                0x0000000008000e74      0x158 ./Core/littlefs/lfs.o
 .text.lfs_bd_erase
                0x0000000008000fcc       0x64 ./Core/littlefs/lfs.o
 .text.lfs_pair_swap
                0x0000000008001030       0x28 ./Core/littlefs/lfs.o
 .text.lfs_pair_isnull
                0x0000000008001058       0x34 ./Core/littlefs/lfs.o
 .text.lfs_pair_cmp
                0x000000000800108c       0x52 ./Core/littlefs/lfs.o
 .text.lfs_pair_issync
                0x00000000080010de       0x58 ./Core/littlefs/lfs.o
 .text.lfs_pair_fromle32
                0x0000000008001136       0x34 ./Core/littlefs/lfs.o
 .text.lfs_pair_tole32
                0x000000000800116a       0x34 ./Core/littlefs/lfs.o
 .text.lfs_tag_isvalid
                0x000000000800119e       0x1a ./Core/littlefs/lfs.o
 .text.lfs_tag_isdelete
                0x00000000080011b8       0x24 ./Core/littlefs/lfs.o
 .text.lfs_tag_type1
                0x00000000080011dc       0x1e ./Core/littlefs/lfs.o
 .text.lfs_tag_type2
                0x00000000080011fa       0x1e ./Core/littlefs/lfs.o
 .text.lfs_tag_type3
                0x0000000008001218       0x1e ./Core/littlefs/lfs.o
 .text.lfs_tag_chunk
                0x0000000008001236       0x18 ./Core/littlefs/lfs.o
 .text.lfs_tag_splice
                0x000000000800124e       0x1a ./Core/littlefs/lfs.o
 .text.lfs_tag_id
                0x0000000008001268       0x1e ./Core/littlefs/lfs.o
 .text.lfs_tag_size
                0x0000000008001286       0x18 ./Core/littlefs/lfs.o
 .text.lfs_tag_dsize
                0x000000000800129e       0x28 ./Core/littlefs/lfs.o
 .text.lfs_gstate_xor
                0x00000000080012c6       0x48 ./Core/littlefs/lfs.o
 .text.lfs_gstate_iszero
                0x000000000800130e       0x38 ./Core/littlefs/lfs.o
 .text.lfs_gstate_hasorphans
                0x0000000008001346       0x26 ./Core/littlefs/lfs.o
 .text.lfs_gstate_getorphans
                0x000000000800136c       0x1e ./Core/littlefs/lfs.o
 .text.lfs_gstate_hasmove
                0x000000000800138a       0x26 ./Core/littlefs/lfs.o
 .text.lfs_gstate_needssuperblock
                0x00000000080013b0       0x28 ./Core/littlefs/lfs.o
 .text.lfs_gstate_hasmovehere
                0x00000000080013d8       0x40 ./Core/littlefs/lfs.o
 .text.lfs_gstate_fromle32
                0x0000000008001418       0x40 ./Core/littlefs/lfs.o
 .text.lfs_gstate_tole32
                0x0000000008001458       0x40 ./Core/littlefs/lfs.o
 .text.lfs_fcrc_fromle32
                0x0000000008001498       0x30 ./Core/littlefs/lfs.o
 .text.lfs_fcrc_tole32
                0x00000000080014c8       0x30 ./Core/littlefs/lfs.o
 .text.lfs_ctz_fromle32
                0x00000000080014f8       0x30 ./Core/littlefs/lfs.o
 .text.lfs_ctz_tole32
                0x0000000008001528       0x30 ./Core/littlefs/lfs.o
 .text.lfs_superblock_fromle32
                0x0000000008001558       0x70 ./Core/littlefs/lfs.o
 .text.lfs_superblock_tole32
                0x00000000080015c8       0x70 ./Core/littlefs/lfs.o
 .text.lfs_mlist_isopen
                0x0000000008001638       0x38 ./Core/littlefs/lfs.o
 .text.lfs_mlist_remove
                0x0000000008001670       0x42 ./Core/littlefs/lfs.o
 .text.lfs_mlist_append
                0x00000000080016b2       0x22 ./Core/littlefs/lfs.o
 .text.lfs_fs_disk_version
                0x00000000080016d4       0x18 ./Core/littlefs/lfs.o
 .text.lfs_fs_disk_version_major
                0x00000000080016ec       0x1c ./Core/littlefs/lfs.o
 .text.lfs_fs_disk_version_minor
                0x0000000008001708       0x1a ./Core/littlefs/lfs.o
 .text.lfs_alloc_ckpoint
                0x0000000008001722       0x1a ./Core/littlefs/lfs.o
 .text.lfs_alloc_drop
                0x000000000800173c       0x22 ./Core/littlefs/lfs.o
 .text.lfs_alloc_lookahead
                0x000000000800175e       0x68 ./Core/littlefs/lfs.o
 *fill*         0x00000000080017c6        0x2 
 .text.lfs_alloc_scan
                0x00000000080017c8       0x84 ./Core/littlefs/lfs.o
 .text.lfs_alloc
                0x000000000800184c      0x110 ./Core/littlefs/lfs.o
 .text.lfs_dir_getslice
                0x000000000800195c      0x1cc ./Core/littlefs/lfs.o
 .text.lfs_dir_get
                0x0000000008001b28       0x36 ./Core/littlefs/lfs.o
 .text.lfs_dir_getread
                0x0000000008001b5e      0x1b6 ./Core/littlefs/lfs.o
 .text.lfs_dir_traverse_filter
                0x0000000008001d14       0xb8 ./Core/littlefs/lfs.o
 .text.lfs_dir_traverse
                0x0000000008001dcc      0x7c8 ./Core/littlefs/lfs.o
 .text.lfs_dir_fetchmatch
                0x0000000008002594      0x7a0 ./Core/littlefs/lfs.o
 .text.lfs_dir_fetch
                0x0000000008002d34       0x36 ./Core/littlefs/lfs.o
 *fill*         0x0000000008002d6a        0x2 
 .text.lfs_dir_getgstate
                0x0000000008002d6c       0x64 ./Core/littlefs/lfs.o
 .text.lfs_dir_find_match
                0x0000000008002dd0       0x92 ./Core/littlefs/lfs.o
 *fill*         0x0000000008002e62        0x2 
 .text.lfs_dir_find
                0x0000000008002e64      0x1f4 ./Core/littlefs/lfs.o
 .text.lfs_dir_commitprog
                0x0000000008003058       0x6c ./Core/littlefs/lfs.o
 .text.lfs_dir_commitattr
                0x00000000080030c4      0x100 ./Core/littlefs/lfs.o
 .text.lfs_dir_commitcrc
                0x00000000080031c4      0x2e0 ./Core/littlefs/lfs.o
 .text.lfs_dir_alloc
                0x00000000080034a4       0xf2 ./Core/littlefs/lfs.o
 .text.lfs_dir_split
                0x0000000008003596       0xa8 ./Core/littlefs/lfs.o
 .text.lfs_dir_commit_size
                0x000000000800363e       0x2c ./Core/littlefs/lfs.o
 .text.lfs_dir_commit_commit
                0x000000000800366a       0x2a ./Core/littlefs/lfs.o
 .text.lfs_dir_needsrelocation
                0x0000000008003694       0x4a ./Core/littlefs/lfs.o
 *fill*         0x00000000080036de        0x2 
 .text.lfs_dir_compact
                0x00000000080036e0      0x3f0 ./Core/littlefs/lfs.o
 .text.lfs_dir_splittingcompact
                0x0000000008003ad0      0x234 ./Core/littlefs/lfs.o
 .text.lfs_dir_relocatingcommit
                0x0000000008003d04      0x56c ./Core/littlefs/lfs.o
 .text.lfs_dir_orphaningcommit
                0x0000000008004270      0x5f4 ./Core/littlefs/lfs.o
 .text.lfs_dir_commit
                0x0000000008004864       0x4a ./Core/littlefs/lfs.o
 .text.lfs_ctz_index
                0x00000000080048ae       0x70 ./Core/littlefs/lfs.o
 .text.lfs_ctz_find
                0x000000000800491e       0xd6 ./Core/littlefs/lfs.o
 .text.lfs_ctz_extend
                0x00000000080049f4      0x210 ./Core/littlefs/lfs.o
 .text.lfs_ctz_traverse
                0x0000000008004c04       0xf8 ./Core/littlefs/lfs.o
 .text.lfs_file_opencfg_
                0x0000000008004cfc      0x3a0 ./Core/littlefs/lfs.o
 .text.lfs_file_open_
                0x000000000800509c       0x30 ./Core/littlefs/lfs.o
 .text.lfs_file_close_
                0x00000000080050cc       0x3a ./Core/littlefs/lfs.o
 *fill*         0x0000000008005106        0x2 
 .text.lfs_file_relocate
                0x0000000008005108      0x1b4 ./Core/littlefs/lfs.o
 .text.lfs_file_outline
                0x00000000080052bc       0x42 ./Core/littlefs/lfs.o
 *fill*         0x00000000080052fe        0x2 
 .text.lfs_file_flush
                0x0000000008005300      0x1a8 ./Core/littlefs/lfs.o
 .text.lfs_file_sync_
                0x00000000080054a8      0x118 ./Core/littlefs/lfs.o
 .text.lfs_file_flushedread
                0x00000000080055c0      0x1a4 ./Core/littlefs/lfs.o
 .text.lfs_file_read_
                0x0000000008005764       0x6c ./Core/littlefs/lfs.o
 .text.lfs_file_flushedwrite
                0x00000000080057d0      0x21e ./Core/littlefs/lfs.o
 *fill*         0x00000000080059ee        0x2 
 .text.lfs_file_write_
                0x00000000080059f0      0x108 ./Core/littlefs/lfs.o
 .text.lfs_init
                0x0000000008005af8      0x4c4 ./Core/littlefs/lfs.o
 .text.lfs_deinit
                0x0000000008005fbc       0x4e ./Core/littlefs/lfs.o
 *fill*         0x000000000800600a        0x2 
 .text.lfs_format_
                0x000000000800600c      0x164 ./Core/littlefs/lfs.o
 .text.lfs_mount_
                0x0000000008006170      0x430 ./Core/littlefs/lfs.o
 .text.lfs_unmount_
                0x00000000080065a0       0x18 ./Core/littlefs/lfs.o
 .text.lfs_fs_traverse_
                0x00000000080065b8      0x2a0 ./Core/littlefs/lfs.o
 .text.lfs_fs_pred
                0x0000000008006858       0xe0 ./Core/littlefs/lfs.o
 .text.lfs_fs_parent_match
                0x0000000008006938       0x84 ./Core/littlefs/lfs.o
 .text.lfs_fs_parent
                0x00000000080069bc      0x104 ./Core/littlefs/lfs.o
 .text.lfs_fs_prepsuperblock
                0x0000000008006ac0       0x28 ./Core/littlefs/lfs.o
 .text.lfs_fs_preporphans
                0x0000000008006ae8       0xa0 ./Core/littlefs/lfs.o
 .text.lfs_fs_prepmove
                0x0000000008006b88       0x74 ./Core/littlefs/lfs.o
 .text.lfs_fs_desuperblock
                0x0000000008006bfc       0xd8 ./Core/littlefs/lfs.o
 .text.lfs_fs_demove
                0x0000000008006cd4       0xf8 ./Core/littlefs/lfs.o
 .text.lfs_fs_deorphan
                0x0000000008006dcc      0x360 ./Core/littlefs/lfs.o
 .text.lfs_fs_forceconsistency
                0x000000000800712c       0x4a ./Core/littlefs/lfs.o
 .text.lfs_fs_size_count
                0x0000000008007176       0x24 ./Core/littlefs/lfs.o
 *fill*         0x000000000800719a        0x2 
 .text.lfs_fs_size_
                0x000000000800719c       0x34 ./Core/littlefs/lfs.o
 .text.lfs_format
                0x00000000080071d0       0x2c ./Core/littlefs/lfs.o
                0x00000000080071d0                lfs_format
 .text.lfs_mount
                0x00000000080071fc       0x2c ./Core/littlefs/lfs.o
                0x00000000080071fc                lfs_mount
 .text.lfs_file_open
                0x0000000008007228       0x68 ./Core/littlefs/lfs.o
                0x0000000008007228                lfs_file_open
 .text.lfs_file_close
                0x0000000008007290       0x58 ./Core/littlefs/lfs.o
                0x0000000008007290                lfs_file_close
 .text.lfs_file_read
                0x00000000080072e8       0x60 ./Core/littlefs/lfs.o
                0x00000000080072e8                lfs_file_read
 .text.lfs_file_write
                0x0000000008007348       0x60 ./Core/littlefs/lfs.o
                0x0000000008007348                lfs_file_write
 .text.lfs_crc  0x00000000080073a8       0x78 ./Core/littlefs/lfs_util.o
                0x00000000080073a8                lfs_crc
 .text.SPIF_Lock
                0x0000000008007420       0x26 ./Core/spif/src/spif.o
                0x0000000008007420                SPIF_Lock
 .text.SPIF_UnLock
                0x0000000008007446       0x18 ./Core/spif/src/spif.o
                0x0000000008007446                SPIF_UnLock
 .text.SPIF_CsPin
                0x000000000800745e       0x3a ./Core/spif/src/spif.o
                0x000000000800745e                SPIF_CsPin
 .text.SPIF_TransmitReceive
                0x0000000008007498       0x48 ./Core/spif/src/spif.o
                0x0000000008007498                SPIF_TransmitReceive
 .text.SPIF_Transmit
                0x00000000080074e0       0x44 ./Core/spif/src/spif.o
                0x00000000080074e0                SPIF_Transmit
 .text.SPIF_Receive
                0x0000000008007524       0x44 ./Core/spif/src/spif.o
                0x0000000008007524                SPIF_Receive
 .text.SPIF_WriteEnable
                0x0000000008007568       0x54 ./Core/spif/src/spif.o
                0x0000000008007568                SPIF_WriteEnable
 .text.SPIF_WriteDisable
                0x00000000080075bc       0x54 ./Core/spif/src/spif.o
                0x00000000080075bc                SPIF_WriteDisable
 .text.SPIF_ReadReg1
                0x0000000008007610       0x4a ./Core/spif/src/spif.o
                0x0000000008007610                SPIF_ReadReg1
 .text.SPIF_ReadReg2
                0x000000000800765a       0x4a ./Core/spif/src/spif.o
                0x000000000800765a                SPIF_ReadReg2
 .text.SPIF_ReadReg3
                0x00000000080076a4       0x4a ./Core/spif/src/spif.o
                0x00000000080076a4                SPIF_ReadReg3
 *fill*         0x00000000080076ee        0x2 
 .text.SPIF_WaitForWriting
                0x00000000080076f0       0x54 ./Core/spif/src/spif.o
                0x00000000080076f0                SPIF_WaitForWriting
 .text.SPIF_FindChip
                0x0000000008007744      0x4f0 ./Core/spif/src/spif.o
                0x0000000008007744                SPIF_FindChip
 .text.SPIF_WriteFn
                0x0000000008007c34      0x1c0 ./Core/spif/src/spif.o
                0x0000000008007c34                SPIF_WriteFn
 .text.SPIF_ReadFn
                0x0000000008007df4      0x144 ./Core/spif/src/spif.o
                0x0000000008007df4                SPIF_ReadFn
 .text.SPIF_Init
                0x0000000008007f38       0xb8 ./Core/spif/src/spif.o
                0x0000000008007f38                SPIF_Init
 .text.SPIF_EraseSector
                0x0000000008007ff0      0x11c ./Core/spif/src/spif.o
                0x0000000008007ff0                SPIF_EraseSector
 .text.SPIF_WriteAddress
                0x000000000800810c       0xae ./Core/spif/src/spif.o
                0x000000000800810c                SPIF_WriteAddress
 .text.SPIF_ReadAddress
                0x00000000080081ba       0x38 ./Core/spif/src/spif.o
                0x00000000080081ba                SPIF_ReadAddress
 *fill*         0x00000000080081f2        0x2 
 .text.littlefs_read
                0x00000000080081f4       0x50 ./Core/storage/storage.o
                0x00000000080081f4                littlefs_read
 .text.littlefs_prog
                0x0000000008008244       0x40 ./Core/storage/storage.o
                0x0000000008008244                littlefs_prog
 .text.littlefs_erase
                0x0000000008008284       0x30 ./Core/storage/storage.o
                0x0000000008008284                littlefs_erase
 .text.littlefs_sync
                0x00000000080082b4       0x1c ./Core/storage/storage.o
                0x00000000080082b4                littlefs_sync
 .text.mount    0x00000000080082d0       0x6c ./Core/storage/storage.o
 .text.storage_init
                0x000000000800833c       0xfc ./Core/storage/storage.o
                0x000000000800833c                storage_init
 .text.set_info
                0x0000000008008438      0x464 ./Core/storage/storage.o
 .text.get_info
                0x000000000800889c      0x2ac ./Core/storage/storage.o
 .text.HAL_Init
                0x0000000008008b48       0x2c ./Drivers/STM32F1xx_HAL_Driver/Src/stm32f1xx_hal.o
                0x0000000008008b48                HAL_Init
 .text.HAL_InitTick
                0x0000000008008b74       0x60 ./Drivers/STM32F1xx_HAL_Driver/Src/stm32f1xx_hal.o
                0x0000000008008b74                HAL_InitTick
 .text.HAL_IncTick
                0x0000000008008bd4       0x24 ./Drivers/STM32F1xx_HAL_Driver/Src/stm32f1xx_hal.o
                0x0000000008008bd4                HAL_IncTick
 .text.HAL_GetTick
                0x0000000008008bf8       0x14 ./Drivers/STM32F1xx_HAL_Driver/Src/stm32f1xx_hal.o
                0x0000000008008bf8                HAL_GetTick
 .text.HAL_Delay
                0x0000000008008c0c       0x48 ./Drivers/STM32F1xx_HAL_Driver/Src/stm32f1xx_hal.o
                0x0000000008008c0c                HAL_Delay
 .text.__NVIC_SetPriorityGrouping
                0x0000000008008c54       0x48 ./Drivers/STM32F1xx_HAL_Driver/Src/stm32f1xx_hal_cortex.o
 .text.__NVIC_GetPriorityGrouping
                0x0000000008008c9c       0x1c ./Drivers/STM32F1xx_HAL_Driver/Src/stm32f1xx_hal_cortex.o
 .text.__NVIC_SetPriority
                0x0000000008008cb8       0x54 ./Drivers/STM32F1xx_HAL_Driver/Src/stm32f1xx_hal_cortex.o
 .text.NVIC_EncodePriority
                0x0000000008008d0c       0x64 ./Drivers/STM32F1xx_HAL_Driver/Src/stm32f1xx_hal_cortex.o
 .text.SysTick_Config
                0x0000000008008d70       0x44 ./Drivers/STM32F1xx_HAL_Driver/Src/stm32f1xx_hal_cortex.o
 .text.HAL_NVIC_SetPriorityGrouping
                0x0000000008008db4       0x16 ./Drivers/STM32F1xx_HAL_Driver/Src/stm32f1xx_hal_cortex.o
                0x0000000008008db4                HAL_NVIC_SetPriorityGrouping
 .text.HAL_NVIC_SetPriority
                0x0000000008008dca       0x38 ./Drivers/STM32F1xx_HAL_Driver/Src/stm32f1xx_hal_cortex.o
                0x0000000008008dca                HAL_NVIC_SetPriority
 .text.HAL_SYSTICK_Config
                0x0000000008008e02       0x18 ./Drivers/STM32F1xx_HAL_Driver/Src/stm32f1xx_hal_cortex.o
                0x0000000008008e02                HAL_SYSTICK_Config
 *fill*         0x0000000008008e1a        0x2 
 .text.HAL_GPIO_Init
                0x0000000008008e1c      0x308 ./Drivers/STM32F1xx_HAL_Driver/Src/stm32f1xx_hal_gpio.o
                0x0000000008008e1c                HAL_GPIO_Init
 .text.HAL_GPIO_WritePin
                0x0000000008009124       0x30 ./Drivers/STM32F1xx_HAL_Driver/Src/stm32f1xx_hal_gpio.o
                0x0000000008009124                HAL_GPIO_WritePin
 .text.HAL_RCC_OscConfig
                0x0000000008009154      0x504 ./Drivers/STM32F1xx_HAL_Driver/Src/stm32f1xx_hal_rcc.o
                0x0000000008009154                HAL_RCC_OscConfig
 .text.HAL_RCC_ClockConfig
                0x0000000008009658      0x1d4 ./Drivers/STM32F1xx_HAL_Driver/Src/stm32f1xx_hal_rcc.o
                0x0000000008009658                HAL_RCC_ClockConfig
 .text.HAL_RCC_GetSysClockFreq
                0x000000000800982c       0xa8 ./Drivers/STM32F1xx_HAL_Driver/Src/stm32f1xx_hal_rcc.o
                0x000000000800982c                HAL_RCC_GetSysClockFreq
 .text.HAL_RCC_GetHCLKFreq
                0x00000000080098d4       0x14 ./Drivers/STM32F1xx_HAL_Driver/Src/stm32f1xx_hal_rcc.o
                0x00000000080098d4                HAL_RCC_GetHCLKFreq
 .text.HAL_RCC_GetPCLK1Freq
                0x00000000080098e8       0x28 ./Drivers/STM32F1xx_HAL_Driver/Src/stm32f1xx_hal_rcc.o
                0x00000000080098e8                HAL_RCC_GetPCLK1Freq
 .text.HAL_RCC_GetPCLK2Freq
                0x0000000008009910       0x28 ./Drivers/STM32F1xx_HAL_Driver/Src/stm32f1xx_hal_rcc.o
                0x0000000008009910                HAL_RCC_GetPCLK2Freq
 .text.RCC_Delay
                0x0000000008009938       0x3c ./Drivers/STM32F1xx_HAL_Driver/Src/stm32f1xx_hal_rcc.o
 .text.HAL_SPI_Init
                0x0000000008009974      0x108 ./Drivers/STM32F1xx_HAL_Driver/Src/stm32f1xx_hal_spi.o
                0x0000000008009974                HAL_SPI_Init
 .text.HAL_SPI_Transmit
                0x0000000008009a7c      0x286 ./Drivers/STM32F1xx_HAL_Driver/Src/stm32f1xx_hal_spi.o
                0x0000000008009a7c                HAL_SPI_Transmit
 .text.HAL_SPI_Receive
                0x0000000008009d02      0x230 ./Drivers/STM32F1xx_HAL_Driver/Src/stm32f1xx_hal_spi.o
                0x0000000008009d02                HAL_SPI_Receive
 .text.HAL_SPI_TransmitReceive
                0x0000000008009f32      0x360 ./Drivers/STM32F1xx_HAL_Driver/Src/stm32f1xx_hal_spi.o
                0x0000000008009f32                HAL_SPI_TransmitReceive
 *fill*         0x000000000800a292        0x2 
 .text.SPI_WaitFlagStateUntilTimeout
                0x000000000800a294      0x110 ./Drivers/STM32F1xx_HAL_Driver/Src/stm32f1xx_hal_spi.o
 .text.SPI_EndRxTransaction
                0x000000000800a3a4       0xa4 ./Drivers/STM32F1xx_HAL_Driver/Src/stm32f1xx_hal_spi.o
 .text.SPI_EndRxTxTransaction
                0x000000000800a448       0x3c ./Drivers/STM32F1xx_HAL_Driver/Src/stm32f1xx_hal_spi.o
 .text.HAL_UART_Init
                0x000000000800a484       0xa0 ./Drivers/STM32F1xx_HAL_Driver/Src/stm32f1xx_hal_uart.o
                0x000000000800a484                HAL_UART_Init
 .text.HAL_UART_Transmit
                0x000000000800a524      0x106 ./Drivers/STM32F1xx_HAL_Driver/Src/stm32f1xx_hal_uart.o
                0x000000000800a524                HAL_UART_Transmit
 .text.UART_WaitOnFlagUntilTimeout
                0x000000000800a62a       0xdc ./Drivers/STM32F1xx_HAL_Driver/Src/stm32f1xx_hal_uart.o
 *fill*         0x000000000800a706        0x2 
 .text.UART_SetConfig
                0x000000000800a708      0x11c ./Drivers/STM32F1xx_HAL_Driver/Src/stm32f1xx_hal_uart.o
 .text.__assert_func
                0x000000000800a824       0x3c /opt/st/stm32cubeide_1.14.0/plugins/com.st.stm32cube.ide.mcu.externaltools.gnu-tools-for-stm32.11.3.rel1.linux64_1.1.100.202309141235/tools/bin/../lib/gcc/arm-none-eabi/11.3.1/../../../../arm-none-eabi/lib/thumb/v7-m/nofp/libc_nano.a(libc_a-assert.o)
                0x000000000800a824                __assert_func
 .text.malloc   0x000000000800a860       0x10 /opt/st/stm32cubeide_1.14.0/plugins/com.st.stm32cube.ide.mcu.externaltools.gnu-tools-for-stm32.11.3.rel1.linux64_1.1.100.202309141235/tools/bin/../lib/gcc/arm-none-eabi/11.3.1/../../../../arm-none-eabi/lib/thumb/v7-m/nofp/libc_nano.a(libc_a-malloc.o)
                0x000000000800a860                malloc
 .text.free     0x000000000800a870       0x10 /opt/st/stm32cubeide_1.14.0/plugins/com.st.stm32cube.ide.mcu.externaltools.gnu-tools-for-stm32.11.3.rel1.linux64_1.1.100.202309141235/tools/bin/../lib/gcc/arm-none-eabi/11.3.1/../../../../arm-none-eabi/lib/thumb/v7-m/nofp/libc_nano.a(libc_a-malloc.o)
                0x000000000800a870                free
 .text.sbrk_aligned
                0x000000000800a880       0x40 /opt/st/stm32cubeide_1.14.0/plugins/com.st.stm32cube.ide.mcu.externaltools.gnu-tools-for-stm32.11.3.rel1.linux64_1.1.100.202309141235/tools/bin/../lib/gcc/arm-none-eabi/11.3.1/../../../../arm-none-eabi/lib/thumb/v7-m/nofp/libc_nano.a(libc_a-mallocr.o)
 .text._malloc_r
                0x000000000800a8c0      0x100 /opt/st/stm32cubeide_1.14.0/plugins/com.st.stm32cube.ide.mcu.externaltools.gnu-tools-for-stm32.11.3.rel1.linux64_1.1.100.202309141235/tools/bin/../lib/gcc/arm-none-eabi/11.3.1/../../../../arm-none-eabi/lib/thumb/v7-m/nofp/libc_nano.a(libc_a-mallocr.o)
                0x000000000800a8c0                _malloc_r
 .text.__malloc_lock
                0x000000000800a9c0        0xc /opt/st/stm32cubeide_1.14.0/plugins/com.st.stm32cube.ide.mcu.externaltools.gnu-tools-for-stm32.11.3.rel1.linux64_1.1.100.202309141235/tools/bin/../lib/gcc/arm-none-eabi/11.3.1/../../../../arm-none-eabi/lib/thumb/v7-m/nofp/libc_nano.a(libc_a-mlock.o)
                0x000000000800a9c0                __malloc_lock
 .text.__malloc_unlock
                0x000000000800a9cc        0xc /opt/st/stm32cubeide_1.14.0/plugins/com.st.stm32cube.ide.mcu.externaltools.gnu-tools-for-stm32.11.3.rel1.linux64_1.1.100.202309141235/tools/bin/../lib/gcc/arm-none-eabi/11.3.1/../../../../arm-none-eabi/lib/thumb/v7-m/nofp/libc_nano.a(libc_a-mlock.o)
                0x000000000800a9cc                __malloc_unlock
 .text.std      0x000000000800a9d8       0x6c /opt/st/stm32cubeide_1.14.0/plugins/com.st.stm32cube.ide.mcu.externaltools.gnu-tools-for-stm32.11.3.rel1.linux64_1.1.100.202309141235/tools/bin/../lib/gcc/arm-none-eabi/11.3.1/../../../../arm-none-eabi/lib/thumb/v7-m/nofp/libc_nano.a(libc_a-findfp.o)
 .text.stdio_exit_handler
                0x000000000800aa44       0x18 /opt/st/stm32cubeide_1.14.0/plugins/com.st.stm32cube.ide.mcu.externaltools.gnu-tools-for-stm32.11.3.rel1.linux64_1.1.100.202309141235/tools/bin/../lib/gcc/arm-none-eabi/11.3.1/../../../../arm-none-eabi/lib/thumb/v7-m/nofp/libc_nano.a(libc_a-findfp.o)
 .text.cleanup_stdio
                0x000000000800aa5c       0x40 /opt/st/stm32cubeide_1.14.0/plugins/com.st.stm32cube.ide.mcu.externaltools.gnu-tools-for-stm32.11.3.rel1.linux64_1.1.100.202309141235/tools/bin/../lib/gcc/arm-none-eabi/11.3.1/../../../../arm-none-eabi/lib/thumb/v7-m/nofp/libc_nano.a(libc_a-findfp.o)
 .text.global_stdio_init.part.0
                0x000000000800aa9c       0x3c /opt/st/stm32cubeide_1.14.0/plugins/com.st.stm32cube.ide.mcu.externaltools.gnu-tools-for-stm32.11.3.rel1.linux64_1.1.100.202309141235/tools/bin/../lib/gcc/arm-none-eabi/11.3.1/../../../../arm-none-eabi/lib/thumb/v7-m/nofp/libc_nano.a(libc_a-findfp.o)
 .text.__sfp_lock_acquire
                0x000000000800aad8        0xc /opt/st/stm32cubeide_1.14.0/plugins/com.st.stm32cube.ide.mcu.externaltools.gnu-tools-for-stm32.11.3.rel1.linux64_1.1.100.202309141235/tools/bin/../lib/gcc/arm-none-eabi/11.3.1/../../../../arm-none-eabi/lib/thumb/v7-m/nofp/libc_nano.a(libc_a-findfp.o)
                0x000000000800aad8                __sfp_lock_acquire
 .text.__sfp_lock_release
                0x000000000800aae4        0xc /opt/st/stm32cubeide_1.14.0/plugins/com.st.stm32cube.ide.mcu.externaltools.gnu-tools-for-stm32.11.3.rel1.linux64_1.1.100.202309141235/tools/bin/../lib/gcc/arm-none-eabi/11.3.1/../../../../arm-none-eabi/lib/thumb/v7-m/nofp/libc_nano.a(libc_a-findfp.o)
                0x000000000800aae4                __sfp_lock_release
 .text.__sinit  0x000000000800aaf0       0x30 /opt/st/stm32cubeide_1.14.0/plugins/com.st.stm32cube.ide.mcu.externaltools.gnu-tools-for-stm32.11.3.rel1.linux64_1.1.100.202309141235/tools/bin/../lib/gcc/arm-none-eabi/11.3.1/../../../../arm-none-eabi/lib/thumb/v7-m/nofp/libc_nano.a(libc_a-findfp.o)
                0x000000000800aaf0                __sinit
 .text.fprintf  0x000000000800ab20       0x24 /opt/st/stm32cubeide_1.14.0/plugins/com.st.stm32cube.ide.mcu.externaltools.gnu-tools-for-stm32.11.3.rel1.linux64_1.1.100.202309141235/tools/bin/../lib/gcc/arm-none-eabi/11.3.1/../../../../arm-none-eabi/lib/thumb/v7-m/nofp/libc_nano.a(libc_a-fprintf.o)
                0x000000000800ab20                fprintf
                0x000000000800ab20                fiprintf
 .text._fwalk_sglue
                0x000000000800ab44       0x3c /opt/st/stm32cubeide_1.14.0/plugins/com.st.stm32cube.ide.mcu.externaltools.gnu-tools-for-stm32.11.3.rel1.linux64_1.1.100.202309141235/tools/bin/../lib/gcc/arm-none-eabi/11.3.1/../../../../arm-none-eabi/lib/thumb/v7-m/nofp/libc_nano.a(libc_a-fwalk.o)
                0x000000000800ab44                _fwalk_sglue
 .text.printf   0x000000000800ab80       0x24 /opt/st/stm32cubeide_1.14.0/plugins/com.st.stm32cube.ide.mcu.externaltools.gnu-tools-for-stm32.11.3.rel1.linux64_1.1.100.202309141235/tools/bin/../lib/gcc/arm-none-eabi/11.3.1/../../../../arm-none-eabi/lib/thumb/v7-m/nofp/libc_nano.a(libc_a-printf.o)
                0x000000000800ab80                printf
                0x000000000800ab80                iprintf
 .text._puts_r  0x000000000800aba4       0xa8 /opt/st/stm32cubeide_1.14.0/plugins/com.st.stm32cube.ide.mcu.externaltools.gnu-tools-for-stm32.11.3.rel1.linux64_1.1.100.202309141235/tools/bin/../lib/gcc/arm-none-eabi/11.3.1/../../../../arm-none-eabi/lib/thumb/v7-m/nofp/libc_nano.a(libc_a-puts.o)
                0x000000000800aba4                _puts_r
 .text.puts     0x000000000800ac4c       0x10 /opt/st/stm32cubeide_1.14.0/plugins/com.st.stm32cube.ide.mcu.externaltools.gnu-tools-for-stm32.11.3.rel1.linux64_1.1.100.202309141235/tools/bin/../lib/gcc/arm-none-eabi/11.3.1/../../../../arm-none-eabi/lib/thumb/v7-m/nofp/libc_nano.a(libc_a-puts.o)
                0x000000000800ac4c                puts
 .text.__sread  0x000000000800ac5c       0x22 /opt/st/stm32cubeide_1.14.0/plugins/com.st.stm32cube.ide.mcu.externaltools.gnu-tools-for-stm32.11.3.rel1.linux64_1.1.100.202309141235/tools/bin/../lib/gcc/arm-none-eabi/11.3.1/../../../../arm-none-eabi/lib/thumb/v7-m/nofp/libc_nano.a(libc_a-stdio.o)
                0x000000000800ac5c                __sread
 .text.__swrite
                0x000000000800ac7e       0x38 /opt/st/stm32cubeide_1.14.0/plugins/com.st.stm32cube.ide.mcu.externaltools.gnu-tools-for-stm32.11.3.rel1.linux64_1.1.100.202309141235/tools/bin/../lib/gcc/arm-none-eabi/11.3.1/../../../../arm-none-eabi/lib/thumb/v7-m/nofp/libc_nano.a(libc_a-stdio.o)
                0x000000000800ac7e                __swrite
 .text.__sseek  0x000000000800acb6       0x24 /opt/st/stm32cubeide_1.14.0/plugins/com.st.stm32cube.ide.mcu.externaltools.gnu-tools-for-stm32.11.3.rel1.linux64_1.1.100.202309141235/tools/bin/../lib/gcc/arm-none-eabi/11.3.1/../../../../arm-none-eabi/lib/thumb/v7-m/nofp/libc_nano.a(libc_a-stdio.o)
                0x000000000800acb6                __sseek
 .text.__sclose
                0x000000000800acda        0x8 /opt/st/stm32cubeide_1.14.0/plugins/com.st.stm32cube.ide.mcu.externaltools.gnu-tools-for-stm32.11.3.rel1.linux64_1.1.100.202309141235/tools/bin/../lib/gcc/arm-none-eabi/11.3.1/../../../../arm-none-eabi/lib/thumb/v7-m/nofp/libc_nano.a(libc_a-stdio.o)
                0x000000000800acda                __sclose
 .text.__swbuf_r
                0x000000000800ace2       0x7a /opt/st/stm32cubeide_1.14.0/plugins/com.st.stm32cube.ide.mcu.externaltools.gnu-tools-for-stm32.11.3.rel1.linux64_1.1.100.202309141235/tools/bin/../lib/gcc/arm-none-eabi/11.3.1/../../../../arm-none-eabi/lib/thumb/v7-m/nofp/libc_nano.a(libc_a-wbuf.o)
                0x000000000800ace2                __swbuf_r
 .text.__swsetup_r
                0x000000000800ad5c       0xb0 /opt/st/stm32cubeide_1.14.0/plugins/com.st.stm32cube.ide.mcu.externaltools.gnu-tools-for-stm32.11.3.rel1.linux64_1.1.100.202309141235/tools/bin/../lib/gcc/arm-none-eabi/11.3.1/../../../../arm-none-eabi/lib/thumb/v7-m/nofp/libc_nano.a(libc_a-wsetup.o)
                0x000000000800ad5c                __swsetup_r
 .text.memcmp   0x000000000800ae0c       0x20 /opt/st/stm32cubeide_1.14.0/plugins/com.st.stm32cube.ide.mcu.externaltools.gnu-tools-for-stm32.11.3.rel1.linux64_1.1.100.202309141235/tools/bin/../lib/gcc/arm-none-eabi/11.3.1/../../../../arm-none-eabi/lib/thumb/v7-m/nofp/libc_nano.a(libc_a-memcmp.o)
                0x000000000800ae0c                memcmp
 .text.memset   0x000000000800ae2c       0x10 /opt/st/stm32cubeide_1.14.0/plugins/com.st.stm32cube.ide.mcu.externaltools.gnu-tools-for-stm32.11.3.rel1.linux64_1.1.100.202309141235/tools/bin/../lib/gcc/arm-none-eabi/11.3.1/../../../../arm-none-eabi/lib/thumb/v7-m/nofp/libc_nano.a(libc_a-memset.o)
                0x000000000800ae2c                memset
 .text.strcat   0x000000000800ae3c       0x1e /opt/st/stm32cubeide_1.14.0/plugins/com.st.stm32cube.ide.mcu.externaltools.gnu-tools-for-stm32.11.3.rel1.linux64_1.1.100.202309141235/tools/bin/../lib/gcc/arm-none-eabi/11.3.1/../../../../arm-none-eabi/lib/thumb/v7-m/nofp/libc_nano.a(libc_a-strcat.o)
                0x000000000800ae3c                strcat
 .text.strchr   0x000000000800ae5a       0x1a /opt/st/stm32cubeide_1.14.0/plugins/com.st.stm32cube.ide.mcu.externaltools.gnu-tools-for-stm32.11.3.rel1.linux64_1.1.100.202309141235/tools/bin/../lib/gcc/arm-none-eabi/11.3.1/../../../../arm-none-eabi/lib/thumb/v7-m/nofp/libc_nano.a(libc_a-strchr.o)
                0x000000000800ae5a                strchr
 .text.strcspn  0x000000000800ae74       0x22 /opt/st/stm32cubeide_1.14.0/plugins/com.st.stm32cube.ide.mcu.externaltools.gnu-tools-for-stm32.11.3.rel1.linux64_1.1.100.202309141235/tools/bin/../lib/gcc/arm-none-eabi/11.3.1/../../../../arm-none-eabi/lib/thumb/v7-m/nofp/libc_nano.a(libc_a-strcspn.o)
                0x000000000800ae74                strcspn
 .text.strspn   0x000000000800ae96       0x20 /opt/st/stm32cubeide_1.14.0/plugins/com.st.stm32cube.ide.mcu.externaltools.gnu-tools-for-stm32.11.3.rel1.linux64_1.1.100.202309141235/tools/bin/../lib/gcc/arm-none-eabi/11.3.1/../../../../arm-none-eabi/lib/thumb/v7-m/nofp/libc_nano.a(libc_a-strspn.o)
                0x000000000800ae96                strspn
 *fill*         0x000000000800aeb6        0x2 
 .text._close_r
                0x000000000800aeb8       0x20 /opt/st/stm32cubeide_1.14.0/plugins/com.st.stm32cube.ide.mcu.externaltools.gnu-tools-for-stm32.11.3.rel1.linux64_1.1.100.202309141235/tools/bin/../lib/gcc/arm-none-eabi/11.3.1/../../../../arm-none-eabi/lib/thumb/v7-m/nofp/libc_nano.a(libc_a-closer.o)
                0x000000000800aeb8                _close_r
 .text._lseek_r
                0x000000000800aed8       0x24 /opt/st/stm32cubeide_1.14.0/plugins/com.st.stm32cube.ide.mcu.externaltools.gnu-tools-for-stm32.11.3.rel1.linux64_1.1.100.202309141235/tools/bin/../lib/gcc/arm-none-eabi/11.3.1/../../../../arm-none-eabi/lib/thumb/v7-m/nofp/libc_nano.a(libc_a-lseekr.o)
                0x000000000800aed8                _lseek_r
 .text._read_r  0x000000000800aefc       0x24 /opt/st/stm32cubeide_1.14.0/plugins/com.st.stm32cube.ide.mcu.externaltools.gnu-tools-for-stm32.11.3.rel1.linux64_1.1.100.202309141235/tools/bin/../lib/gcc/arm-none-eabi/11.3.1/../../../../arm-none-eabi/lib/thumb/v7-m/nofp/libc_nano.a(libc_a-readr.o)
                0x000000000800aefc                _read_r
 .text._sbrk_r  0x000000000800af20       0x20 /opt/st/stm32cubeide_1.14.0/plugins/com.st.stm32cube.ide.mcu.externaltools.gnu-tools-for-stm32.11.3.rel1.linux64_1.1.100.202309141235/tools/bin/../lib/gcc/arm-none-eabi/11.3.1/../../../../arm-none-eabi/lib/thumb/v7-m/nofp/libc_nano.a(libc_a-sbrkr.o)
                0x000000000800af20                _sbrk_r
 .text._write_r
                0x000000000800af40       0x24 /opt/st/stm32cubeide_1.14.0/plugins/com.st.stm32cube.ide.mcu.externaltools.gnu-tools-for-stm32.11.3.rel1.linux64_1.1.100.202309141235/tools/bin/../lib/gcc/arm-none-eabi/11.3.1/../../../../arm-none-eabi/lib/thumb/v7-m/nofp/libc_nano.a(libc_a-writer.o)
                0x000000000800af40                _write_r
 .text.__errno  0x000000000800af64        0xc /opt/st/stm32cubeide_1.14.0/plugins/com.st.stm32cube.ide.mcu.externaltools.gnu-tools-for-stm32.11.3.rel1.linux64_1.1.100.202309141235/tools/bin/../lib/gcc/arm-none-eabi/11.3.1/../../../../arm-none-eabi/lib/thumb/v7-m/nofp/libc_nano.a(libc_a-errno.o)
                0x000000000800af64                __errno
 .text.__libc_init_array
                0x000000000800af70       0x48 /opt/st/stm32cubeide_1.14.0/plugins/com.st.stm32cube.ide.mcu.externaltools.gnu-tools-for-stm32.11.3.rel1.linux64_1.1.100.202309141235/tools/bin/../lib/gcc/arm-none-eabi/11.3.1/../../../../arm-none-eabi/lib/thumb/v7-m/nofp/libc_nano.a(libc_a-init.o)
                0x000000000800af70                __libc_init_array
 .text.__retarget_lock_init_recursive
                0x000000000800afb8        0x2 /opt/st/stm32cubeide_1.14.0/plugins/com.st.stm32cube.ide.mcu.externaltools.gnu-tools-for-stm32.11.3.rel1.linux64_1.1.100.202309141235/tools/bin/../lib/gcc/arm-none-eabi/11.3.1/../../../../arm-none-eabi/lib/thumb/v7-m/nofp/libc_nano.a(libc_a-lock.o)
                0x000000000800afb8                __retarget_lock_init_recursive
 .text.__retarget_lock_acquire_recursive
                0x000000000800afba        0x2 /opt/st/stm32cubeide_1.14.0/plugins/com.st.stm32cube.ide.mcu.externaltools.gnu-tools-for-stm32.11.3.rel1.linux64_1.1.100.202309141235/tools/bin/../lib/gcc/arm-none-eabi/11.3.1/../../../../arm-none-eabi/lib/thumb/v7-m/nofp/libc_nano.a(libc_a-lock.o)
                0x000000000800afba                __retarget_lock_acquire_recursive
 .text.__retarget_lock_release_recursive
                0x000000000800afbc        0x2 /opt/st/stm32cubeide_1.14.0/plugins/com.st.stm32cube.ide.mcu.externaltools.gnu-tools-for-stm32.11.3.rel1.linux64_1.1.100.202309141235/tools/bin/../lib/gcc/arm-none-eabi/11.3.1/../../../../arm-none-eabi/lib/thumb/v7-m/nofp/libc_nano.a(libc_a-lock.o)
                0x000000000800afbc                __retarget_lock_release_recursive
 .text.strcpy   0x000000000800afbe       0x10 /opt/st/stm32cubeide_1.14.0/plugins/com.st.stm32cube.ide.mcu.externaltools.gnu-tools-for-stm32.11.3.rel1.linux64_1.1.100.202309141235/tools/bin/../lib/gcc/arm-none-eabi/11.3.1/../../../../arm-none-eabi/lib/thumb/v7-m/nofp/libc_nano.a(libc_a-strcpy.o)
                0x000000000800afbe                strcpy
 .text.memcpy   0x000000000800afce       0x1c /opt/st/stm32cubeide_1.14.0/plugins/com.st.stm32cube.ide.mcu.externaltools.gnu-tools-for-stm32.11.3.rel1.linux64_1.1.100.202309141235/tools/bin/../lib/gcc/arm-none-eabi/11.3.1/../../../../arm-none-eabi/lib/thumb/v7-m/nofp/libc_nano.a(libc_a-memcpy-stub.o)
                0x000000000800afce                memcpy
 .text.abort    0x000000000800afea        0xe /opt/st/stm32cubeide_1.14.0/plugins/com.st.stm32cube.ide.mcu.externaltools.gnu-tools-for-stm32.11.3.rel1.linux64_1.1.100.202309141235/tools/bin/../lib/gcc/arm-none-eabi/11.3.1/../../../../arm-none-eabi/lib/thumb/v7-m/nofp/libc_nano.a(libc_a-abort.o)
                0x000000000800afea                abort
 .text._free_r  0x000000000800aff8       0x90 /opt/st/stm32cubeide_1.14.0/plugins/com.st.stm32cube.ide.mcu.externaltools.gnu-tools-for-stm32.11.3.rel1.linux64_1.1.100.202309141235/tools/bin/../lib/gcc/arm-none-eabi/11.3.1/../../../../arm-none-eabi/lib/thumb/v7-m/nofp/libc_nano.a(libc_a-freer.o)
                0x000000000800aff8                _free_r
 .text.__sfputc_r
                0x000000000800b088       0x2a /opt/st/stm32cubeide_1.14.0/plugins/com.st.stm32cube.ide.mcu.externaltools.gnu-tools-for-stm32.11.3.rel1.linux64_1.1.100.202309141235/tools/bin/../lib/gcc/arm-none-eabi/11.3.1/../../../../arm-none-eabi/lib/thumb/v7-m/nofp/libc_nano.a(libc_a-nano-vfprintf.o)
 .text.__sfputs_r
                0x000000000800b0b2       0x24 /opt/st/stm32cubeide_1.14.0/plugins/com.st.stm32cube.ide.mcu.externaltools.gnu-tools-for-stm32.11.3.rel1.linux64_1.1.100.202309141235/tools/bin/../lib/gcc/arm-none-eabi/11.3.1/../../../../arm-none-eabi/lib/thumb/v7-m/nofp/libc_nano.a(libc_a-nano-vfprintf.o)
                0x000000000800b0b2                __sfputs_r
 *fill*         0x000000000800b0d6        0x2 
 .text._vfprintf_r
                0x000000000800b0d8      0x234 /opt/st/stm32cubeide_1.14.0/plugins/com.st.stm32cube.ide.mcu.externaltools.gnu-tools-for-stm32.11.3.rel1.linux64_1.1.100.202309141235/tools/bin/../lib/gcc/arm-none-eabi/11.3.1/../../../../arm-none-eabi/lib/thumb/v7-m/nofp/libc_nano.a(libc_a-nano-vfprintf.o)
                0x000000000800b0d8                _vfiprintf_r
                0x000000000800b0d8                _vfprintf_r
 .text._printf_common
                0x000000000800b30c       0xe4 /opt/st/stm32cubeide_1.14.0/plugins/com.st.stm32cube.ide.mcu.externaltools.gnu-tools-for-stm32.11.3.rel1.linux64_1.1.100.202309141235/tools/bin/../lib/gcc/arm-none-eabi/11.3.1/../../../../arm-none-eabi/lib/thumb/v7-m/nofp/libc_nano.a(libc_a-nano-vfprintf_i.o)
                0x000000000800b30c                _printf_common
 .text._printf_i
                0x000000000800b3f0      0x244 /opt/st/stm32cubeide_1.14.0/plugins/com.st.stm32cube.ide.mcu.externaltools.gnu-tools-for-stm32.11.3.rel1.linux64_1.1.100.202309141235/tools/bin/../lib/gcc/arm-none-eabi/11.3.1/../../../../arm-none-eabi/lib/thumb/v7-m/nofp/libc_nano.a(libc_a-nano-vfprintf_i.o)
                0x000000000800b3f0                _printf_i
 .text.__sflush_r
                0x000000000800b634      0x104 /opt/st/stm32cubeide_1.14.0/plugins/com.st.stm32cube.ide.mcu.externaltools.gnu-tools-for-stm32.11.3.rel1.linux64_1.1.100.202309141235/tools/bin/../lib/gcc/arm-none-eabi/11.3.1/../../../../arm-none-eabi/lib/thumb/v7-m/nofp/libc_nano.a(libc_a-fflush.o)
                0x000000000800b634                __sflush_r
 .text._fflush_r
                0x000000000800b738       0x50 /opt/st/stm32cubeide_1.14.0/plugins/com.st.stm32cube.ide.mcu.externaltools.gnu-tools-for-stm32.11.3.rel1.linux64_1.1.100.202309141235/tools/bin/../lib/gcc/arm-none-eabi/11.3.1/../../../../arm-none-eabi/lib/thumb/v7-m/nofp/libc_nano.a(libc_a-fflush.o)
                0x000000000800b738                _fflush_r
 .text.__swhatbuf_r
                0x000000000800b788       0x4a /opt/st/stm32cubeide_1.14.0/plugins/com.st.stm32cube.ide.mcu.externaltools.gnu-tools-for-stm32.11.3.rel1.linux64_1.1.100.202309141235/tools/bin/../lib/gcc/arm-none-eabi/11.3.1/../../../../arm-none-eabi/lib/thumb/v7-m/nofp/libc_nano.a(libc_a-makebuf.o)
                0x000000000800b788                __swhatbuf_r
 .text.__smakebuf_r
                0x000000000800b7d2       0x78 /opt/st/stm32cubeide_1.14.0/plugins/com.st.stm32cube.ide.mcu.externaltools.gnu-tools-for-stm32.11.3.rel1.linux64_1.1.100.202309141235/tools/bin/../lib/gcc/arm-none-eabi/11.3.1/../../../../arm-none-eabi/lib/thumb/v7-m/nofp/libc_nano.a(libc_a-makebuf.o)
                0x000000000800b7d2                __smakebuf_r
 .text._raise_r
                0x000000000800b84a       0x50 /opt/st/stm32cubeide_1.14.0/plugins/com.st.stm32cube.ide.mcu.externaltools.gnu-tools-for-stm32.11.3.rel1.linux64_1.1.100.202309141235/tools/bin/../lib/gcc/arm-none-eabi/11.3.1/../../../../arm-none-eabi/lib/thumb/v7-m/nofp/libc_nano.a(libc_a-signal.o)
                0x000000000800b84a                _raise_r
 *fill*         0x000000000800b89a        0x2 
 .text.raise    0x000000000800b89c       0x10 /opt/st/stm32cubeide_1.14.0/plugins/com.st.stm32cube.ide.mcu.externaltools.gnu-tools-for-stm32.11.3.rel1.linux64_1.1.100.202309141235/tools/bin/../lib/gcc/arm-none-eabi/11.3.1/../../../../arm-none-eabi/lib/thumb/v7-m/nofp/libc_nano.a(libc_a-signal.o)
                0x000000000800b89c                raise
 .text._fstat_r
                0x000000000800b8ac       0x24 /opt/st/stm32cubeide_1.14.0/plugins/com.st.stm32cube.ide.mcu.externaltools.gnu-tools-for-stm32.11.3.rel1.linux64_1.1.100.202309141235/tools/bin/../lib/gcc/arm-none-eabi/11.3.1/../../../../arm-none-eabi/lib/thumb/v7-m/nofp/libc_nano.a(libc_a-fstatr.o)
                0x000000000800b8ac                _fstat_r
 .text._isatty_r
                0x000000000800b8d0       0x20 /opt/st/stm32cubeide_1.14.0/plugins/com.st.stm32cube.ide.mcu.externaltools.gnu-tools-for-stm32.11.3.rel1.linux64_1.1.100.202309141235/tools/bin/../lib/gcc/arm-none-eabi/11.3.1/../../../../arm-none-eabi/lib/thumb/v7-m/nofp/libc_nano.a(libc_a-isattyr.o)
                0x000000000800b8d0                _isatty_r
 .text._kill_r  0x000000000800b8f0       0x24 /opt/st/stm32cubeide_1.14.0/plugins/com.st.stm32cube.ide.mcu.externaltools.gnu-tools-for-stm32.11.3.rel1.linux64_1.1.100.202309141235/tools/bin/../lib/gcc/arm-none-eabi/11.3.1/../../../../arm-none-eabi/lib/thumb/v7-m/nofp/libc_nano.a(libc_a-signalr.o)
                0x000000000800b8f0                _kill_r
 .text._getpid_r
                0x000000000800b914        0x4 /opt/st/stm32cubeide_1.14.0/plugins/com.st.stm32cube.ide.mcu.externaltools.gnu-tools-for-stm32.11.3.rel1.linux64_1.1.100.202309141235/tools/bin/../lib/gcc/arm-none-eabi/11.3.1/../../../../arm-none-eabi/lib/thumb/v7-m/nofp/libc_nano.a(libc_a-signalr.o)
                0x000000000800b914                _getpid_r
 .text.memchr   0x000000000800b918       0x1c /opt/st/stm32cubeide_1.14.0/plugins/com.st.stm32cube.ide.mcu.externaltools.gnu-tools-for-stm32.11.3.rel1.linux64_1.1.100.202309141235/tools/bin/../lib/gcc/arm-none-eabi/11.3.1/../../../../arm-none-eabi/lib/thumb/v7-m/nofp/libc_nano.a(libc_a-memchr-stub.o)
                0x000000000800b918                memchr
 *(.glue_7)
 .glue_7        0x000000000800b934        0x0 linker stubs
 *(.glue_7t)
 .glue_7t       0x000000000800b934        0x0 linker stubs
 *(.eh_frame)
 .eh_frame      0x000000000800b934        0x0 /opt/st/stm32cubeide_1.14.0/plugins/com.st.stm32cube.ide.mcu.externaltools.gnu-tools-for-stm32.11.3.rel1.linux64_1.1.100.202309141235/tools/bin/../lib/gcc/arm-none-eabi/11.3.1/thumb/v7-m/nofp/crtbegin.o
 *(.init)
 .init          0x000000000800b934        0x4 /opt/st/stm32cubeide_1.14.0/plugins/com.st.stm32cube.ide.mcu.externaltools.gnu-tools-for-stm32.11.3.rel1.linux64_1.1.100.202309141235/tools/bin/../lib/gcc/arm-none-eabi/11.3.1/thumb/v7-m/nofp/crti.o
                0x000000000800b934                _init
 .init          0x000000000800b938        0x8 /opt/st/stm32cubeide_1.14.0/plugins/com.st.stm32cube.ide.mcu.externaltools.gnu-tools-for-stm32.11.3.rel1.linux64_1.1.100.202309141235/tools/bin/../lib/gcc/arm-none-eabi/11.3.1/thumb/v7-m/nofp/crtn.o
 *(.fini)
 .fini          0x000000000800b940        0x4 /opt/st/stm32cubeide_1.14.0/plugins/com.st.stm32cube.ide.mcu.externaltools.gnu-tools-for-stm32.11.3.rel1.linux64_1.1.100.202309141235/tools/bin/../lib/gcc/arm-none-eabi/11.3.1/thumb/v7-m/nofp/crti.o
                0x000000000800b940                _fini
 .fini          0x000000000800b944        0x8 /opt/st/stm32cubeide_1.14.0/plugins/com.st.stm32cube.ide.mcu.externaltools.gnu-tools-for-stm32.11.3.rel1.linux64_1.1.100.202309141235/tools/bin/../lib/gcc/arm-none-eabi/11.3.1/thumb/v7-m/nofp/crtn.o
                0x000000000800b94c                . = ALIGN (0x4)
                0x000000000800b94c                _etext = .

.vfp11_veneer   0x000000000800b94c        0x0
 .vfp11_veneer  0x000000000800b94c        0x0 linker stubs

.v4_bx          0x000000000800b94c        0x0
 .v4_bx         0x000000000800b94c        0x0 linker stubs

.iplt           0x000000000800b94c        0x0
 .iplt          0x000000000800b94c        0x0 /opt/st/stm32cubeide_1.14.0/plugins/com.st.stm32cube.ide.mcu.externaltools.gnu-tools-for-stm32.11.3.rel1.linux64_1.1.100.202309141235/tools/bin/../lib/gcc/arm-none-eabi/11.3.1/thumb/v7-m/nofp/crtbegin.o

.rodata         0x000000000800b94c     0x1594
                0x000000000800b94c                . = ALIGN (0x4)
 *(.rodata)
 .rodata        0x000000000800b94c       0x13 ./Core/Src/main.o
 *fill*         0x000000000800b95f        0x1 
 .rodata        0x000000000800b960      0xc5a ./Core/littlefs/lfs.o
 *fill*         0x000000000800c5ba        0x2 
 .rodata        0x000000000800c5bc      0x41e ./Core/spif/src/spif.o
 *fill*         0x000000000800c9da        0x2 
 .rodata        0x000000000800c9dc      0x231 ./Core/storage/storage.o
 *(.rodata*)
 *fill*         0x000000000800cc0d        0x3 
 .rodata.AHBPrescTable
                0x000000000800cc10       0x10 ./Core/Src/system_stm32f1xx.o
                0x000000000800cc10                AHBPrescTable
 .rodata.APBPrescTable
                0x000000000800cc20        0x8 ./Core/Src/system_stm32f1xx.o
                0x000000000800cc20                APBPrescTable
 .rodata.__func__.28
                0x000000000800cc28        0xc ./Core/littlefs/lfs.o
 .rodata.__func__.27
                0x000000000800cc34        0xd ./Core/littlefs/lfs.o
 *fill*         0x000000000800cc41        0x3 
 .rodata.__func__.26
                0x000000000800cc44        0xc ./Core/littlefs/lfs.o
 .rodata.__func__.25
                0x000000000800cc50        0xc ./Core/littlefs/lfs.o
 .rodata.__func__.24
                0x000000000800cc5c        0xd ./Core/littlefs/lfs.o
 *fill*         0x000000000800cc69        0x3 
 .rodata.__func__.23
                0x000000000800cc6c       0x11 ./Core/littlefs/lfs.o
 *fill*         0x000000000800cc7d        0x3 
 .rodata.__func__.22
                0x000000000800cc80       0x10 ./Core/littlefs/lfs.o
 .rodata.__func__.21
                0x000000000800cc90       0x19 ./Core/littlefs/lfs.o
 *fill*         0x000000000800cca9        0x3 
 .rodata.__func__.20
                0x000000000800ccac       0x18 ./Core/littlefs/lfs.o
 .rodata.defaults.19
                0x000000000800ccc4        0xc ./Core/littlefs/lfs.o
 .rodata.__func__.18
                0x000000000800ccd0        0xf ./Core/littlefs/lfs.o
 *fill*         0x000000000800ccdf        0x1 
 .rodata.__func__.17
                0x000000000800cce0       0x10 ./Core/littlefs/lfs.o
 .rodata.__func__.15
                0x000000000800ccf0        0x9 ./Core/littlefs/lfs.o
 *fill*         0x000000000800ccf9        0x3 
 .rodata.__func__.14
                0x000000000800ccfc        0xc ./Core/littlefs/lfs.o
 .rodata.__func__.13
                0x000000000800cd08       0x13 ./Core/littlefs/lfs.o
 *fill*         0x000000000800cd1b        0x1 
 .rodata.__func__.12
                0x000000000800cd1c        0xe ./Core/littlefs/lfs.o
 *fill*         0x000000000800cd2a        0x2 
 .rodata.__func__.10
                0x000000000800cd2c        0xe ./Core/littlefs/lfs.o
 *fill*         0x000000000800cd3a        0x2 
 .rodata.__func__.8
                0x000000000800cd3c        0xf ./Core/littlefs/lfs.o
 *fill*         0x000000000800cd4b        0x1 
 .rodata.__func__.6
                0x000000000800cd4c        0xe ./Core/littlefs/lfs.o
 *fill*         0x000000000800cd5a        0x2 
 .rodata.__func__.5
                0x000000000800cd5c        0xf ./Core/littlefs/lfs.o
 *fill*         0x000000000800cd6b        0x1 
 .rodata.rtable.0
                0x000000000800cd6c       0x40 ./Core/littlefs/lfs_util.o
 .rodata.vts_info
                0x000000000800cdac       0x5f ./Core/storage/storage.o
                0x000000000800cdac                vts_info
 *fill*         0x000000000800ce0b        0x1 
 .rodata.info_keys
                0x000000000800ce0c       0x50 ./Core/storage/storage.o
                0x000000000800ce0c                info_keys
 .rodata.aPLLMULFactorTable.1
                0x000000000800ce5c       0x10 ./Drivers/STM32F1xx_HAL_Driver/Src/stm32f1xx_hal_rcc.o
 .rodata.aPredivFactorTable.0
                0x000000000800ce6c        0x2 ./Drivers/STM32F1xx_HAL_Driver/Src/stm32f1xx_hal_rcc.o
 .rodata.__assert_func.str1.1
                0x000000000800ce6e       0x3c /opt/st/stm32cubeide_1.14.0/plugins/com.st.stm32cube.ide.mcu.externaltools.gnu-tools-for-stm32.11.3.rel1.linux64_1.1.100.202309141235/tools/bin/../lib/gcc/arm-none-eabi/11.3.1/../../../../arm-none-eabi/lib/thumb/v7-m/nofp/libc_nano.a(libc_a-assert.o)
                                         0x3d (size before relaxing)
 .rodata._vfprintf_r.str1.1
                0x000000000800ceaa       0x11 /opt/st/stm32cubeide_1.14.0/plugins/com.st.stm32cube.ide.mcu.externaltools.gnu-tools-for-stm32.11.3.rel1.linux64_1.1.100.202309141235/tools/bin/../lib/gcc/arm-none-eabi/11.3.1/../../../../arm-none-eabi/lib/thumb/v7-m/nofp/libc_nano.a(libc_a-nano-vfprintf.o)
 .rodata._printf_i.str1.1
                0x000000000800cebb       0x22 /opt/st/stm32cubeide_1.14.0/plugins/com.st.stm32cube.ide.mcu.externaltools.gnu-tools-for-stm32.11.3.rel1.linux64_1.1.100.202309141235/tools/bin/../lib/gcc/arm-none-eabi/11.3.1/../../../../arm-none-eabi/lib/thumb/v7-m/nofp/libc_nano.a(libc_a-nano-vfprintf_i.o)
                0x000000000800cee0                . = ALIGN (0x4)
 *fill*         0x000000000800cedd        0x3 

.rel.dyn        0x000000000800cee0        0x0
 .rel.iplt      0x000000000800cee0        0x0 /opt/st/stm32cubeide_1.14.0/plugins/com.st.stm32cube.ide.mcu.externaltools.gnu-tools-for-stm32.11.3.rel1.linux64_1.1.100.202309141235/tools/bin/../lib/gcc/arm-none-eabi/11.3.1/thumb/v7-m/nofp/crtbegin.o

.ARM.extab      0x000000000800cee0        0x0
                0x000000000800cee0                . = ALIGN (0x4)
 *(.ARM.extab* .gnu.linkonce.armextab.*)
                0x000000000800cee0                . = ALIGN (0x4)

.ARM            0x000000000800cee0        0x0
                0x000000000800cee0                . = ALIGN (0x4)
                0x000000000800cee0                __exidx_start = .
 *(.ARM.exidx*)
                0x000000000800cee0                __exidx_end = .
                0x000000000800cee0                . = ALIGN (0x4)

.preinit_array  0x000000000800cee0        0x0
                0x000000000800cee0                . = ALIGN (0x4)
                0x000000000800cee0                PROVIDE (__preinit_array_start = .)
 *(.preinit_array*)
                0x000000000800cee0                PROVIDE (__preinit_array_end = .)
                0x000000000800cee0                . = ALIGN (0x4)

.init_array     0x000000000800cee0        0x4
                0x000000000800cee0                . = ALIGN (0x4)
                0x000000000800cee0                PROVIDE (__init_array_start = .)
 *(SORT_BY_NAME(.init_array.*))
 *(.init_array*)
 .init_array    0x000000000800cee0        0x4 /opt/st/stm32cubeide_1.14.0/plugins/com.st.stm32cube.ide.mcu.externaltools.gnu-tools-for-stm32.11.3.rel1.linux64_1.1.100.202309141235/tools/bin/../lib/gcc/arm-none-eabi/11.3.1/thumb/v7-m/nofp/crtbegin.o
                0x000000000800cee4                PROVIDE (__init_array_end = .)
                0x000000000800cee4                . = ALIGN (0x4)

.fini_array     0x000000000800cee4        0x4
                0x000000000800cee4                . = ALIGN (0x4)
                [!provide]                        PROVIDE (__fini_array_start = .)
 *(SORT_BY_NAME(.fini_array.*))
 *(.fini_array*)
 .fini_array    0x000000000800cee4        0x4 /opt/st/stm32cubeide_1.14.0/plugins/com.st.stm32cube.ide.mcu.externaltools.gnu-tools-for-stm32.11.3.rel1.linux64_1.1.100.202309141235/tools/bin/../lib/gcc/arm-none-eabi/11.3.1/thumb/v7-m/nofp/crtbegin.o
                [!provide]                        PROVIDE (__fini_array_end = .)
                0x000000000800cee8                . = ALIGN (0x4)
                0x000000000800cee8                _sidata = LOADADDR (.data)

.data           0x0000000020000000       0xdc load address 0x000000000800cee8
                0x0000000020000000                . = ALIGN (0x4)
                0x0000000020000000                _sdata = .
 *(.data)
 *(.data*)
 .data.SystemCoreClock
                0x0000000020000000        0x4 ./Core/Src/system_stm32f1xx.o
                0x0000000020000000                SystemCoreClock
 .data.spif_handle
                0x0000000020000004       0x20 ./Core/storage/storage.o
                0x0000000020000004                spif_handle
 .data.littlefs_config
                0x0000000020000024       0x54 ./Core/storage/storage.o
                0x0000000020000024                littlefs_config
 .data.uwTickPrio
                0x0000000020000078        0x4 ./Drivers/STM32F1xx_HAL_Driver/Src/stm32f1xx_hal.o
                0x0000000020000078                uwTickPrio
 .data.uwTickFreq
                0x000000002000007c        0x1 ./Drivers/STM32F1xx_HAL_Driver/Src/stm32f1xx_hal.o
                0x000000002000007c                uwTickFreq
 *fill*         0x000000002000007d        0x3 
 .data.__sglue  0x0000000020000080        0xc /opt/st/stm32cubeide_1.14.0/plugins/com.st.stm32cube.ide.mcu.externaltools.gnu-tools-for-stm32.11.3.rel1.linux64_1.1.100.202309141235/tools/bin/../lib/gcc/arm-none-eabi/11.3.1/../../../../arm-none-eabi/lib/thumb/v7-m/nofp/libc_nano.a(libc_a-findfp.o)
                0x0000000020000080                __sglue
 .data._impure_data
                0x000000002000008c       0x4c /opt/st/stm32cubeide_1.14.0/plugins/com.st.stm32cube.ide.mcu.externaltools.gnu-tools-for-stm32.11.3.rel1.linux64_1.1.100.202309141235/tools/bin/../lib/gcc/arm-none-eabi/11.3.1/../../../../arm-none-eabi/lib/thumb/v7-m/nofp/libc_nano.a(libc_a-impure.o)
                0x000000002000008c                _impure_data
 .data._impure_ptr
                0x00000000200000d8        0x4 /opt/st/stm32cubeide_1.14.0/plugins/com.st.stm32cube.ide.mcu.externaltools.gnu-tools-for-stm32.11.3.rel1.linux64_1.1.100.202309141235/tools/bin/../lib/gcc/arm-none-eabi/11.3.1/../../../../arm-none-eabi/lib/thumb/v7-m/nofp/libc_nano.a(libc_a-impure.o)
                0x00000000200000d8                _impure_ptr
 *(.RamFunc)
 *(.RamFunc*)
                0x00000000200000dc                . = ALIGN (0x4)
                0x00000000200000dc                _edata = .

.igot.plt       0x00000000200000dc        0x0 load address 0x000000000800cfc4
 .igot.plt      0x00000000200000dc        0x0 /opt/st/stm32cubeide_1.14.0/plugins/com.st.stm32cube.ide.mcu.externaltools.gnu-tools-for-stm32.11.3.rel1.linux64_1.1.100.202309141235/tools/bin/../lib/gcc/arm-none-eabi/11.3.1/thumb/v7-m/nofp/crtbegin.o
                0x00000000200000dc                . = ALIGN (0x4)

.bss            0x00000000200000dc      0x290 load address 0x000000000800cfc4
                0x00000000200000dc                _sbss = .
                0x00000000200000dc                __bss_start__ = _sbss
 *(.bss)
 .bss           0x00000000200000dc       0x1c /opt/st/stm32cubeide_1.14.0/plugins/com.st.stm32cube.ide.mcu.externaltools.gnu-tools-for-stm32.11.3.rel1.linux64_1.1.100.202309141235/tools/bin/../lib/gcc/arm-none-eabi/11.3.1/thumb/v7-m/nofp/crtbegin.o
 *(.bss*)
 .bss.hspi1     0x00000000200000f8       0x58 ./Core/Src/main.o
                0x00000000200000f8                hspi1
 .bss.huart3    0x0000000020000150       0x48 ./Core/Src/main.o
                0x0000000020000150                huart3
 .bss.__sbrk_heap_end
                0x0000000020000198        0x4 ./Core/Src/sysmem.o
 .bss.littlefs  0x000000002000019c       0x80 ./Core/storage/storage.o
                0x000000002000019c                littlefs
 .bss.uwTick    0x000000002000021c        0x4 ./Drivers/STM32F1xx_HAL_Driver/Src/stm32f1xx_hal.o
                0x000000002000021c                uwTick
 .bss.__malloc_free_list
                0x0000000020000220        0x4 /opt/st/stm32cubeide_1.14.0/plugins/com.st.stm32cube.ide.mcu.externaltools.gnu-tools-for-stm32.11.3.rel1.linux64_1.1.100.202309141235/tools/bin/../lib/gcc/arm-none-eabi/11.3.1/../../../../arm-none-eabi/lib/thumb/v7-m/nofp/libc_nano.a(libc_a-mallocr.o)
                0x0000000020000220                __malloc_free_list
 .bss.__malloc_sbrk_start
                0x0000000020000224        0x4 /opt/st/stm32cubeide_1.14.0/plugins/com.st.stm32cube.ide.mcu.externaltools.gnu-tools-for-stm32.11.3.rel1.linux64_1.1.100.202309141235/tools/bin/../lib/gcc/arm-none-eabi/11.3.1/../../../../arm-none-eabi/lib/thumb/v7-m/nofp/libc_nano.a(libc_a-mallocr.o)
                0x0000000020000224                __malloc_sbrk_start
 .bss.__sf      0x0000000020000228      0x138 /opt/st/stm32cubeide_1.14.0/plugins/com.st.stm32cube.ide.mcu.externaltools.gnu-tools-for-stm32.11.3.rel1.linux64_1.1.100.202309141235/tools/bin/../lib/gcc/arm-none-eabi/11.3.1/../../../../arm-none-eabi/lib/thumb/v7-m/nofp/libc_nano.a(libc_a-findfp.o)
                0x0000000020000228                __sf
 .bss.__stdio_exit_handler
                0x0000000020000360        0x4 /opt/st/stm32cubeide_1.14.0/plugins/com.st.stm32cube.ide.mcu.externaltools.gnu-tools-for-stm32.11.3.rel1.linux64_1.1.100.202309141235/tools/bin/../lib/gcc/arm-none-eabi/11.3.1/../../../../arm-none-eabi/lib/thumb/v7-m/nofp/libc_nano.a(libc_a-findfp.o)
                0x0000000020000360                __stdio_exit_handler
 .bss.errno     0x0000000020000364        0x4 /opt/st/stm32cubeide_1.14.0/plugins/com.st.stm32cube.ide.mcu.externaltools.gnu-tools-for-stm32.11.3.rel1.linux64_1.1.100.202309141235/tools/bin/../lib/gcc/arm-none-eabi/11.3.1/../../../../arm-none-eabi/lib/thumb/v7-m/nofp/libc_nano.a(libc_a-reent.o)
                0x0000000020000364                errno
 .bss.__lock___malloc_recursive_mutex
                0x0000000020000368        0x1 /opt/st/stm32cubeide_1.14.0/plugins/com.st.stm32cube.ide.mcu.externaltools.gnu-tools-for-stm32.11.3.rel1.linux64_1.1.100.202309141235/tools/bin/../lib/gcc/arm-none-eabi/11.3.1/../../../../arm-none-eabi/lib/thumb/v7-m/nofp/libc_nano.a(libc_a-lock.o)
                0x0000000020000368                __lock___malloc_recursive_mutex
 .bss.__lock___sfp_recursive_mutex
                0x0000000020000369        0x1 /opt/st/stm32cubeide_1.14.0/plugins/com.st.stm32cube.ide.mcu.externaltools.gnu-tools-for-stm32.11.3.rel1.linux64_1.1.100.202309141235/tools/bin/../lib/gcc/arm-none-eabi/11.3.1/../../../../arm-none-eabi/lib/thumb/v7-m/nofp/libc_nano.a(libc_a-lock.o)
                0x0000000020000369                __lock___sfp_recursive_mutex
 *(COMMON)
                0x000000002000036c                . = ALIGN (0x4)
 *fill*         0x000000002000036a        0x2 
                0x000000002000036c                _ebss = .
                0x000000002000036c                __bss_end__ = _ebss

._user_heap_stack
                0x000000002000036c      0x604 load address 0x000000000800cfc4
                0x0000000020000370                . = ALIGN (0x8)
 *fill*         0x000000002000036c        0x4 
                [!provide]                        PROVIDE (end = .)
                0x0000000020000370                PROVIDE (_end = .)
                0x0000000020000570                . = (. + _Min_Heap_Size)
 *fill*         0x0000000020000370      0x200 
                0x0000000020000970                . = (. + _Min_Stack_Size)
 *fill*         0x0000000020000570      0x400 
                0x0000000020000970                . = ALIGN (0x8)

/DISCARD/
 libc.a(*)
 libm.a(*)
 libgcc.a(*)

.ARM.attributes
                0x0000000000000000       0x29
 *(.ARM.attributes)
 .ARM.attributes
                0x0000000000000000       0x1d /opt/st/stm32cubeide_1.14.0/plugins/com.st.stm32cube.ide.mcu.externaltools.gnu-tools-for-stm32.11.3.rel1.linux64_1.1.100.202309141235/tools/bin/../lib/gcc/arm-none-eabi/11.3.1/thumb/v7-m/nofp/crti.o
 .ARM.attributes
                0x000000000000001d       0x2d /opt/st/stm32cubeide_1.14.0/plugins/com.st.stm32cube.ide.mcu.externaltools.gnu-tools-for-stm32.11.3.rel1.linux64_1.1.100.202309141235/tools/bin/../lib/gcc/arm-none-eabi/11.3.1/thumb/v7-m/nofp/crtbegin.o
 .ARM.attributes
                0x000000000000004a       0x2d ./Core/Src/main.o
 .ARM.attributes
                0x0000000000000077       0x2d ./Core/Src/stm32f1xx_hal_msp.o
 .ARM.attributes
                0x00000000000000a4       0x2d ./Core/Src/stm32f1xx_it.o
 .ARM.attributes
                0x00000000000000d1       0x2d ./Core/Src/syscalls.o
 .ARM.attributes
                0x00000000000000fe       0x2d ./Core/Src/sysmem.o
 .ARM.attributes
                0x000000000000012b       0x2d ./Core/Src/system_stm32f1xx.o
 .ARM.attributes
                0x0000000000000158       0x21 ./Core/Startup/startup_stm32f103c8tx.o
 .ARM.attributes
                0x0000000000000179       0x2d ./Core/littlefs/lfs.o
 .ARM.attributes
                0x00000000000001a6       0x2d ./Core/littlefs/lfs_util.o
 .ARM.attributes
                0x00000000000001d3       0x2d ./Core/spif/src/spif.o
 .ARM.attributes
                0x0000000000000200       0x2d ./Core/storage/storage.o
 .ARM.attributes
                0x000000000000022d       0x2d ./Drivers/STM32F1xx_HAL_Driver/Src/stm32f1xx_hal.o
 .ARM.attributes
                0x000000000000025a       0x2d ./Drivers/STM32F1xx_HAL_Driver/Src/stm32f1xx_hal_cortex.o
 .ARM.attributes
                0x0000000000000287       0x2d ./Drivers/STM32F1xx_HAL_Driver/Src/stm32f1xx_hal_gpio.o
 .ARM.attributes
                0x00000000000002b4       0x2d ./Drivers/STM32F1xx_HAL_Driver/Src/stm32f1xx_hal_rcc.o
 .ARM.attributes
                0x00000000000002e1       0x2d ./Drivers/STM32F1xx_HAL_Driver/Src/stm32f1xx_hal_spi.o
 .ARM.attributes
                0x000000000000030e       0x2d ./Drivers/STM32F1xx_HAL_Driver/Src/stm32f1xx_hal_uart.o
 .ARM.attributes
                0x000000000000033b       0x2d /opt/st/stm32cubeide_1.14.0/plugins/com.st.stm32cube.ide.mcu.externaltools.gnu-tools-for-stm32.11.3.rel1.linux64_1.1.100.202309141235/tools/bin/../lib/gcc/arm-none-eabi/11.3.1/../../../../arm-none-eabi/lib/thumb/v7-m/nofp/libc_nano.a(libc_a-assert.o)
 .ARM.attributes
                0x0000000000000368       0x2d /opt/st/stm32cubeide_1.14.0/plugins/com.st.stm32cube.ide.mcu.externaltools.gnu-tools-for-stm32.11.3.rel1.linux64_1.1.100.202309141235/tools/bin/../lib/gcc/arm-none-eabi/11.3.1/../../../../arm-none-eabi/lib/thumb/v7-m/nofp/libc_nano.a(libc_a-malloc.o)
 .ARM.attributes
                0x0000000000000395       0x2d /opt/st/stm32cubeide_1.14.0/plugins/com.st.stm32cube.ide.mcu.externaltools.gnu-tools-for-stm32.11.3.rel1.linux64_1.1.100.202309141235/tools/bin/../lib/gcc/arm-none-eabi/11.3.1/../../../../arm-none-eabi/lib/thumb/v7-m/nofp/libc_nano.a(libc_a-mallocr.o)
 .ARM.attributes
                0x00000000000003c2       0x2d /opt/st/stm32cubeide_1.14.0/plugins/com.st.stm32cube.ide.mcu.externaltools.gnu-tools-for-stm32.11.3.rel1.linux64_1.1.100.202309141235/tools/bin/../lib/gcc/arm-none-eabi/11.3.1/../../../../arm-none-eabi/lib/thumb/v7-m/nofp/libc_nano.a(libc_a-mlock.o)
 .ARM.attributes
                0x00000000000003ef       0x2d /opt/st/stm32cubeide_1.14.0/plugins/com.st.stm32cube.ide.mcu.externaltools.gnu-tools-for-stm32.11.3.rel1.linux64_1.1.100.202309141235/tools/bin/../lib/gcc/arm-none-eabi/11.3.1/../../../../arm-none-eabi/lib/thumb/v7-m/nofp/libc_nano.a(libc_a-findfp.o)
 .ARM.attributes
                0x000000000000041c       0x2d /opt/st/stm32cubeide_1.14.0/plugins/com.st.stm32cube.ide.mcu.externaltools.gnu-tools-for-stm32.11.3.rel1.linux64_1.1.100.202309141235/tools/bin/../lib/gcc/arm-none-eabi/11.3.1/../../../../arm-none-eabi/lib/thumb/v7-m/nofp/libc_nano.a(libc_a-fprintf.o)
 .ARM.attributes
                0x0000000000000449       0x2d /opt/st/stm32cubeide_1.14.0/plugins/com.st.stm32cube.ide.mcu.externaltools.gnu-tools-for-stm32.11.3.rel1.linux64_1.1.100.202309141235/tools/bin/../lib/gcc/arm-none-eabi/11.3.1/../../../../arm-none-eabi/lib/thumb/v7-m/nofp/libc_nano.a(libc_a-fwalk.o)
 .ARM.attributes
                0x0000000000000476       0x2d /opt/st/stm32cubeide_1.14.0/plugins/com.st.stm32cube.ide.mcu.externaltools.gnu-tools-for-stm32.11.3.rel1.linux64_1.1.100.202309141235/tools/bin/../lib/gcc/arm-none-eabi/11.3.1/../../../../arm-none-eabi/lib/thumb/v7-m/nofp/libc_nano.a(libc_a-printf.o)
 .ARM.attributes
                0x00000000000004a3       0x2d /opt/st/stm32cubeide_1.14.0/plugins/com.st.stm32cube.ide.mcu.externaltools.gnu-tools-for-stm32.11.3.rel1.linux64_1.1.100.202309141235/tools/bin/../lib/gcc/arm-none-eabi/11.3.1/../../../../arm-none-eabi/lib/thumb/v7-m/nofp/libc_nano.a(libc_a-puts.o)
 .ARM.attributes
                0x00000000000004d0       0x2d /opt/st/stm32cubeide_1.14.0/plugins/com.st.stm32cube.ide.mcu.externaltools.gnu-tools-for-stm32.11.3.rel1.linux64_1.1.100.202309141235/tools/bin/../lib/gcc/arm-none-eabi/11.3.1/../../../../arm-none-eabi/lib/thumb/v7-m/nofp/libc_nano.a(libc_a-stdio.o)
 .ARM.attributes
                0x00000000000004fd       0x2d /opt/st/stm32cubeide_1.14.0/plugins/com.st.stm32cube.ide.mcu.externaltools.gnu-tools-for-stm32.11.3.rel1.linux64_1.1.100.202309141235/tools/bin/../lib/gcc/arm-none-eabi/11.3.1/../../../../arm-none-eabi/lib/thumb/v7-m/nofp/libc_nano.a(libc_a-wbuf.o)
 .ARM.attributes
                0x000000000000052a       0x2d /opt/st/stm32cubeide_1.14.0/plugins/com.st.stm32cube.ide.mcu.externaltools.gnu-tools-for-stm32.11.3.rel1.linux64_1.1.100.202309141235/tools/bin/../lib/gcc/arm-none-eabi/11.3.1/../../../../arm-none-eabi/lib/thumb/v7-m/nofp/libc_nano.a(libc_a-wsetup.o)
 .ARM.attributes
                0x0000000000000557       0x2d /opt/st/stm32cubeide_1.14.0/plugins/com.st.stm32cube.ide.mcu.externaltools.gnu-tools-for-stm32.11.3.rel1.linux64_1.1.100.202309141235/tools/bin/../lib/gcc/arm-none-eabi/11.3.1/../../../../arm-none-eabi/lib/thumb/v7-m/nofp/libc_nano.a(libc_a-memcmp.o)
 .ARM.attributes
                0x0000000000000584       0x2d /opt/st/stm32cubeide_1.14.0/plugins/com.st.stm32cube.ide.mcu.externaltools.gnu-tools-for-stm32.11.3.rel1.linux64_1.1.100.202309141235/tools/bin/../lib/gcc/arm-none-eabi/11.3.1/../../../../arm-none-eabi/lib/thumb/v7-m/nofp/libc_nano.a(libc_a-memset.o)
 .ARM.attributes
                0x00000000000005b1       0x2d /opt/st/stm32cubeide_1.14.0/plugins/com.st.stm32cube.ide.mcu.externaltools.gnu-tools-for-stm32.11.3.rel1.linux64_1.1.100.202309141235/tools/bin/../lib/gcc/arm-none-eabi/11.3.1/../../../../arm-none-eabi/lib/thumb/v7-m/nofp/libc_nano.a(libc_a-strcat.o)
 .ARM.attributes
                0x00000000000005de       0x2d /opt/st/stm32cubeide_1.14.0/plugins/com.st.stm32cube.ide.mcu.externaltools.gnu-tools-for-stm32.11.3.rel1.linux64_1.1.100.202309141235/tools/bin/../lib/gcc/arm-none-eabi/11.3.1/../../../../arm-none-eabi/lib/thumb/v7-m/nofp/libc_nano.a(libc_a-strchr.o)
 .ARM.attributes
                0x000000000000060b       0x2d /opt/st/stm32cubeide_1.14.0/plugins/com.st.stm32cube.ide.mcu.externaltools.gnu-tools-for-stm32.11.3.rel1.linux64_1.1.100.202309141235/tools/bin/../lib/gcc/arm-none-eabi/11.3.1/../../../../arm-none-eabi/lib/thumb/v7-m/nofp/libc_nano.a(libc_a-strcspn.o)
 .ARM.attributes
                0x0000000000000638       0x2d /opt/st/stm32cubeide_1.14.0/plugins/com.st.stm32cube.ide.mcu.externaltools.gnu-tools-for-stm32.11.3.rel1.linux64_1.1.100.202309141235/tools/bin/../lib/gcc/arm-none-eabi/11.3.1/../../../../arm-none-eabi/lib/thumb/v7-m/nofp/libc_nano.a(libc_a-strspn.o)
 .ARM.attributes
                0x0000000000000665       0x2d /opt/st/stm32cubeide_1.14.0/plugins/com.st.stm32cube.ide.mcu.externaltools.gnu-tools-for-stm32.11.3.rel1.linux64_1.1.100.202309141235/tools/bin/../lib/gcc/arm-none-eabi/11.3.1/../../../../arm-none-eabi/lib/thumb/v7-m/nofp/libc_nano.a(libc_a-closer.o)
 .ARM.attributes
                0x0000000000000692       0x2d /opt/st/stm32cubeide_1.14.0/plugins/com.st.stm32cube.ide.mcu.externaltools.gnu-tools-for-stm32.11.3.rel1.linux64_1.1.100.202309141235/tools/bin/../lib/gcc/arm-none-eabi/11.3.1/../../../../arm-none-eabi/lib/thumb/v7-m/nofp/libc_nano.a(libc_a-reent.o)
 .ARM.attributes
                0x00000000000006bf       0x2d /opt/st/stm32cubeide_1.14.0/plugins/com.st.stm32cube.ide.mcu.externaltools.gnu-tools-for-stm32.11.3.rel1.linux64_1.1.100.202309141235/tools/bin/../lib/gcc/arm-none-eabi/11.3.1/../../../../arm-none-eabi/lib/thumb/v7-m/nofp/libc_nano.a(libc_a-impure.o)
 .ARM.attributes
                0x00000000000006ec       0x2d /opt/st/stm32cubeide_1.14.0/plugins/com.st.stm32cube.ide.mcu.externaltools.gnu-tools-for-stm32.11.3.rel1.linux64_1.1.100.202309141235/tools/bin/../lib/gcc/arm-none-eabi/11.3.1/../../../../arm-none-eabi/lib/thumb/v7-m/nofp/libc_nano.a(libc_a-lseekr.o)
 .ARM.attributes
                0x0000000000000719       0x2d /opt/st/stm32cubeide_1.14.0/plugins/com.st.stm32cube.ide.mcu.externaltools.gnu-tools-for-stm32.11.3.rel1.linux64_1.1.100.202309141235/tools/bin/../lib/gcc/arm-none-eabi/11.3.1/../../../../arm-none-eabi/lib/thumb/v7-m/nofp/libc_nano.a(libc_a-readr.o)
 .ARM.attributes
                0x0000000000000746       0x2d /opt/st/stm32cubeide_1.14.0/plugins/com.st.stm32cube.ide.mcu.externaltools.gnu-tools-for-stm32.11.3.rel1.linux64_1.1.100.202309141235/tools/bin/../lib/gcc/arm-none-eabi/11.3.1/../../../../arm-none-eabi/lib/thumb/v7-m/nofp/libc_nano.a(libc_a-sbrkr.o)
 .ARM.attributes
                0x0000000000000773       0x2d /opt/st/stm32cubeide_1.14.0/plugins/com.st.stm32cube.ide.mcu.externaltools.gnu-tools-for-stm32.11.3.rel1.linux64_1.1.100.202309141235/tools/bin/../lib/gcc/arm-none-eabi/11.3.1/../../../../arm-none-eabi/lib/thumb/v7-m/nofp/libc_nano.a(libc_a-writer.o)
 .ARM.attributes
                0x00000000000007a0       0x2d /opt/st/stm32cubeide_1.14.0/plugins/com.st.stm32cube.ide.mcu.externaltools.gnu-tools-for-stm32.11.3.rel1.linux64_1.1.100.202309141235/tools/bin/../lib/gcc/arm-none-eabi/11.3.1/../../../../arm-none-eabi/lib/thumb/v7-m/nofp/libc_nano.a(libc_a-errno.o)
 .ARM.attributes
                0x00000000000007cd       0x2d /opt/st/stm32cubeide_1.14.0/plugins/com.st.stm32cube.ide.mcu.externaltools.gnu-tools-for-stm32.11.3.rel1.linux64_1.1.100.202309141235/tools/bin/../lib/gcc/arm-none-eabi/11.3.1/../../../../arm-none-eabi/lib/thumb/v7-m/nofp/libc_nano.a(libc_a-init.o)
 .ARM.attributes
                0x00000000000007fa       0x2d /opt/st/stm32cubeide_1.14.0/plugins/com.st.stm32cube.ide.mcu.externaltools.gnu-tools-for-stm32.11.3.rel1.linux64_1.1.100.202309141235/tools/bin/../lib/gcc/arm-none-eabi/11.3.1/../../../../arm-none-eabi/lib/thumb/v7-m/nofp/libc_nano.a(libc_a-lock.o)
 .ARM.attributes
                0x0000000000000827       0x2d /opt/st/stm32cubeide_1.14.0/plugins/com.st.stm32cube.ide.mcu.externaltools.gnu-tools-for-stm32.11.3.rel1.linux64_1.1.100.202309141235/tools/bin/../lib/gcc/arm-none-eabi/11.3.1/../../../../arm-none-eabi/lib/thumb/v7-m/nofp/libc_nano.a(libc_a-strcpy.o)
 .ARM.attributes
                0x0000000000000854       0x2d /opt/st/stm32cubeide_1.14.0/plugins/com.st.stm32cube.ide.mcu.externaltools.gnu-tools-for-stm32.11.3.rel1.linux64_1.1.100.202309141235/tools/bin/../lib/gcc/arm-none-eabi/11.3.1/../../../../arm-none-eabi/lib/thumb/v7-m/nofp/libc_nano.a(libc_a-memcpy-stub.o)
 .ARM.attributes
                0x0000000000000881       0x17 /opt/st/stm32cubeide_1.14.0/plugins/com.st.stm32cube.ide.mcu.externaltools.gnu-tools-for-stm32.11.3.rel1.linux64_1.1.100.202309141235/tools/bin/../lib/gcc/arm-none-eabi/11.3.1/../../../../arm-none-eabi/lib/thumb/v7-m/nofp/libc_nano.a(libc_a-strlen.o)
 .ARM.attributes
                0x0000000000000898       0x2d /opt/st/stm32cubeide_1.14.0/plugins/com.st.stm32cube.ide.mcu.externaltools.gnu-tools-for-stm32.11.3.rel1.linux64_1.1.100.202309141235/tools/bin/../lib/gcc/arm-none-eabi/11.3.1/../../../../arm-none-eabi/lib/thumb/v7-m/nofp/libc_nano.a(libc_a-abort.o)
 .ARM.attributes
                0x00000000000008c5       0x2d /opt/st/stm32cubeide_1.14.0/plugins/com.st.stm32cube.ide.mcu.externaltools.gnu-tools-for-stm32.11.3.rel1.linux64_1.1.100.202309141235/tools/bin/../lib/gcc/arm-none-eabi/11.3.1/../../../../arm-none-eabi/lib/thumb/v7-m/nofp/libc_nano.a(libc_a-freer.o)
 .ARM.attributes
                0x00000000000008f2       0x2d /opt/st/stm32cubeide_1.14.0/plugins/com.st.stm32cube.ide.mcu.externaltools.gnu-tools-for-stm32.11.3.rel1.linux64_1.1.100.202309141235/tools/bin/../lib/gcc/arm-none-eabi/11.3.1/../../../../arm-none-eabi/lib/thumb/v7-m/nofp/libc_nano.a(libc_a-nano-vfprintf.o)
 .ARM.attributes
                0x000000000000091f       0x2d /opt/st/stm32cubeide_1.14.0/plugins/com.st.stm32cube.ide.mcu.externaltools.gnu-tools-for-stm32.11.3.rel1.linux64_1.1.100.202309141235/tools/bin/../lib/gcc/arm-none-eabi/11.3.1/../../../../arm-none-eabi/lib/thumb/v7-m/nofp/libc_nano.a(libc_a-nano-vfprintf_i.o)
 .ARM.attributes
                0x000000000000094c       0x2d /opt/st/stm32cubeide_1.14.0/plugins/com.st.stm32cube.ide.mcu.externaltools.gnu-tools-for-stm32.11.3.rel1.linux64_1.1.100.202309141235/tools/bin/../lib/gcc/arm-none-eabi/11.3.1/../../../../arm-none-eabi/lib/thumb/v7-m/nofp/libc_nano.a(libc_a-fflush.o)
 .ARM.attributes
                0x0000000000000979       0x2d /opt/st/stm32cubeide_1.14.0/plugins/com.st.stm32cube.ide.mcu.externaltools.gnu-tools-for-stm32.11.3.rel1.linux64_1.1.100.202309141235/tools/bin/../lib/gcc/arm-none-eabi/11.3.1/../../../../arm-none-eabi/lib/thumb/v7-m/nofp/libc_nano.a(libc_a-makebuf.o)
 .ARM.attributes
                0x00000000000009a6       0x2d /opt/st/stm32cubeide_1.14.0/plugins/com.st.stm32cube.ide.mcu.externaltools.gnu-tools-for-stm32.11.3.rel1.linux64_1.1.100.202309141235/tools/bin/../lib/gcc/arm-none-eabi/11.3.1/../../../../arm-none-eabi/lib/thumb/v7-m/nofp/libc_nano.a(libc_a-signal.o)
 .ARM.attributes
                0x00000000000009d3       0x2d /opt/st/stm32cubeide_1.14.0/plugins/com.st.stm32cube.ide.mcu.externaltools.gnu-tools-for-stm32.11.3.rel1.linux64_1.1.100.202309141235/tools/bin/../lib/gcc/arm-none-eabi/11.3.1/../../../../arm-none-eabi/lib/thumb/v7-m/nofp/libc_nano.a(libc_a-fstatr.o)
 .ARM.attributes
                0x0000000000000a00       0x2d /opt/st/stm32cubeide_1.14.0/plugins/com.st.stm32cube.ide.mcu.externaltools.gnu-tools-for-stm32.11.3.rel1.linux64_1.1.100.202309141235/tools/bin/../lib/gcc/arm-none-eabi/11.3.1/../../../../arm-none-eabi/lib/thumb/v7-m/nofp/libc_nano.a(libc_a-isattyr.o)
 .ARM.attributes
                0x0000000000000a2d       0x2d /opt/st/stm32cubeide_1.14.0/plugins/com.st.stm32cube.ide.mcu.externaltools.gnu-tools-for-stm32.11.3.rel1.linux64_1.1.100.202309141235/tools/bin/../lib/gcc/arm-none-eabi/11.3.1/../../../../arm-none-eabi/lib/thumb/v7-m/nofp/libc_nano.a(libc_a-signalr.o)
 .ARM.attributes
                0x0000000000000a5a       0x2d /opt/st/stm32cubeide_1.14.0/plugins/com.st.stm32cube.ide.mcu.externaltools.gnu-tools-for-stm32.11.3.rel1.linux64_1.1.100.202309141235/tools/bin/../lib/gcc/arm-none-eabi/11.3.1/../../../../arm-none-eabi/lib/thumb/v7-m/nofp/libc_nano.a(libc_a-memchr-stub.o)
 .ARM.attributes
                0x0000000000000a87       0x2d /opt/st/stm32cubeide_1.14.0/plugins/com.st.stm32cube.ide.mcu.externaltools.gnu-tools-for-stm32.11.3.rel1.linux64_1.1.100.202309141235/tools/bin/../lib/gcc/arm-none-eabi/11.3.1/thumb/v7-m/nofp/libgcc.a(_popcountsi2.o)
 .ARM.attributes
                0x0000000000000ab4       0x1d /opt/st/stm32cubeide_1.14.0/plugins/com.st.stm32cube.ide.mcu.externaltools.gnu-tools-for-stm32.11.3.rel1.linux64_1.1.100.202309141235/tools/bin/../lib/gcc/arm-none-eabi/11.3.1/thumb/v7-m/nofp/crtn.o
OUTPUT(Lfs_103.elf elf32-littlearm)
LOAD linker stubs
LOAD /opt/st/stm32cubeide_1.14.0/plugins/com.st.stm32cube.ide.mcu.externaltools.gnu-tools-for-stm32.11.3.rel1.linux64_1.1.100.202309141235/tools/bin/../lib/gcc/arm-none-eabi/11.3.1/../../../../arm-none-eabi/lib/thumb/v7-m/nofp/libc.a
LOAD /opt/st/stm32cubeide_1.14.0/plugins/com.st.stm32cube.ide.mcu.externaltools.gnu-tools-for-stm32.11.3.rel1.linux64_1.1.100.202309141235/tools/bin/../lib/gcc/arm-none-eabi/11.3.1/../../../../arm-none-eabi/lib/thumb/v7-m/nofp/libm.a
LOAD /opt/st/stm32cubeide_1.14.0/plugins/com.st.stm32cube.ide.mcu.externaltools.gnu-tools-for-stm32.11.3.rel1.linux64_1.1.100.202309141235/tools/bin/../lib/gcc/arm-none-eabi/11.3.1/thumb/v7-m/nofp/libgcc.a

.comment        0x0000000000000000       0x43
 .comment       0x0000000000000000       0x43 /opt/st/stm32cubeide_1.14.0/plugins/com.st.stm32cube.ide.mcu.externaltools.gnu-tools-for-stm32.11.3.rel1.linux64_1.1.100.202309141235/tools/bin/../lib/gcc/arm-none-eabi/11.3.1/thumb/v7-m/nofp/crtbegin.o
                                         0x44 (size before relaxing)
 .comment       0x0000000000000043       0x44 ./Core/Src/main.o
 .comment       0x0000000000000043       0x44 ./Core/Src/stm32f1xx_hal_msp.o
 .comment       0x0000000000000043       0x44 ./Core/Src/stm32f1xx_it.o
 .comment       0x0000000000000043       0x44 ./Core/Src/syscalls.o
 .comment       0x0000000000000043       0x44 ./Core/Src/sysmem.o
 .comment       0x0000000000000043       0x44 ./Core/Src/system_stm32f1xx.o
 .comment       0x0000000000000043       0x44 ./Core/littlefs/lfs.o
 .comment       0x0000000000000043       0x44 ./Core/littlefs/lfs_util.o
 .comment       0x0000000000000043       0x44 ./Core/spif/src/spif.o
 .comment       0x0000000000000043       0x44 ./Core/storage/storage.o
 .comment       0x0000000000000043       0x44 ./Drivers/STM32F1xx_HAL_Driver/Src/stm32f1xx_hal.o
 .comment       0x0000000000000043       0x44 ./Drivers/STM32F1xx_HAL_Driver/Src/stm32f1xx_hal_cortex.o
 .comment       0x0000000000000043       0x44 ./Drivers/STM32F1xx_HAL_Driver/Src/stm32f1xx_hal_gpio.o
 .comment       0x0000000000000043       0x44 ./Drivers/STM32F1xx_HAL_Driver/Src/stm32f1xx_hal_rcc.o
 .comment       0x0000000000000043       0x44 ./Drivers/STM32F1xx_HAL_Driver/Src/stm32f1xx_hal_spi.o