Archive member included to satisfy reference by file (symbol)

/opt/st/stm32cubeide_1.14.0/plugins/com.st.stm32cube.ide.mcu.externaltools.gnu-tools-for-stm32.11.3.rel1.linux64_1.1.100.202309141235/tools/bin/../lib/gcc/arm-none-eabi/11.3.1/../../../../arm-none-eabi/lib/thumb/v7-m/nofp/libc_nano.a(libc_a-assert.o)
                              ./Core/storage/littlefs/bd/lfs_emubd.o (__assert_func)
/opt/st/stm32cubeide_1.14.0/plugins/com.st.stm32cube.ide.mcu.externaltools.gnu-tools-for-stm32.11.3.rel1.linux64_1.1.100.202309141235/tools/bin/../lib/gcc/arm-none-eabi/11.3.1/../../../../arm-none-eabi/lib/thumb/v7-m/nofp/libc_nano.a(libc_a-atoi.o)
                              ./Core/storage/local_storage.o (atoi)
/opt/st/stm32cubeide_1.14.0/plugins/com.st.stm32cube.ide.mcu.externaltools.gnu-tools-for-stm32.11.3.rel1.linux64_1.1.100.202309141235/tools/bin/../lib/gcc/arm-none-eabi/11.3.1/../../../../arm-none-eabi/lib/thumb/v7-m/nofp/libc_nano.a(libc_a-exit.o)
                              /opt/st/stm32cubeide_1.14.0/plugins/com.st.stm32cube.ide.mcu.externaltools.gnu-tools-for-stm32.11.3.rel1.linux64_1.1.100.202309141235/tools/bin/../lib/gcc/arm-none-eabi/11.3.1/../../../../arm-none-eabi/lib/thumb/v7-m/nofp/crt0.o (exit)
/opt/st/stm32cubeide_1.14.0/plugins/com.st.stm32cube.ide.mcu.externaltools.gnu-tools-for-stm32.11.3.rel1.linux64_1.1.100.202309141235/tools/bin/../lib/gcc/arm-none-eabi/11.3.1/../../../../arm-none-eabi/lib/thumb/v7-m/nofp/libc_nano.a(libc_a-itoa.o)
                              ./Core/storage/local_storage.o (itoa)
/opt/st/stm32cubeide_1.14.0/plugins/com.st.stm32cube.ide.mcu.externaltools.gnu-tools-for-stm32.11.3.rel1.linux64_1.1.100.202309141235/tools/bin/../lib/gcc/arm-none-eabi/11.3.1/../../../../arm-none-eabi/lib/thumb/v7-m/nofp/libc_nano.a(libc_a-malloc.o)
                              ./Core/storage/littlefs/bd/lfs_emubd.o (malloc)
/opt/st/stm32cubeide_1.14.0/plugins/com.st.stm32cube.ide.mcu.externaltools.gnu-tools-for-stm32.11.3.rel1.linux64_1.1.100.202309141235/tools/bin/../lib/gcc/arm-none-eabi/11.3.1/../../../../arm-none-eabi/lib/thumb/v7-m/nofp/libc_nano.a(libc_a-mallocr.o)
                              /opt/st/stm32cubeide_1.14.0/plugins/com.st.stm32cube.ide.mcu.externaltools.gnu-tools-for-stm32.11.3.rel1.linux64_1.1.100.202309141235/tools/bin/../lib/gcc/arm-none-eabi/11.3.1/../../../../arm-none-eabi/lib/thumb/v7-m/nofp/libc_nano.a(libc_a-malloc.o) (_malloc_r)
/opt/st/stm32cubeide_1.14.0/plugins/com.st.stm32cube.ide.mcu.externaltools.gnu-tools-for-stm32.11.3.rel1.linux64_1.1.100.202309141235/tools/bin/../lib/gcc/arm-none-eabi/11.3.1/../../../../arm-none-eabi/lib/thumb/v7-m/nofp/libc_nano.a(libc_a-mlock.o)
                              /opt/st/stm32cubeide_1.14.0/plugins/com.st.stm32cube.ide.mcu.externaltools.gnu-tools-for-stm32.11.3.rel1.linux64_1.1.100.202309141235/tools/bin/../lib/gcc/arm-none-eabi/11.3.1/../../../../arm-none-eabi/lib/thumb/v7-m/nofp/libc_nano.a(libc_a-mallocr.o) (__malloc_lock)
/opt/st/stm32cubeide_1.14.0/plugins/com.st.stm32cube.ide.mcu.externaltools.gnu-tools-for-stm32.11.3.rel1.linux64_1.1.100.202309141235/tools/bin/../lib/gcc/arm-none-eabi/11.3.1/../../../../arm-none-eabi/lib/thumb/v7-m/nofp/libc_nano.a(libc_a-strtol.o)
                              /opt/st/stm32cubeide_1.14.0/plugins/com.st.stm32cube.ide.mcu.externaltools.gnu-tools-for-stm32.11.3.rel1.linux64_1.1.100.202309141235/tools/bin/../lib/gcc/arm-none-eabi/11.3.1/../../../../arm-none-eabi/lib/thumb/v7-m/nofp/libc_nano.a(libc_a-atoi.o) (_strtol_r)
/opt/st/stm32cubeide_1.14.0/plugins/com.st.stm32cube.ide.mcu.externaltools.gnu-tools-for-stm32.11.3.rel1.linux64_1.1.100.202309141235/tools/bin/../lib/gcc/arm-none-eabi/11.3.1/../../../../arm-none-eabi/lib/thumb/v7-m/nofp/libc_nano.a(libc_a-utoa.o)
                              /opt/st/stm32cubeide_1.14.0/plugins/com.st.stm32cube.ide.mcu.externaltools.gnu-tools-for-stm32.11.3.rel1.linux64_1.1.100.202309141235/tools/bin/../lib/gcc/arm-none-eabi/11.3.1/../../../../arm-none-eabi/lib/thumb/v7-m/nofp/libc_nano.a(libc_a-itoa.o) (__utoa)
/opt/st/stm32cubeide_1.14.0/plugins/com.st.stm32cube.ide.mcu.externaltools.gnu-tools-for-stm32.11.3.rel1.linux64_1.1.100.202309141235/tools/bin/../lib/gcc/arm-none-eabi/11.3.1/../../../../arm-none-eabi/lib/thumb/v7-m/nofp/libc_nano.a(libc_a-ctype_.o)
                              /opt/st/stm32cubeide_1.14.0/plugins/com.st.stm32cube.ide.mcu.externaltools.gnu-tools-for-stm32.11.3.rel1.linux64_1.1.100.202309141235/tools/bin/../lib/gcc/arm-none-eabi/11.3.1/../../../../arm-none-eabi/lib/thumb/v7-m/nofp/libc_nano.a(libc_a-strtol.o) (_ctype_)
/opt/st/stm32cubeide_1.14.0/plugins/com.st.stm32cube.ide.mcu.externaltools.gnu-tools-for-stm32.11.3.rel1.linux64_1.1.100.202309141235/tools/bin/../lib/gcc/arm-none-eabi/11.3.1/../../../../arm-none-eabi/lib/thumb/v7-m/nofp/libc_nano.a(libc_a-findfp.o)
[...]
Memory Configuration

Name             Origin             Length             Attributes
RAM              0x0000000020000000 0x0000000000005000 xrw
FLASH            0x0000000008000000 0x0000000000010000 xr
*default*        0x0000000000000000 0xffffffffffffffff

Linker script and memory map

LOAD /opt/st/stm32cubeide_1.14.0/plugins/com.st.stm32cube.ide.mcu.externaltools.gnu-tools-for-stm32.11.3.rel1.linux64_1.1.100.202309141235/tools/bin/../lib/gcc/arm-none-eabi/11.3.1/thumb/v7-m/nofp/crti.o
LOAD /opt/st/stm32cubeide_1.14.0/plugins/com.st.stm32cube.ide.mcu.externaltools.gnu-tools-for-stm32.11.3.rel1.linux64_1.1.100.202309141235/tools/bin/../lib/gcc/arm-none-eabi/11.3.1/thumb/v7-m/nofp/crtbegin.o
LOAD /opt/st/stm32cubeide_1.14.0/plugins/com.st.stm32cube.ide.mcu.externaltools.gnu-tools-for-stm32.11.3.rel1.linux64_1.1.100.202309141235/tools/bin/../lib/gcc/arm-none-eabi/11.3.1/../../../../arm-none-eabi/lib/thumb/v7-m/nofp/crt0.o
LOAD ./Core/Src/main.o
LOAD ./Core/Src/stm32f1xx_hal_msp.o
LOAD ./Core/Src/stm32f1xx_it.o
LOAD ./Core/Src/syscalls.o
LOAD ./Core/Src/sysmem.o
LOAD ./Core/Src/system_stm32f1xx.o
LOAD ./Core/Startup/startup_stm32f103c8tx.o
LOAD ./Core/storage/littlefs/bd/lfs_emubd.o
LOAD ./Core/storage/littlefs/bd/lfs_filebd.o
LOAD ./Core/storage/littlefs/bd/lfs_rambd.o
LOAD ./Core/storage/littlefs/lfs.o
LOAD ./Core/storage/littlefs/lfs_util.o
LOAD ./Core/storage/local_storage.o
LOAD ./Core/storage/spif/src/spif.o
LOAD ./Drivers/STM32F1xx_HAL_Driver/Src/stm32f1xx_hal.o
LOAD ./Drivers/STM32F1xx_HAL_Driver/Src/stm32f1xx_hal_cortex.o
LOAD ./Drivers/STM32F1xx_HAL_Driver/Src/stm32f1xx_hal_dma.o
LOAD ./Drivers/STM32F1xx_HAL_Driver/Src/stm32f1xx_hal_exti.o
LOAD ./Drivers/STM32F1xx_HAL_Driver/Src/stm32f1xx_hal_flash.o
LOAD ./Drivers/STM32F1xx_HAL_Driver/Src/stm32f1xx_hal_flash_ex.o
LOAD ./Drivers/STM32F1xx_HAL_Driver/Src/stm32f1xx_hal_gpio.o
LOAD ./Drivers/STM32F1xx_HAL_Driver/Src/stm32f1xx_hal_gpio_ex.o
LOAD ./Drivers/STM32F1xx_HAL_Driver/Src/stm32f1xx_hal_pwr.o
LOAD ./Drivers/STM32F1xx_HAL_Driver/Src/stm32f1xx_hal_rcc.o
LOAD ./Drivers/STM32F1xx_HAL_Driver/Src/stm32f1xx_hal_rcc_ex.o
LOAD ./Drivers/STM32F1xx_HAL_Driver/Src/stm32f1xx_hal_spi.o
LOAD ./Drivers/STM32F1xx_HAL_Driver/Src/stm32f1xx_hal_tim.o
LOAD ./Drivers/STM32F1xx_HAL_Driver/Src/stm32f1xx_hal_tim_ex.o
LOAD ./Drivers/STM32F1xx_HAL_Driver/Src/stm32f1xx_hal_uart.o
START GROUP
LOAD /opt/st/stm32cubeide_1.14.0/plugins/com.st.stm32cube.ide.mcu.externaltools.gnu-tools-for-stm32.11.3.rel1.linux64_1.1.100.202309141235/tools/bin/../lib/gcc/arm-none-eabi/11.3.1/../../../../arm-none-eabi/lib/thumb/v7-m/nofp/libc_nano.a
LOAD /opt/st/stm32cubeide_1.14.0/plugins/com.st.stm32cube.ide.mcu.externaltools.gnu-tools-for-stm32.11.3.rel1.linux64_1.1.100.202309141235/tools/bin/../lib/gcc/arm-none-eabi/11.3.1/../../../../arm-none-eabi/lib/thumb/v7-m/nofp/libm.a
END GROUP
START GROUP
LOAD /opt/st/stm32cubeide_1.14.0/plugins/com.st.stm32cube.ide.mcu.externaltools.gnu-tools-for-stm32.11.3.rel1.linux64_1.1.100.202309141235/tools/bin/../lib/gcc/arm-none-eabi/11.3.1/thumb/v7-m/nofp/libgcc.a
LOAD /opt/st/stm32cubeide_1.14.0/plugins/com.st.stm32cube.ide.mcu.externaltools.gnu-tools-for-stm32.11.3.rel1.linux64_1.1.100.202309141235/tools/bin/../lib/gcc/arm-none-eabi/11.3.1/../../../../arm-none-eabi/lib/thumb/v7-m/nofp/libc_nano.a
END GROUP
START GROUP
LOAD /opt/st/stm32cubeide_1.14.0/plugins/com.st.stm32cube.ide.mcu.externaltools.gnu-tools-for-stm32.11.3.rel1.linux64_1.1.100.202309141235/tools/bin/../lib/gcc/arm-none-eabi/11.3.1/thumb/v7-m/nofp/libgcc.a
LOAD /opt/st/stm32cubeide_1.14.0/plugins/com.st.stm32cube.ide.mcu.externaltools.gnu-tools-for-stm32.11.3.rel1.linux64_1.1.100.202309141235/tools/bin/../lib/gcc/arm-none-eabi/11.3.1/../../../../arm-none-eabi/lib/thumb/v7-m/nofp/libc_nano.a
LOAD /opt/st/stm32cubeide_1.14.0/plugins/com.st.stm32cube.ide.mcu.externaltools.gnu-tools-for-stm32.11.3.rel1.linux64_1.1.100.202309141235/tools/bin/../lib/gcc/arm-none-eabi/11.3.1/../../../../arm-none-eabi/lib/thumb/v7-m/nofp/libnosys.a
END GROUP
START GROUP
LOAD /opt/st/stm32cubeide_1.14.0/plugins/com.st.stm32cube.ide.mcu.externaltools.gnu-tools-for-stm32.11.3.rel1.linux64_1.1.100.202309141235/tools/bin/../lib/gcc/arm-none-eabi/11.3.1/thumb/v7-m/nofp/libgcc.a
LOAD /opt/st/stm32cubeide_1.14.0/plugins/com.st.stm32cube.ide.mcu.externaltools.gnu-tools-for-stm32.11.3.rel1.linux64_1.1.100.202309141235/tools/bin/../lib/gcc/arm-none-eabi/11.3.1/../../../../arm-none-eabi/lib/thumb/v7-m/nofp/libc_nano.a
LOAD /opt/st/stm32cubeide_1.14.0/plugins/com.st.stm32cube.ide.mcu.externaltools.gnu-tools-for-stm32.11.3.rel1.linux64_1.1.100.202309141235/tools/bin/../lib/gcc/arm-none-eabi/11.3.1/../../../../arm-none-eabi/lib/thumb/v7-m/nofp/libnosys.a
END GROUP
LOAD /opt/st/stm32cubeide_1.14.0/plugins/com.st.stm32cube.ide.mcu.externaltools.gnu-tools-for-stm32.11.3.rel1.linux64_1.1.100.202309141235/tools/bin/../lib/gcc/arm-none-eabi/11.3.1/thumb/v7-m/nofp/crtend.o
LOAD /opt/st/stm32cubeide_1.14.0/plugins/com.st.stm32cube.ide.mcu.externaltools.gnu-tools-for-stm32.11.3.rel1.linux64_1.1.100.202309141235/tools/bin/../lib/gcc/arm-none-eabi/11.3.1/thumb/v7-m/nofp/crtn.o
                0x0000000020005000                _estack = (ORIGIN (RAM) + LENGTH (RAM))
                0x0000000000000200                _Min_Heap_Size = 0x200
                0x0000000000000400                _Min_Stack_Size = 0x400

.isr_vector     0x0000000008000000      0x10c
                0x0000000008000000                . = ALIGN (0x4)
 *(.isr_vector)
 .isr_vector    0x0000000008000000      0x10c ./Core/Startup/startup_stm32f103c8tx.o
                0x0000000008000000                g_pfnVectors
                0x000000000800010c                . = ALIGN (0x4)

.text           0x000000000800010c     0xcca8
                0x000000000800010c                . = ALIGN (0x4)
 *(.text)
 .text          0x000000000800010c       0x40 /opt/st/stm32cubeide_1.14.0/plugins/com.st.stm32cube.ide.mcu.externaltools.gnu-tools-for-stm32.11.3.rel1.linux64_1.1.100.202309141235/tools/bin/../lib/gcc/arm-none-eabi/11.3.1/thumb/v7-m/nofp/crtbegin.o
 .text          0x000000000800014c       0x10 /opt/st/stm32cubeide_1.14.0/plugins/com.st.stm32cube.ide.mcu.externaltools.gnu-tools-for-stm32.11.3.rel1.linux64_1.1.100.202309141235/tools/bin/../lib/gcc/arm-none-eabi/11.3.1/../../../../arm-none-eabi/lib/thumb/v7-m/nofp/libc_nano.a(libc_a-strlen.o)
                0x000000000800014c                strlen
 .text          0x000000000800015c       0x28 /opt/st/stm32cubeide_1.14.0/plugins/com.st.stm32cube.ide.mcu.externaltools.gnu-tools-for-stm32.11.3.rel1.linux64_1.1.100.202309141235/tools/bin/../lib/gcc/arm-none-eabi/11.3.1/thumb/v7-m/nofp/libgcc.a(_popcountsi2.o)
                0x000000000800015c                __popcountsi2
 *(.text*)
 .text._write   0x0000000008000184       0x2c ./Core/Src/main.o
                0x0000000008000184                _write
 .text.main     0x00000000080001b0      0x1f4 ./Core/Src/main.o
                0x00000000080001b0                main
 .text.SystemClock_Config
                0x00000000080003a4       0x8a ./Core/Src/main.o
                0x00000000080003a4                SystemClock_Config
 *fill*         0x000000000800042e        0x2 
 .text.MX_SPI1_Init
                0x0000000008000430       0x6c ./Core/Src/main.o
 .text.MX_USART3_UART_Init
                0x000000000800049c       0x54 ./Core/Src/main.o
 .text.MX_GPIO_Init
                0x00000000080004f0       0x94 ./Core/Src/main.o
 .text.Error_Handler
                0x0000000008000584        0xa ./Core/Src/main.o
                0x0000000008000584                Error_Handler
 *fill*         0x000000000800058e        0x2 
 .text.HAL_MspInit
                0x0000000008000590       0x64 ./Core/Src/stm32f1xx_hal_msp.o
                0x0000000008000590                HAL_MspInit
 .text.HAL_SPI_MspInit
                0x00000000080005f4       0x94 ./Core/Src/stm32f1xx_hal_msp.o
                0x00000000080005f4                HAL_SPI_MspInit
 .text.HAL_UART_MspInit
                0x0000000008000688       0x98 ./Core/Src/stm32f1xx_hal_msp.o
                0x0000000008000688                HAL_UART_MspInit
 .text.NMI_Handler
                0x0000000008000720        0x6 ./Core/Src/stm32f1xx_it.o
                0x0000000008000720                NMI_Handler
 .text.HardFault_Handler
                0x0000000008000726        0x6 ./Core/Src/stm32f1xx_it.o
                0x0000000008000726                HardFault_Handler
 .text.MemManage_Handler
                0x000000000800072c        0x6 ./Core/Src/stm32f1xx_it.o
                0x000000000800072c                MemManage_Handler
 .text.BusFault_Handler
                0x0000000008000732        0x6 ./Core/Src/stm32f1xx_it.o
                0x0000000008000732                BusFault_Handler
 .text.UsageFault_Handler
                0x0000000008000738        0x6 ./Core/Src/stm32f1xx_it.o
                0x0000000008000738                UsageFault_Handler
 .text.SVC_Handler
                0x000000000800073e        0xc ./Core/Src/stm32f1xx_it.o
                0x000000000800073e                SVC_Handler
 .text.DebugMon_Handler
                0x000000000800074a        0xc ./Core/Src/stm32f1xx_it.o
                0x000000000800074a                DebugMon_Handler
 .text.PendSV_Handler
                0x0000000008000756        0xc ./Core/Src/stm32f1xx_it.o
                0x0000000008000756                PendSV_Handler
 .text.SysTick_Handler
                0x0000000008000762        0xc ./Core/Src/stm32f1xx_it.o
                0x0000000008000762                SysTick_Handler
 .text._getpid  0x000000000800076e        0xe ./Core/Src/syscalls.o
                0x000000000800076e                _getpid
 .text._kill    0x000000000800077c       0x20 ./Core/Src/syscalls.o
                0x000000000800077c                _kill
 .text._exit    0x000000000800079c       0x14 ./Core/Src/syscalls.o
                0x000000000800079c                _exit
 .text._read    0x00000000080007b0       0x3a ./Core/Src/syscalls.o
                0x00000000080007b0                _read
 .text._close   0x00000000080007ea       0x16 ./Core/Src/syscalls.o
                0x00000000080007ea                _close
 .text._fstat   0x0000000008000800       0x1e ./Core/Src/syscalls.o
                0x0000000008000800                _fstat
 .text._isatty  0x000000000800081e       0x14 ./Core/Src/syscalls.o
                0x000000000800081e                _isatty
 .text._lseek   0x0000000008000832       0x18 ./Core/Src/syscalls.o
                0x0000000008000832                _lseek
 *fill*         0x000000000800084a        0x2 
 .text._sbrk    0x000000000800084c       0x6c ./Core/Src/sysmem.o
                0x000000000800084c                _sbrk
 .text.SystemInit
                0x00000000080008b8        0xc ./Core/Src/system_stm32f1xx.o
                0x00000000080008b8                SystemInit
 .text.Reset_Handler
                0x00000000080008c4       0x48 ./Core/Startup/startup_stm32f103c8tx.o
                0x00000000080008c4                Reset_Handler
 .text.Default_Handler
                0x000000000800090c        0x2 ./Core/Startup/startup_stm32f103c8tx.o
                0x000000000800090c                RTC_Alarm_IRQHandler
                0x000000000800090c                EXTI2_IRQHandler
                0x000000000800090c                TIM1_CC_IRQHandler
                0x000000000800090c                PVD_IRQHandler
                0x000000000800090c                EXTI3_IRQHandler
                0x000000000800090c                EXTI0_IRQHandler
                0x000000000800090c                I2C2_EV_IRQHandler
                0x000000000800090c                ADC1_2_IRQHandler
                0x000000000800090c                SPI1_IRQHandler
                0x000000000800090c                TAMPER_IRQHandler
                0x000000000800090c                DMA1_Channel4_IRQHandler
                0x000000000800090c                USART3_IRQHandler
                0x000000000800090c                RTC_IRQHandler
                0x000000000800090c                DMA1_Channel7_IRQHandler
                0x000000000800090c                CAN1_RX1_IRQHandler
                0x000000000800090c                TIM4_IRQHandler
                0x000000000800090c                I2C1_EV_IRQHandler
                0x000000000800090c                DMA1_Channel6_IRQHandler
                0x000000000800090c                TIM3_IRQHandler
                0x000000000800090c                RCC_IRQHandler
                0x000000000800090c                TIM1_TRG_COM_IRQHandler
                0x000000000800090c                DMA1_Channel1_IRQHandler
                0x000000000800090c                Default_Handler
                0x000000000800090c                EXTI15_10_IRQHandler
                0x000000000800090c                EXTI9_5_IRQHandler
                0x000000000800090c                SPI2_IRQHandler
                0x000000000800090c                DMA1_Channel5_IRQHandler
                0x000000000800090c                EXTI4_IRQHandler
                0x000000000800090c                USB_LP_CAN1_RX0_IRQHandler
                0x000000000800090c                USB_HP_CAN1_TX_IRQHandler
                0x000000000800090c                DMA1_Channel3_IRQHandler
                0x000000000800090c                TIM1_UP_IRQHandler
                0x000000000800090c                WWDG_IRQHandler
                0x000000000800090c                TIM2_IRQHandler
                0x000000000800090c                TIM1_BRK_IRQHandler
                0x000000000800090c                EXTI1_IRQHandler
                0x000000000800090c                USART2_IRQHandler
                0x000000000800090c                I2C2_ER_IRQHandler
                0x000000000800090c                DMA1_Channel2_IRQHandler
                0x000000000800090c                CAN1_SCE_IRQHandler
                0x000000000800090c                FLASH_IRQHandler
                0x000000000800090c                USART1_IRQHandler
                0x000000000800090c                I2C1_ER_IRQHandler
                0x000000000800090c                USBWakeUp_IRQHandler
 .text.lfs_max  0x000000000800090e       0x1e ./Core/storage/littlefs/lfs.o
 .text.lfs_min  0x000000000800092c       0x1e ./Core/storage/littlefs/lfs.o
 .text.lfs_aligndown
                0x000000000800094a       0x28 ./Core/storage/littlefs/lfs.o
 .text.lfs_alignup
                0x0000000008000972       0x24 ./Core/storage/littlefs/lfs.o
 .text.lfs_npw2
                0x0000000008000996       0x1e ./Core/storage/littlefs/lfs.o
 .text.lfs_ctz  0x00000000080009b4       0x1c ./Core/storage/littlefs/lfs.o
 .text.lfs_popc
                0x00000000080009d0       0x18 ./Core/storage/littlefs/lfs.o
 .text.lfs_scmp
                0x00000000080009e8       0x1a ./Core/storage/littlefs/lfs.o
 .text.lfs_fromle32
                0x0000000008000a02       0x14 ./Core/storage/littlefs/lfs.o
 .text.lfs_tole32
                0x0000000008000a16       0x18 ./Core/storage/littlefs/lfs.o
 .text.lfs_frombe32
                0x0000000008000a2e       0x16 ./Core/storage/littlefs/lfs.o
 .text.lfs_tobe32
                0x0000000008000a44       0x18 ./Core/storage/littlefs/lfs.o
 .text.lfs_malloc
                0x0000000008000a5c       0x18 ./Core/storage/littlefs/lfs.o
 .text.lfs_free
                0x0000000008000a74       0x16 ./Core/storage/littlefs/lfs.o
 .text.lfs_cache_drop
                0x0000000008000a8a       0x1c ./Core/storage/littlefs/lfs.o
 .text.lfs_cache_zero
                0x0000000008000aa6       0x2c ./Core/storage/littlefs/lfs.o
 *fill*         0x0000000008000ad2        0x2 
 .text.lfs_bd_read
                0x0000000008000ad4      0x298 ./Core/storage/littlefs/lfs.o
 .text.lfs_bd_cmp
                0x0000000008000d6c       0xa2 ./Core/storage/littlefs/lfs.o
 .text.lfs_bd_crc
                0x0000000008000e0e       0x8c ./Core/storage/littlefs/lfs.o
 *fill*         0x0000000008000e9a        0x2 
 .text.lfs_bd_flush
                0x0000000008000e9c       0xf4 ./Core/storage/littlefs/lfs.o
 .text.lfs_bd_sync
                0x0000000008000f90       0x68 ./Core/storage/littlefs/lfs.o
 .text.lfs_bd_prog
                0x0000000008000ff8      0x158 ./Core/storage/littlefs/lfs.o
 .text.lfs_bd_erase
                0x0000000008001150       0x64 ./Core/storage/littlefs/lfs.o
 .text.lfs_pair_swap
                0x00000000080011b4       0x28 ./Core/storage/littlefs/lfs.o
 .text.lfs_pair_isnull
                0x00000000080011dc       0x34 ./Core/storage/littlefs/lfs.o
 .text.lfs_pair_cmp
                0x0000000008001210       0x52 ./Core/storage/littlefs/lfs.o
 .text.lfs_pair_issync
                0x0000000008001262       0x58 ./Core/storage/littlefs/lfs.o
 .text.lfs_pair_fromle32
                0x00000000080012ba       0x34 ./Core/storage/littlefs/lfs.o
 .text.lfs_pair_tole32
                0x00000000080012ee       0x34 ./Core/storage/littlefs/lfs.o
 .text.lfs_tag_isvalid
                0x0000000008001322       0x1a ./Core/storage/littlefs/lfs.o
 .text.lfs_tag_isdelete
                0x000000000800133c       0x24 ./Core/storage/littlefs/lfs.o
 .text.lfs_tag_type1
                0x0000000008001360       0x1e ./Core/storage/littlefs/lfs.o
 .text.lfs_tag_type2
                0x000000000800137e       0x1e ./Core/storage/littlefs/lfs.o
 .text.lfs_tag_type3
                0x000000000800139c       0x1e ./Core/storage/littlefs/lfs.o
 .text.lfs_tag_chunk
                0x00000000080013ba       0x18 ./Core/storage/littlefs/lfs.o
 .text.lfs_tag_splice
                0x00000000080013d2       0x1a ./Core/storage/littlefs/lfs.o
 .text.lfs_tag_id
                0x00000000080013ec       0x1e ./Core/storage/littlefs/lfs.o
 .text.lfs_tag_size
                0x000000000800140a       0x18 ./Core/storage/littlefs/lfs.o
 .text.lfs_tag_dsize
                0x0000000008001422       0x28 ./Core/storage/littlefs/lfs.o
 .text.lfs_gstate_xor
                0x000000000800144a       0x48 ./Core/storage/littlefs/lfs.o
 .text.lfs_gstate_iszero
                0x0000000008001492       0x38 ./Core/storage/littlefs/lfs.o
 .text.lfs_gstate_hasorphans
                0x00000000080014ca       0x26 ./Core/storage/littlefs/lfs.o
 .text.lfs_gstate_getorphans
                0x00000000080014f0       0x1e ./Core/storage/littlefs/lfs.o
 .text.lfs_gstate_hasmove
                0x000000000800150e       0x26 ./Core/storage/littlefs/lfs.o
 .text.lfs_gstate_needssuperblock
                0x0000000008001534       0x28 ./Core/storage/littlefs/lfs.o
 .text.lfs_gstate_hasmovehere
                0x000000000800155c       0x40 ./Core/storage/littlefs/lfs.o
 .text.lfs_gstate_fromle32
                0x000000000800159c       0x40 ./Core/storage/littlefs/lfs.o
 .text.lfs_gstate_tole32
                0x00000000080015dc       0x40 ./Core/storage/littlefs/lfs.o
 .text.lfs_fcrc_fromle32
                0x000000000800161c       0x30 ./Core/storage/littlefs/lfs.o
 .text.lfs_fcrc_tole32
                0x000000000800164c       0x30 ./Core/storage/littlefs/lfs.o
 .text.lfs_ctz_fromle32
                0x000000000800167c       0x30 ./Core/storage/littlefs/lfs.o
 .text.lfs_ctz_tole32
                0x00000000080016ac       0x30 ./Core/storage/littlefs/lfs.o
 .text.lfs_superblock_fromle32
                0x00000000080016dc       0x70 ./Core/storage/littlefs/lfs.o
 .text.lfs_superblock_tole32
                0x000000000800174c       0x70 ./Core/storage/littlefs/lfs.o
 .text.lfs_mlist_isopen
                0x00000000080017bc       0x38 ./Core/storage/littlefs/lfs.o
 .text.lfs_mlist_remove
                0x00000000080017f4       0x42 ./Core/storage/littlefs/lfs.o
 .text.lfs_mlist_append
                0x0000000008001836       0x22 ./Core/storage/littlefs/lfs.o
 .text.lfs_fs_disk_version
                0x0000000008001858       0x18 ./Core/storage/littlefs/lfs.o
 .text.lfs_fs_disk_version_major
                0x0000000008001870       0x1c ./Core/storage/littlefs/lfs.o
 .text.lfs_fs_disk_version_minor
                0x000000000800188c       0x1a ./Core/storage/littlefs/lfs.o
 .text.lfs_alloc_ckpoint
                0x00000000080018a6       0x1a ./Core/storage/littlefs/lfs.o
 .text.lfs_alloc_drop
                0x00000000080018c0       0x22 ./Core/storage/littlefs/lfs.o
 .text.lfs_alloc_lookahead
                0x00000000080018e2       0x68 ./Core/storage/littlefs/lfs.o
 *fill*         0x000000000800194a        0x2 
 .text.lfs_alloc_scan
                0x000000000800194c       0x84 ./Core/storage/littlefs/lfs.o
 .text.lfs_alloc
                0x00000000080019d0      0x110 ./Core/storage/littlefs/lfs.o
 .text.lfs_dir_getslice
                0x0000000008001ae0      0x1cc ./Core/storage/littlefs/lfs.o
 .text.lfs_dir_get
                0x0000000008001cac       0x36 ./Core/storage/littlefs/lfs.o
 .text.lfs_dir_getread
                0x0000000008001ce2      0x1b6 ./Core/storage/littlefs/lfs.o
 .text.lfs_dir_traverse_filter
                0x0000000008001e98       0xb8 ./Core/storage/littlefs/lfs.o
 .text.lfs_dir_traverse
                0x0000000008001f50      0x7c8 ./Core/storage/littlefs/lfs.o
 .text.lfs_dir_fetchmatch
                0x0000000008002718      0x7a0 ./Core/storage/littlefs/lfs.o
 .text.lfs_dir_fetch
                0x0000000008002eb8       0x36 ./Core/storage/littlefs/lfs.o
 *fill*         0x0000000008002eee        0x2 
 .text.lfs_dir_getgstate
                0x0000000008002ef0       0x64 ./Core/storage/littlefs/lfs.o
 .text.lfs_dir_find_match
                0x0000000008002f54       0x92 ./Core/storage/littlefs/lfs.o
 *fill*         0x0000000008002fe6        0x2 
 .text.lfs_dir_find
                0x0000000008002fe8      0x1f4 ./Core/storage/littlefs/lfs.o
 .text.lfs_dir_commitprog
                0x00000000080031dc       0x6c ./Core/storage/littlefs/lfs.o
 .text.lfs_dir_commitattr
                0x0000000008003248      0x100 ./Core/storage/littlefs/lfs.o
 .text.lfs_dir_commitcrc
                0x0000000008003348      0x2e0 ./Core/storage/littlefs/lfs.o
 .text.lfs_dir_alloc
                0x0000000008003628       0xf2 ./Core/storage/littlefs/lfs.o
 *fill*         0x000000000800371a        0x2 
 .text.lfs_dir_drop
                0x000000000800371c       0x78 ./Core/storage/littlefs/lfs.o
 .text.lfs_dir_split
                0x0000000008003794       0xa8 ./Core/storage/littlefs/lfs.o
 .text.lfs_dir_commit_size
                0x000000000800383c       0x2c ./Core/storage/littlefs/lfs.o
 .text.lfs_dir_commit_commit
                0x0000000008003868       0x2a ./Core/storage/littlefs/lfs.o
 .text.lfs_dir_needsrelocation
                0x0000000008003892       0x4a ./Core/storage/littlefs/lfs.o
 .text.lfs_dir_compact
                0x00000000080038dc      0x3f0 ./Core/storage/littlefs/lfs.o
 .text.lfs_dir_splittingcompact
                0x0000000008003ccc      0x234 ./Core/storage/littlefs/lfs.o
 .text.lfs_dir_relocatingcommit
                0x0000000008003f00      0x56c ./Core/storage/littlefs/lfs.o
 .text.lfs_dir_orphaningcommit
                0x000000000800446c      0x5f4 ./Core/storage/littlefs/lfs.o
 .text.lfs_dir_commit
                0x0000000008004a60       0x4a ./Core/storage/littlefs/lfs.o
 *fill*         0x0000000008004aaa        0x2 
 .text.lfs_mkdir_
                0x0000000008004aac      0x280 ./Core/storage/littlefs/lfs.o
 .text.lfs_ctz_index
                0x0000000008004d2c       0x70 ./Core/storage/littlefs/lfs.o
 .text.lfs_ctz_find
                0x0000000008004d9c       0xd6 ./Core/storage/littlefs/lfs.o
 *fill*         0x0000000008004e72        0x2 
 .text.lfs_ctz_extend
                0x0000000008004e74      0x210 ./Core/storage/littlefs/lfs.o
 .text.lfs_ctz_traverse
                0x0000000008005084       0xf8 ./Core/storage/littlefs/lfs.o
 .text.lfs_file_opencfg_
                0x000000000800517c      0x3a0 ./Core/storage/littlefs/lfs.o
 .text.lfs_file_open_
                0x000000000800551c       0x30 ./Core/storage/littlefs/lfs.o
 .text.lfs_file_close_
                0x000000000800554c       0x3a ./Core/storage/littlefs/lfs.o
 *fill*         0x0000000008005586        0x2 
 .text.lfs_file_relocate
                0x0000000008005588      0x1b4 ./Core/storage/littlefs/lfs.o
 .text.lfs_file_outline
                0x000000000800573c       0x42 ./Core/storage/littlefs/lfs.o
 *fill*         0x000000000800577e        0x2 
 .text.lfs_file_flush
                0x0000000008005780      0x1a8 ./Core/storage/littlefs/lfs.o
 .text.lfs_file_sync_
                0x0000000008005928      0x118 ./Core/storage/littlefs/lfs.o
 .text.lfs_file_flushedread
                0x0000000008005a40      0x1a4 ./Core/storage/littlefs/lfs.o
 .text.lfs_file_read_
                0x0000000008005be4       0x6c ./Core/storage/littlefs/lfs.o
 .text.lfs_file_flushedwrite
                0x0000000008005c50      0x21e ./Core/storage/littlefs/lfs.o
 *fill*         0x0000000008005e6e        0x2 
 .text.lfs_file_write_
                0x0000000008005e70      0x108 ./Core/storage/littlefs/lfs.o
 .text.lfs_file_seek_
                0x0000000008005f78      0x112 ./Core/storage/littlefs/lfs.o
 .text.lfs_file_size_
                0x000000000800608a       0x36 ./Core/storage/littlefs/lfs.o
 .text.lfs_remove_
                0x00000000080060c0      0x1b4 ./Core/storage/littlefs/lfs.o
 .text.lfs_init
                0x0000000008006274      0x4c4 ./Core/storage/littlefs/lfs.o
 .text.lfs_deinit
                0x0000000008006738       0x4e ./Core/storage/littlefs/lfs.o
 *fill*         0x0000000008006786        0x2 
 .text.lfs_format_
                0x0000000008006788      0x164 ./Core/storage/littlefs/lfs.o
 .text.lfs_mount_
                0x00000000080068ec      0x430 ./Core/storage/littlefs/lfs.o
 .text.lfs_unmount_
                0x0000000008006d1c       0x18 ./Core/storage/littlefs/lfs.o
 .text.lfs_fs_traverse_
                0x0000000008006d34      0x2a0 ./Core/storage/littlefs/lfs.o
 .text.lfs_fs_pred
                0x0000000008006fd4       0xe0 ./Core/storage/littlefs/lfs.o
 .text.lfs_fs_parent_match
                0x00000000080070b4       0x84 ./Core/storage/littlefs/lfs.o
 .text.lfs_fs_parent
                0x0000000008007138      0x104 ./Core/storage/littlefs/lfs.o
 .text.lfs_fs_prepsuperblock
                0x000000000800723c       0x28 ./Core/storage/littlefs/lfs.o
 .text.lfs_fs_preporphans
                0x0000000008007264       0xa0 ./Core/storage/littlefs/lfs.o
 .text.lfs_fs_prepmove
                0x0000000008007304       0x74 ./Core/storage/littlefs/lfs.o
 .text.lfs_fs_desuperblock
                0x0000000008007378       0xd8 ./Core/storage/littlefs/lfs.o
 .text.lfs_fs_demove
                0x0000000008007450       0xf8 ./Core/storage/littlefs/lfs.o
 .text.lfs_fs_deorphan
                0x0000000008007548      0x360 ./Core/storage/littlefs/lfs.o
 .text.lfs_fs_forceconsistency
                0x00000000080078a8       0x4a ./Core/storage/littlefs/lfs.o
 .text.lfs_fs_size_count
                0x00000000080078f2       0x24 ./Core/storage/littlefs/lfs.o
 *fill*         0x0000000008007916        0x2 
 .text.lfs_fs_size_
                0x0000000008007918       0x34 ./Core/storage/littlefs/lfs.o
 .text.lfs_format
                0x000000000800794c       0x2c ./Core/storage/littlefs/lfs.o
                0x000000000800794c                lfs_format
 .text.lfs_mount
                0x0000000008007978       0x2c ./Core/storage/littlefs/lfs.o
                0x0000000008007978                lfs_mount
 .text.lfs_remove
                0x00000000080079a4       0x2c ./Core/storage/littlefs/lfs.o
                0x00000000080079a4                lfs_remove
 .text.lfs_file_open
                0x00000000080079d0       0x68 ./Core/storage/littlefs/lfs.o
                0x00000000080079d0                lfs_file_open
 .text.lfs_file_close
                0x0000000008007a38       0x58 ./Core/storage/littlefs/lfs.o
                0x0000000008007a38                lfs_file_close
 .text.lfs_file_read
                0x0000000008007a90       0x60 ./Core/storage/littlefs/lfs.o
                0x0000000008007a90                lfs_file_read
 .text.lfs_file_write
                0x0000000008007af0       0x60 ./Core/storage/littlefs/lfs.o
                0x0000000008007af0                lfs_file_write
 .text.lfs_file_seek
                0x0000000008007b50       0x60 ./Core/storage/littlefs/lfs.o
                0x0000000008007b50                lfs_file_seek
 .text.lfs_mkdir
                0x0000000008007bb0       0x2c ./Core/storage/littlefs/lfs.o
                0x0000000008007bb0                lfs_mkdir
 .text.lfs_crc  0x0000000008007bdc       0x78 ./Core/storage/littlefs/lfs_util.o
                0x0000000008007bdc                lfs_crc
 .text.lfs_read
                0x0000000008007c54       0x40 ./Core/storage/local_storage.o
                0x0000000008007c54                lfs_read
 .text.lfs_write
                0x0000000008007c94       0x30 ./Core/storage/local_storage.o
                0x0000000008007c94                lfs_write
 .text.lfs_erase
                0x0000000008007cc4       0x20 ./Core/storage/local_storage.o
                0x0000000008007cc4                lfs_erase
 .text.lfs_sync
                0x0000000008007ce4       0x14 ./Core/storage/local_storage.o
                0x0000000008007ce4                lfs_sync
 .text.init_storage
                0x0000000008007cf8      0x2c8 ./Core/storage/local_storage.o
                0x0000000008007cf8                init_storage
 .text.mount    0x0000000008007fc0       0x50 ./Core/storage/local_storage.o
 .text.get_store_info
                0x0000000008008010      0x314 ./Core/storage/local_storage.o
 .text.set_store_info
                0x0000000008008324      0x2a4 ./Core/storage/local_storage.o
 .text.save_data
                0x00000000080085c8      0x210 ./Core/storage/local_storage.o
 .text.read_data
                0x00000000080087d8      0x1f4 ./Core/storage/local_storage.o
 .text.get_firmware_info
                0x00000000080089cc      0x3c8 ./Core/storage/local_storage.o
                0x00000000080089cc                get_firmware_info
 .text.set_firmware_info
                0x0000000008008d94      0x2c0 ./Core/storage/local_storage.o
                0x0000000008008d94                set_firmware_info
 .text.firmware_write
                0x0000000008009054      0x120 ./Core/storage/local_storage.o
 .text.firmware_read
                0x0000000008009174      0x10c ./Core/storage/local_storage.o
 .text.remove_firmware
                0x0000000008009280       0x98 ./Core/storage/local_storage.o
 .text.SPIF_Lock
                0x0000000008009318       0x26 ./Core/storage/spif/src/spif.o
                0x0000000008009318                SPIF_Lock
 .text.SPIF_UnLock
                0x000000000800933e       0x18 ./Core/storage/spif/src/spif.o
                0x000000000800933e                SPIF_UnLock
 .text.SPIF_CsPin
                0x0000000008009356       0x3a ./Core/storage/spif/src/spif.o
                0x0000000008009356                SPIF_CsPin
 .text.SPIF_TransmitReceive
                0x0000000008009390       0x3c ./Core/storage/spif/src/spif.o
                0x0000000008009390                SPIF_TransmitReceive
 .text.SPIF_Transmit
                0x00000000080093cc       0x36 ./Core/storage/spif/src/spif.o
                0x00000000080093cc                SPIF_Transmit
 .text.SPIF_Receive
                0x0000000008009402       0x36 ./Core/storage/spif/src/spif.o
                0x0000000008009402                SPIF_Receive
 .text.SPIF_WriteEnable
                0x0000000008009438       0x48 ./Core/storage/spif/src/spif.o
                0x0000000008009438                SPIF_WriteEnable
 .text.SPIF_WriteDisable
                0x0000000008009480       0x48 ./Core/storage/spif/src/spif.o
                0x0000000008009480                SPIF_WriteDisable
 .text.SPIF_ReadReg1
                0x00000000080094c8       0x4a ./Core/storage/spif/src/spif.o
                0x00000000080094c8                SPIF_ReadReg1
 .text.SPIF_WaitForWriting
                0x0000000008009512       0x4c ./Core/storage/spif/src/spif.o
                0x0000000008009512                SPIF_WaitForWriting
 *fill*         0x000000000800955e        0x2 
 .text.SPIF_FindChip
                0x0000000008009560      0x31c ./Core/storage/spif/src/spif.o
                0x0000000008009560                SPIF_FindChip
 .text.SPIF_WriteFn
                0x000000000800987c      0x164 ./Core/storage/spif/src/spif.o
                0x000000000800987c                SPIF_WriteFn
 .text.SPIF_ReadFn
                0x00000000080099e0       0xf6 ./Core/storage/spif/src/spif.o
                0x00000000080099e0                SPIF_ReadFn
 *fill*         0x0000000008009ad6        0x2 
 .text.SPIF_Init
                0x0000000008009ad8       0xa4 ./Core/storage/spif/src/spif.o
                0x0000000008009ad8                SPIF_Init
 .text.SPIF_EraseSector
                0x0000000008009b7c      0x106 ./Core/storage/spif/src/spif.o
                0x0000000008009b7c                SPIF_EraseSector
 .text.SPIF_WriteAddress
                0x0000000008009c82       0xae ./Core/storage/spif/src/spif.o
                0x0000000008009c82                SPIF_WriteAddress
 .text.SPIF_ReadAddress
                0x0000000008009d30       0x38 ./Core/storage/spif/src/spif.o
                0x0000000008009d30                SPIF_ReadAddress
 .text.HAL_Init
                0x0000000008009d68       0x2c ./Drivers/STM32F1xx_HAL_Driver/Src/stm32f1xx_hal.o
                0x0000000008009d68                HAL_Init
 .text.HAL_InitTick
                0x0000000008009d94       0x60 ./Drivers/STM32F1xx_HAL_Driver/Src/stm32f1xx_hal.o
                0x0000000008009d94                HAL_InitTick
 .text.HAL_IncTick
                0x0000000008009df4       0x24 ./Drivers/STM32F1xx_HAL_Driver/Src/stm32f1xx_hal.o
                0x0000000008009df4                HAL_IncTick
 .text.HAL_GetTick
                0x0000000008009e18       0x14 ./Drivers/STM32F1xx_HAL_Driver/Src/stm32f1xx_hal.o
                0x0000000008009e18                HAL_GetTick
 .text.HAL_Delay
                0x0000000008009e2c       0x48 ./Drivers/STM32F1xx_HAL_Driver/Src/stm32f1xx_hal.o
                0x0000000008009e2c                HAL_Delay
 .text.__NVIC_SetPriorityGrouping
                0x0000000008009e74       0x48 ./Drivers/STM32F1xx_HAL_Driver/Src/stm32f1xx_hal_cortex.o
 .text.__NVIC_GetPriorityGrouping
                0x0000000008009ebc       0x1c ./Drivers/STM32F1xx_HAL_Driver/Src/stm32f1xx_hal_cortex.o
 .text.__NVIC_SetPriority
                0x0000000008009ed8       0x54 ./Drivers/STM32F1xx_HAL_Driver/Src/stm32f1xx_hal_cortex.o
 .text.NVIC_EncodePriority
                0x0000000008009f2c       0x64 ./Drivers/STM32F1xx_HAL_Driver/Src/stm32f1xx_hal_cortex.o
 .text.SysTick_Config
                0x0000000008009f90       0x44 ./Drivers/STM32F1xx_HAL_Driver/Src/stm32f1xx_hal_cortex.o
 .text.HAL_NVIC_SetPriorityGrouping
                0x0000000008009fd4       0x16 ./Drivers/STM32F1xx_HAL_Driver/Src/stm32f1xx_hal_cortex.o
                0x0000000008009fd4                HAL_NVIC_SetPriorityGrouping
 .text.HAL_NVIC_SetPriority
                0x0000000008009fea       0x38 ./Drivers/STM32F1xx_HAL_Driver/Src/stm32f1xx_hal_cortex.o
                0x0000000008009fea                HAL_NVIC_SetPriority
 .text.HAL_SYSTICK_Config
                0x000000000800a022       0x18 ./Drivers/STM32F1xx_HAL_Driver/Src/stm32f1xx_hal_cortex.o
                0x000000000800a022                HAL_SYSTICK_Config
 *fill*         0x000000000800a03a        0x2 
 .text.HAL_GPIO_Init
                0x000000000800a03c      0x308 ./Drivers/STM32F1xx_HAL_Driver/Src/stm32f1xx_hal_gpio.o
                0x000000000800a03c                HAL_GPIO_Init
 .text.HAL_GPIO_WritePin
                0x000000000800a344       0x30 ./Drivers/STM32F1xx_HAL_Driver/Src/stm32f1xx_hal_gpio.o
                0x000000000800a344                HAL_GPIO_WritePin
 .text.HAL_RCC_OscConfig
                0x000000000800a374      0x504 ./Drivers/STM32F1xx_HAL_Driver/Src/stm32f1xx_hal_rcc.o
                0x000000000800a374                HAL_RCC_OscConfig
 .text.HAL_RCC_ClockConfig
                0x000000000800a878      0x1d4 ./Drivers/STM32F1xx_HAL_Driver/Src/stm32f1xx_hal_rcc.o
                0x000000000800a878                HAL_RCC_ClockConfig
 .text.HAL_RCC_GetSysClockFreq
                0x000000000800aa4c       0xa8 ./Drivers/STM32F1xx_HAL_Driver/Src/stm32f1xx_hal_rcc.o
                0x000000000800aa4c                HAL_RCC_GetSysClockFreq
 .text.HAL_RCC_GetHCLKFreq
                0x000000000800aaf4       0x14 ./Drivers/STM32F1xx_HAL_Driver/Src/stm32f1xx_hal_rcc.o
                0x000000000800aaf4                HAL_RCC_GetHCLKFreq
 .text.HAL_RCC_GetPCLK1Freq
                0x000000000800ab08       0x28 ./Drivers/STM32F1xx_HAL_Driver/Src/stm32f1xx_hal_rcc.o
                0x000000000800ab08                HAL_RCC_GetPCLK1Freq
 .text.HAL_RCC_GetPCLK2Freq
                0x000000000800ab30       0x28 ./Drivers/STM32F1xx_HAL_Driver/Src/stm32f1xx_hal_rcc.o
                0x000000000800ab30                HAL_RCC_GetPCLK2Freq
 .text.RCC_Delay
                0x000000000800ab58       0x3c ./Drivers/STM32F1xx_HAL_Driver/Src/stm32f1xx_hal_rcc.o
 .text.HAL_SPI_Init
                0x000000000800ab94      0x108 ./Drivers/STM32F1xx_HAL_Driver/Src/stm32f1xx_hal_spi.o
                0x000000000800ab94                HAL_SPI_Init
 .text.HAL_SPI_Transmit
                0x000000000800ac9c      0x286 ./Drivers/STM32F1xx_HAL_Driver/Src/stm32f1xx_hal_spi.o
                0x000000000800ac9c                HAL_SPI_Transmit
 .text.HAL_SPI_Receive
                0x000000000800af22      0x230 ./Drivers/STM32F1xx_HAL_Driver/Src/stm32f1xx_hal_spi.o
                0x000000000800af22                HAL_SPI_Receive
 .text.HAL_SPI_TransmitReceive
                0x000000000800b152      0x360 ./Drivers/STM32F1xx_HAL_Driver/Src/stm32f1xx_hal_spi.o
                0x000000000800b152                HAL_SPI_TransmitReceive
 *fill*         0x000000000800b4b2        0x2 
 .text.SPI_WaitFlagStateUntilTimeout
                0x000000000800b4b4      0x110 ./Drivers/STM32F1xx_HAL_Driver/Src/stm32f1xx_hal_spi.o
 .text.SPI_EndRxTransaction
                0x000000000800b5c4       0xa4 ./Drivers/STM32F1xx_HAL_Driver/Src/stm32f1xx_hal_spi.o
 .text.SPI_EndRxTxTransaction
                0x000000000800b668       0x3c ./Drivers/STM32F1xx_HAL_Driver/Src/stm32f1xx_hal_spi.o
 .text.HAL_UART_Init
                0x000000000800b6a4       0xa0 ./Drivers/STM32F1xx_HAL_Driver/Src/stm32f1xx_hal_uart.o
                0x000000000800b6a4                HAL_UART_Init
 .text.HAL_UART_Transmit
                0x000000000800b744      0x106 ./Drivers/STM32F1xx_HAL_Driver/Src/stm32f1xx_hal_uart.o
                0x000000000800b744                HAL_UART_Transmit
 .text.UART_WaitOnFlagUntilTimeout
                0x000000000800b84a       0xdc ./Drivers/STM32F1xx_HAL_Driver/Src/stm32f1xx_hal_uart.o
 *fill*         0x000000000800b926        0x2 
 .text.UART_SetConfig
                0x000000000800b928      0x11c ./Drivers/STM32F1xx_HAL_Driver/Src/stm32f1xx_hal_uart.o
 .text.__assert_func
                0x000000000800ba44       0x3c /opt/st/stm32cubeide_1.14.0/plugins/com.st.stm32cube.ide.mcu.externaltools.gnu-tools-for-stm32.11.3.rel1.linux64_1.1.100.202309141235/tools/bin/../lib/gcc/arm-none-eabi/11.3.1/../../../../arm-none-eabi/lib/thumb/v7-m/nofp/libc_nano.a(libc_a-assert.o)
                0x000000000800ba44                __assert_func
 .text.atoi     0x000000000800ba80        0x8 /opt/st/stm32cubeide_1.14.0/plugins/com.st.stm32cube.ide.mcu.externaltools.gnu-tools-for-stm32.11.3.rel1.linux64_1.1.100.202309141235/tools/bin/../lib/gcc/arm-none-eabi/11.3.1/../../../../arm-none-eabi/lib/thumb/v7-m/nofp/libc_nano.a(libc_a-atoi.o)
                0x000000000800ba80                atoi
 .text.__itoa   0x000000000800ba88       0x30 /opt/st/stm32cubeide_1.14.0/plugins/com.st.stm32cube.ide.mcu.externaltools.gnu-tools-for-stm32.11.3.rel1.linux64_1.1.100.202309141235/tools/bin/../lib/gcc/arm-none-eabi/11.3.1/../../../../arm-none-eabi/lib/thumb/v7-m/nofp/libc_nano.a(libc_a-itoa.o)
                0x000000000800ba88                __itoa
 .text.itoa     0x000000000800bab8        0x4 /opt/st/stm32cubeide_1.14.0/plugins/com.st.stm32cube.ide.mcu.externaltools.gnu-tools-for-stm32.11.3.rel1.linux64_1.1.100.202309141235/tools/bin/../lib/gcc/arm-none-eabi/11.3.1/../../../../arm-none-eabi/lib/thumb/v7-m/nofp/libc_nano.a(libc_a-itoa.o)
                0x000000000800bab8                itoa
 .text.malloc   0x000000000800babc       0x10 /opt/st/stm32cubeide_1.14.0/plugins/com.st.stm32cube.ide.mcu.externaltools.gnu-tools-for-stm32.11.3.rel1.linux64_1.1.100.202309141235/tools/bin/../lib/gcc/arm-none-eabi/11.3.1/../../../../arm-none-eabi/lib/thumb/v7-m/nofp/libc_nano.a(libc_a-malloc.o)
                0x000000000800babc                malloc
 .text.free     0x000000000800bacc       0x10 /opt/st/stm32cubeide_1.14.0/plugins/com.st.stm32cube.ide.mcu.externaltools.gnu-tools-for-stm32.11.3.rel1.linux64_1.1.100.202309141235/tools/bin/../lib/gcc/arm-none-eabi/11.3.1/../../../../arm-none-eabi/lib/thumb/v7-m/nofp/libc_nano.a(libc_a-malloc.o)
                0x000000000800bacc                free
 .text.sbrk_aligned
                0x000000000800badc       0x40 /opt/st/stm32cubeide_1.14.0/plugins/com.st.stm32cube.ide.mcu.externaltools.gnu-tools-for-stm32.11.3.rel1.linux64_1.1.100.202309141235/tools/bin/../lib/gcc/arm-none-eabi/11.3.1/../../../../arm-none-eabi/lib/thumb/v7-m/nofp/libc_nano.a(libc_a-mallocr.o)
 .text._malloc_r
                0x000000000800bb1c      0x100 /opt/st/stm32cubeide_1.14.0/plugins/com.st.stm32cube.ide.mcu.externaltools.gnu-tools-for-stm32.11.3.rel1.linux64_1.1.100.202309141235/tools/bin/../lib/gcc/arm-none-eabi/11.3.1/../../../../arm-none-eabi/lib/thumb/v7-m/nofp/libc_nano.a(libc_a-mallocr.o)
                0x000000000800bb1c                _malloc_r
 .text.__malloc_lock
                0x000000000800bc1c        0xc /opt/st/stm32cubeide_1.14.0/plugins/com.st.stm32cube.ide.mcu.externaltools.gnu-tools-for-stm32.11.3.rel1.linux64_1.1.100.202309141235/tools/bin/../lib/gcc/arm-none-eabi/11.3.1/../../../../arm-none-eabi/lib/thumb/v7-m/nofp/libc_nano.a(libc_a-mlock.o)
                0x000000000800bc1c                __malloc_lock
 .text.__malloc_unlock
                0x000000000800bc28        0xc /opt/st/stm32cubeide_1.14.0/plugins/com.st.stm32cube.ide.mcu.externaltools.gnu-tools-for-stm32.11.3.rel1.linux64_1.1.100.202309141235/tools/bin/../lib/gcc/arm-none-eabi/11.3.1/../../../../arm-none-eabi/lib/thumb/v7-m/nofp/libc_nano.a(libc_a-mlock.o)
                0x000000000800bc28                __malloc_unlock
 .text._strtol_l.constprop.0
                0x000000000800bc34       0xfc /opt/st/stm32cubeide_1.14.0/plugins/com.st.stm32cube.ide.mcu.externaltools.gnu-tools-for-stm32.11.3.rel1.linux64_1.1.100.202309141235/tools/bin/../lib/gcc/arm-none-eabi/11.3.1/../../../../arm-none-eabi/lib/thumb/v7-m/nofp/libc_nano.a(libc_a-strtol.o)
 .text.strtol   0x000000000800bd30       0x14 /opt/st/stm32cubeide_1.14.0/plugins/com.st.stm32cube.ide.mcu.externaltools.gnu-tools-for-stm32.11.3.rel1.linux64_1.1.100.202309141235/tools/bin/../lib/gcc/arm-none-eabi/11.3.1/../../../../arm-none-eabi/lib/thumb/v7-m/nofp/libc_nano.a(libc_a-strtol.o)
                0x000000000800bd30                strtol
 .text.__utoa   0x000000000800bd44       0x84 /opt/st/stm32cubeide_1.14.0/plugins/com.st.stm32cube.ide.mcu.externaltools.gnu-tools-for-stm32.11.3.rel1.linux64_1.1.100.202309141235/tools/bin/../lib/gcc/arm-none-eabi/11.3.1/../../../../arm-none-eabi/lib/thumb/v7-m/nofp/libc_nano.a(libc_a-utoa.o)
                0x000000000800bd44                __utoa
 .text.std      0x000000000800bdc8       0x6c /opt/st/stm32cubeide_1.14.0/plugins/com.st.stm32cube.ide.mcu.externaltools.gnu-tools-for-stm32.11.3.rel1.linux64_1.1.100.202309141235/tools/bin/../lib/gcc/arm-none-eabi/11.3.1/../../../../arm-none-eabi/lib/thumb/v7-m/nofp/libc_nano.a(libc_a-findfp.o)
 .text.stdio_exit_handler
                0x000000000800be34       0x18 /opt/st/stm32cubeide_1.14.0/plugins/com.st.stm32cube.ide.mcu.externaltools.gnu-tools-for-stm32.11.3.rel1.linux64_1.1.100.202309141235/tools/bin/../lib/gcc/arm-none-eabi/11.3.1/../../../../arm-none-eabi/lib/thumb/v7-m/nofp/libc_nano.a(libc_a-findfp.o)
 .text.cleanup_stdio
                0x000000000800be4c       0x40 /opt/st/stm32cubeide_1.14.0/plugins/com.st.stm32cube.ide.mcu.externaltools.gnu-tools-for-stm32.11.3.rel1.linux64_1.1.100.202309141235/tools/bin/../lib/gcc/arm-none-eabi/11.3.1/../../../../arm-none-eabi/lib/thumb/v7-m/nofp/libc_nano.a(libc_a-findfp.o)
 .text.global_stdio_init.part.0
                0x000000000800be8c       0x3c /opt/st/stm32cubeide_1.14.0/plugins/com.st.stm32cube.ide.mcu.externaltools.gnu-tools-for-stm32.11.3.rel1.linux64_1.1.100.202309141235/tools/bin/../lib/gcc/arm-none-eabi/11.3.1/../../../../arm-none-eabi/lib/thumb/v7-m/nofp/libc_nano.a(libc_a-findfp.o)
 .text.__sfp_lock_acquire
                0x000000000800bec8        0xc /opt/st/stm32cubeide_1.14.0/plugins/com.st.stm32cube.ide.mcu.externaltools.gnu-tools-for-stm32.11.3.rel1.linux64_1.1.100.202309141235/tools/bin/../lib/gcc/arm-none-eabi/11.3.1/../../../../arm-none-eabi/lib/thumb/v7-m/nofp/libc_nano.a(libc_a-findfp.o)
                0x000000000800bec8                __sfp_lock_acquire
 .text.__sfp_lock_release
                0x000000000800bed4        0xc /opt/st/stm32cubeide_1.14.0/plugins/com.st.stm32cube.ide.mcu.externaltools.gnu-tools-for-stm32.11.3.rel1.linux64_1.1.100.202309141235/tools/bin/../lib/gcc/arm-none-eabi/11.3.1/../../../../arm-none-eabi/lib/thumb/v7-m/nofp/libc_nano.a(libc_a-findfp.o)
                0x000000000800bed4                __sfp_lock_release
 .text.__sinit  0x000000000800bee0       0x30 /opt/st/stm32cubeide_1.14.0/plugins/com.st.stm32cube.ide.mcu.externaltools.gnu-tools-for-stm32.11.3.rel1.linux64_1.1.100.202309141235/tools/bin/../lib/gcc/arm-none-eabi/11.3.1/../../../../arm-none-eabi/lib/thumb/v7-m/nofp/libc_nano.a(libc_a-findfp.o)
                0x000000000800bee0                __sinit
 .text.fprintf  0x000000000800bf10       0x24 /opt/st/stm32cubeide_1.14.0/plugins/com.st.stm32cube.ide.mcu.externaltools.gnu-tools-for-stm32.11.3.rel1.linux64_1.1.100.202309141235/tools/bin/../lib/gcc/arm-none-eabi/11.3.1/../../../../arm-none-eabi/lib/thumb/v7-m/nofp/libc_nano.a(libc_a-fprintf.o)
                0x000000000800bf10                fprintf
                0x000000000800bf10                fiprintf
 .text._fwalk_sglue
                0x000000000800bf34       0x3c /opt/st/stm32cubeide_1.14.0/plugins/com.st.stm32cube.ide.mcu.externaltools.gnu-tools-for-stm32.11.3.rel1.linux64_1.1.100.202309141235/tools/bin/../lib/gcc/arm-none-eabi/11.3.1/../../../../arm-none-eabi/lib/thumb/v7-m/nofp/libc_nano.a(libc_a-fwalk.o)
                0x000000000800bf34                _fwalk_sglue
 .text.printf   0x000000000800bf70       0x24 /opt/st/stm32cubeide_1.14.0/plugins/com.st.stm32cube.ide.mcu.externaltools.gnu-tools-for-stm32.11.3.rel1.linux64_1.1.100.202309141235/tools/bin/../lib/gcc/arm-none-eabi/11.3.1/../../../../arm-none-eabi/lib/thumb/v7-m/nofp/libc_nano.a(libc_a-printf.o)
                0x000000000800bf70                printf
                0x000000000800bf70                iprintf
 .text.putchar  0x000000000800bf94       0x10 /opt/st/stm32cubeide_1.14.0/plugins/com.st.stm32cube.ide.mcu.externaltools.gnu-tools-for-stm32.11.3.rel1.linux64_1.1.100.202309141235/tools/bin/../lib/gcc/arm-none-eabi/11.3.1/../../../../arm-none-eabi/lib/thumb/v7-m/nofp/libc_nano.a(libc_a-putchar.o)
                0x000000000800bf94                putchar
 .text._puts_r  0x000000000800bfa4       0xa8 /opt/st/stm32cubeide_1.14.0/plugins/com.st.stm32cube.ide.mcu.externaltools.gnu-tools-for-stm32.11.3.rel1.linux64_1.1.100.202309141235/tools/bin/../lib/gcc/arm-none-eabi/11.3.1/../../../../arm-none-eabi/lib/thumb/v7-m/nofp/libc_nano.a(libc_a-puts.o)
                0x000000000800bfa4                _puts_r
 .text.puts     0x000000000800c04c       0x10 /opt/st/stm32cubeide_1.14.0/plugins/com.st.stm32cube.ide.mcu.externaltools.gnu-tools-for-stm32.11.3.rel1.linux64_1.1.100.202309141235/tools/bin/../lib/gcc/arm-none-eabi/11.3.1/../../../../arm-none-eabi/lib/thumb/v7-m/nofp/libc_nano.a(libc_a-puts.o)
                0x000000000800c04c                puts
 .text.__sread  0x000000000800c05c       0x22 /opt/st/stm32cubeide_1.14.0/plugins/com.st.stm32cube.ide.mcu.externaltools.gnu-tools-for-stm32.11.3.rel1.linux64_1.1.100.202309141235/tools/bin/../lib/gcc/arm-none-eabi/11.3.1/../../../../arm-none-eabi/lib/thumb/v7-m/nofp/libc_nano.a(libc_a-stdio.o)
                0x000000000800c05c                __sread
 .text.__swrite
                0x000000000800c07e       0x38 /opt/st/stm32cubeide_1.14.0/plugins/com.st.stm32cube.ide.mcu.externaltools.gnu-tools-for-stm32.11.3.rel1.linux64_1.1.100.202309141235/tools/bin/../lib/gcc/arm-none-eabi/11.3.1/../../../../arm-none-eabi/lib/thumb/v7-m/nofp/libc_nano.a(libc_a-stdio.o)
                0x000000000800c07e                __swrite
 .text.__sseek  0x000000000800c0b6       0x24 /opt/st/stm32cubeide_1.14.0/plugins/com.st.stm32cube.ide.mcu.externaltools.gnu-tools-for-stm32.11.3.rel1.linux64_1.1.100.202309141235/tools/bin/../lib/gcc/arm-none-eabi/11.3.1/../../../../arm-none-eabi/lib/thumb/v7-m/nofp/libc_nano.a(libc_a-stdio.o)
                0x000000000800c0b6                __sseek
 .text.__sclose
                0x000000000800c0da        0x8 /opt/st/stm32cubeide_1.14.0/plugins/com.st.stm32cube.ide.mcu.externaltools.gnu-tools-for-stm32.11.3.rel1.linux64_1.1.100.202309141235/tools/bin/../lib/gcc/arm-none-eabi/11.3.1/../../../../arm-none-eabi/lib/thumb/v7-m/nofp/libc_nano.a(libc_a-stdio.o)
                0x000000000800c0da                __sclose
 .text.__swbuf_r
                0x000000000800c0e2       0x7a /opt/st/stm32cubeide_1.14.0/plugins/com.st.stm32cube.ide.mcu.externaltools.gnu-tools-for-stm32.11.3.rel1.linux64_1.1.100.202309141235/tools/bin/../lib/gcc/arm-none-eabi/11.3.1/../../../../arm-none-eabi/lib/thumb/v7-m/nofp/libc_nano.a(libc_a-wbuf.o)
                0x000000000800c0e2                __swbuf_r
 .text.__swsetup_r
                0x000000000800c15c       0xb0 /opt/st/stm32cubeide_1.14.0/plugins/com.st.stm32cube.ide.mcu.externaltools.gnu-tools-for-stm32.11.3.rel1.linux64_1.1.100.202309141235/tools/bin/../lib/gcc/arm-none-eabi/11.3.1/../../../../arm-none-eabi/lib/thumb/v7-m/nofp/libc_nano.a(libc_a-wsetup.o)
                0x000000000800c15c                __swsetup_r
 .text.memcmp   0x000000000800c20c       0x20 /opt/st/stm32cubeide_1.14.0/plugins/com.st.stm32cube.ide.mcu.externaltools.gnu-tools-for-stm32.11.3.rel1.linux64_1.1.100.202309141235/tools/bin/../lib/gcc/arm-none-eabi/11.3.1/../../../../arm-none-eabi/lib/thumb/v7-m/nofp/libc_nano.a(libc_a-memcmp.o)
                0x000000000800c20c                memcmp
 .text.memset   0x000000000800c22c       0x10 /opt/st/stm32cubeide_1.14.0/plugins/com.st.stm32cube.ide.mcu.externaltools.gnu-tools-for-stm32.11.3.rel1.linux64_1.1.100.202309141235/tools/bin/../lib/gcc/arm-none-eabi/11.3.1/../../../../arm-none-eabi/lib/thumb/v7-m/nofp/libc_nano.a(libc_a-memset.o)
                0x000000000800c22c                memset
 .text.strcat   0x000000000800c23c       0x1e /opt/st/stm32cubeide_1.14.0/plugins/com.st.stm32cube.ide.mcu.externaltools.gnu-tools-for-stm32.11.3.rel1.linux64_1.1.100.202309141235/tools/bin/../lib/gcc/arm-none-eabi/11.3.1/../../../../arm-none-eabi/lib/thumb/v7-m/nofp/libc_nano.a(libc_a-strcat.o)
                0x000000000800c23c                strcat
 .text.strchr   0x000000000800c25a       0x1a /opt/st/stm32cubeide_1.14.0/plugins/com.st.stm32cube.ide.mcu.externaltools.gnu-tools-for-stm32.11.3.rel1.linux64_1.1.100.202309141235/tools/bin/../lib/gcc/arm-none-eabi/11.3.1/../../../../arm-none-eabi/lib/thumb/v7-m/nofp/libc_nano.a(libc_a-strchr.o)
                0x000000000800c25a                strchr
 .text.strcspn  0x000000000800c274       0x22 /opt/st/stm32cubeide_1.14.0/plugins/com.st.stm32cube.ide.mcu.externaltools.gnu-tools-for-stm32.11.3.rel1.linux64_1.1.100.202309141235/tools/bin/../lib/gcc/arm-none-eabi/11.3.1/../../../../arm-none-eabi/lib/thumb/v7-m/nofp/libc_nano.a(libc_a-strcspn.o)
                0x000000000800c274                strcspn
 .text.strspn   0x000000000800c296       0x20 /opt/st/stm32cubeide_1.14.0/plugins/com.st.stm32cube.ide.mcu.externaltools.gnu-tools-for-stm32.11.3.rel1.linux64_1.1.100.202309141235/tools/bin/../lib/gcc/arm-none-eabi/11.3.1/../../../../arm-none-eabi/lib/thumb/v7-m/nofp/libc_nano.a(libc_a-strspn.o)
                0x000000000800c296                strspn
 *fill*         0x000000000800c2b6        0x2 
 .text._close_r
                0x000000000800c2b8       0x20 /opt/st/stm32cubeide_1.14.0/plugins/com.st.stm32cube.ide.mcu.externaltools.gnu-tools-for-stm32.11.3.rel1.linux64_1.1.100.202309141235/tools/bin/../lib/gcc/arm-none-eabi/11.3.1/../../../../arm-none-eabi/lib/thumb/v7-m/nofp/libc_nano.a(libc_a-closer.o)
                0x000000000800c2b8                _close_r
 .text._lseek_r
                0x000000000800c2d8       0x24 /opt/st/stm32cubeide_1.14.0/plugins/com.st.stm32cube.ide.mcu.externaltools.gnu-tools-for-stm32.11.3.rel1.linux64_1.1.100.202309141235/tools/bin/../lib/gcc/arm-none-eabi/11.3.1/../../../../arm-none-eabi/lib/thumb/v7-m/nofp/libc_nano.a(libc_a-lseekr.o)
                0x000000000800c2d8                _lseek_r
 .text._read_r  0x000000000800c2fc       0x24 /opt/st/stm32cubeide_1.14.0/plugins/com.st.stm32cube.ide.mcu.externaltools.gnu-tools-for-stm32.11.3.rel1.linux64_1.1.100.202309141235/tools/bin/../lib/gcc/arm-none-eabi/11.3.1/../../../../arm-none-eabi/lib/thumb/v7-m/nofp/libc_nano.a(libc_a-readr.o)
                0x000000000800c2fc                _read_r
 .text._sbrk_r  0x000000000800c320       0x20 /opt/st/stm32cubeide_1.14.0/plugins/com.st.stm32cube.ide.mcu.externaltools.gnu-tools-for-stm32.11.3.rel1.linux64_1.1.100.202309141235/tools/bin/../lib/gcc/arm-none-eabi/11.3.1/../../../../arm-none-eabi/lib/thumb/v7-m/nofp/libc_nano.a(libc_a-sbrkr.o)
                0x000000000800c320                _sbrk_r
 .text._write_r
                0x000000000800c340       0x24 /opt/st/stm32cubeide_1.14.0/plugins/com.st.stm32cube.ide.mcu.externaltools.gnu-tools-for-stm32.11.3.rel1.linux64_1.1.100.202309141235/tools/bin/../lib/gcc/arm-none-eabi/11.3.1/../../../../arm-none-eabi/lib/thumb/v7-m/nofp/libc_nano.a(libc_a-writer.o)
                0x000000000800c340                _write_r
 .text.__errno  0x000000000800c364        0xc /opt/st/stm32cubeide_1.14.0/plugins/com.st.stm32cube.ide.mcu.externaltools.gnu-tools-for-stm32.11.3.rel1.linux64_1.1.100.202309141235/tools/bin/../lib/gcc/arm-none-eabi/11.3.1/../../../../arm-none-eabi/lib/thumb/v7-m/nofp/libc_nano.a(libc_a-errno.o)
                0x000000000800c364                __errno
 .text.__libc_init_array
                0x000000000800c370       0x48 /opt/st/stm32cubeide_1.14.0/plugins/com.st.stm32cube.ide.mcu.externaltools.gnu-tools-for-stm32.11.3.rel1.linux64_1.1.100.202309141235/tools/bin/../lib/gcc/arm-none-eabi/11.3.1/../../../../arm-none-eabi/lib/thumb/v7-m/nofp/libc_nano.a(libc_a-init.o)
                0x000000000800c370                __libc_init_array
 .text.__retarget_lock_init_recursive
                0x000000000800c3b8        0x2 /opt/st/stm32cubeide_1.14.0/plugins/com.st.stm32cube.ide.mcu.externaltools.gnu-tools-for-stm32.11.3.rel1.linux64_1.1.100.202309141235/tools/bin/../lib/gcc/arm-none-eabi/11.3.1/../../../../arm-none-eabi/lib/thumb/v7-m/nofp/libc_nano.a(libc_a-lock.o)
                0x000000000800c3b8                __retarget_lock_init_recursive
 .text.__retarget_lock_acquire_recursive
                0x000000000800c3ba        0x2 /opt/st/stm32cubeide_1.14.0/plugins/com.st.stm32cube.ide.mcu.externaltools.gnu-tools-for-stm32.11.3.rel1.linux64_1.1.100.202309141235/tools/bin/../lib/gcc/arm-none-eabi/11.3.1/../../../../arm-none-eabi/lib/thumb/v7-m/nofp/libc_nano.a(libc_a-lock.o)
                0x000000000800c3ba                __retarget_lock_acquire_recursive
 .text.__retarget_lock_release_recursive
                0x000000000800c3bc        0x2 /opt/st/stm32cubeide_1.14.0/plugins/com.st.stm32cube.ide.mcu.externaltools.gnu-tools-for-stm32.11.3.rel1.linux64_1.1.100.202309141235/tools/bin/../lib/gcc/arm-none-eabi/11.3.1/../../../../arm-none-eabi/lib/thumb/v7-m/nofp/libc_nano.a(libc_a-lock.o)
                0x000000000800c3bc                __retarget_lock_release_recursive
 .text.strcpy   0x000000000800c3be       0x10 /opt/st/stm32cubeide_1.14.0/plugins/com.st.stm32cube.ide.mcu.externaltools.gnu-tools-for-stm32.11.3.rel1.linux64_1.1.100.202309141235/tools/bin/../lib/gcc/arm-none-eabi/11.3.1/../../../../arm-none-eabi/lib/thumb/v7-m/nofp/libc_nano.a(libc_a-strcpy.o)
                0x000000000800c3be                strcpy
 .text.memcpy   0x000000000800c3ce       0x1c /opt/st/stm32cubeide_1.14.0/plugins/com.st.stm32cube.ide.mcu.externaltools.gnu-tools-for-stm32.11.3.rel1.linux64_1.1.100.202309141235/tools/bin/../lib/gcc/arm-none-eabi/11.3.1/../../../../arm-none-eabi/lib/thumb/v7-m/nofp/libc_nano.a(libc_a-memcpy-stub.o)
                0x000000000800c3ce                memcpy
 .text.abort    0x000000000800c3ea        0xe /opt/st/stm32cubeide_1.14.0/plugins/com.st.stm32cube.ide.mcu.externaltools.gnu-tools-for-stm32.11.3.rel1.linux64_1.1.100.202309141235/tools/bin/../lib/gcc/arm-none-eabi/11.3.1/../../../../arm-none-eabi/lib/thumb/v7-m/nofp/libc_nano.a(libc_a-abort.o)
                0x000000000800c3ea                abort
 .text._free_r  0x000000000800c3f8       0x90 /opt/st/stm32cubeide_1.14.0/plugins/com.st.stm32cube.ide.mcu.externaltools.gnu-tools-for-stm32.11.3.rel1.linux64_1.1.100.202309141235/tools/bin/../lib/gcc/arm-none-eabi/11.3.1/../../../../arm-none-eabi/lib/thumb/v7-m/nofp/libc_nano.a(libc_a-freer.o)
                0x000000000800c3f8                _free_r
 .text.__sfputc_r
                0x000000000800c488       0x2a /opt/st/stm32cubeide_1.14.0/plugins/com.st.stm32cube.ide.mcu.externaltools.gnu-tools-for-stm32.11.3.rel1.linux64_1.1.100.202309141235/tools/bin/../lib/gcc/arm-none-eabi/11.3.1/../../../../arm-none-eabi/lib/thumb/v7-m/nofp/libc_nano.a(libc_a-nano-vfprintf.o)
 .text.__sfputs_r
                0x000000000800c4b2       0x24 /opt/st/stm32cubeide_1.14.0/plugins/com.st.stm32cube.ide.mcu.externaltools.gnu-tools-for-stm32.11.3.rel1.linux64_1.1.100.202309141235/tools/bin/../lib/gcc/arm-none-eabi/11.3.1/../../../../arm-none-eabi/lib/thumb/v7-m/nofp/libc_nano.a(libc_a-nano-vfprintf.o)
                0x000000000800c4b2                __sfputs_r
 *fill*         0x000000000800c4d6        0x2 
 .text._vfprintf_r
                0x000000000800c4d8      0x234 /opt/st/stm32cubeide_1.14.0/plugins/com.st.stm32cube.ide.mcu.externaltools.gnu-tools-for-stm32.11.3.rel1.linux64_1.1.100.202309141235/tools/bin/../lib/gcc/arm-none-eabi/11.3.1/../../../../arm-none-eabi/lib/thumb/v7-m/nofp/libc_nano.a(libc_a-nano-vfprintf.o)
                0x000000000800c4d8                _vfiprintf_r
                0x000000000800c4d8                _vfprintf_r
 .text._printf_common
                0x000000000800c70c       0xe4 /opt/st/stm32cubeide_1.14.0/plugins/com.st.stm32cube.ide.mcu.externaltools.gnu-tools-for-stm32.11.3.rel1.linux64_1.1.100.202309141235/tools/bin/../lib/gcc/arm-none-eabi/11.3.1/../../../../arm-none-eabi/lib/thumb/v7-m/nofp/libc_nano.a(libc_a-nano-vfprintf_i.o)
                0x000000000800c70c                _printf_common
 .text._printf_i
                0x000000000800c7f0      0x244 /opt/st/stm32cubeide_1.14.0/plugins/com.st.stm32cube.ide.mcu.externaltools.gnu-tools-for-stm32.11.3.rel1.linux64_1.1.100.202309141235/tools/bin/../lib/gcc/arm-none-eabi/11.3.1/../../../../arm-none-eabi/lib/thumb/v7-m/nofp/libc_nano.a(libc_a-nano-vfprintf_i.o)
                0x000000000800c7f0                _printf_i
 .text.__sflush_r
                0x000000000800ca34      0x104 /opt/st/stm32cubeide_1.14.0/plugins/com.st.stm32cube.ide.mcu.externaltools.gnu-tools-for-stm32.11.3.rel1.linux64_1.1.100.202309141235/tools/bin/../lib/gcc/arm-none-eabi/11.3.1/../../../../arm-none-eabi/lib/thumb/v7-m/nofp/libc_nano.a(libc_a-fflush.o)
                0x000000000800ca34                __sflush_r
 .text._fflush_r
                0x000000000800cb38       0x50 /opt/st/stm32cubeide_1.14.0/plugins/com.st.stm32cube.ide.mcu.externaltools.gnu-tools-for-stm32.11.3.rel1.linux64_1.1.100.202309141235/tools/bin/../lib/gcc/arm-none-eabi/11.3.1/../../../../arm-none-eabi/lib/thumb/v7-m/nofp/libc_nano.a(libc_a-fflush.o)
                0x000000000800cb38                _fflush_r
 .text.__swhatbuf_r
                0x000000000800cb88       0x4a /opt/st/stm32cubeide_1.14.0/plugins/com.st.stm32cube.ide.mcu.externaltools.gnu-tools-for-stm32.11.3.rel1.linux64_1.1.100.202309141235/tools/bin/../lib/gcc/arm-none-eabi/11.3.1/../../../../arm-none-eabi/lib/thumb/v7-m/nofp/libc_nano.a(libc_a-makebuf.o)
                0x000000000800cb88                __swhatbuf_r
 .text.__smakebuf_r
                0x000000000800cbd2       0x78 /opt/st/stm32cubeide_1.14.0/plugins/com.st.stm32cube.ide.mcu.externaltools.gnu-tools-for-stm32.11.3.rel1.linux64_1.1.100.202309141235/tools/bin/../lib/gcc/arm-none-eabi/11.3.1/../../../../arm-none-eabi/lib/thumb/v7-m/nofp/libc_nano.a(libc_a-makebuf.o)
                0x000000000800cbd2                __smakebuf_r
 .text._putc_r  0x000000000800cc4a       0x68 /opt/st/stm32cubeide_1.14.0/plugins/com.st.stm32cube.ide.mcu.externaltools.gnu-tools-for-stm32.11.3.rel1.linux64_1.1.100.202309141235/tools/bin/../lib/gcc/arm-none-eabi/11.3.1/../../../../arm-none-eabi/lib/thumb/v7-m/nofp/libc_nano.a(libc_a-putc.o)
                0x000000000800cc4a                _putc_r
 .text._raise_r
                0x000000000800ccb2       0x50 /opt/st/stm32cubeide_1.14.0/plugins/com.st.stm32cube.ide.mcu.externaltools.gnu-tools-for-stm32.11.3.rel1.linux64_1.1.100.202309141235/tools/bin/../lib/gcc/arm-none-eabi/11.3.1/../../../../arm-none-eabi/lib/thumb/v7-m/nofp/libc_nano.a(libc_a-signal.o)
                0x000000000800ccb2                _raise_r
 *fill*         0x000000000800cd02        0x2 
 .text.raise    0x000000000800cd04       0x10 /opt/st/stm32cubeide_1.14.0/plugins/com.st.stm32cube.ide.mcu.externaltools.gnu-tools-for-stm32.11.3.rel1.linux64_1.1.100.202309141235/tools/bin/../lib/gcc/arm-none-eabi/11.3.1/../../../../arm-none-eabi/lib/thumb/v7-m/nofp/libc_nano.a(libc_a-signal.o)
                0x000000000800cd04                raise
 .text._fstat_r
                0x000000000800cd14       0x24 /opt/st/stm32cubeide_1.14.0/plugins/com.st.stm32cube.ide.mcu.externaltools.gnu-tools-for-stm32.11.3.rel1.linux64_1.1.100.202309141235/tools/bin/../lib/gcc/arm-none-eabi/11.3.1/../../../../arm-none-eabi/lib/thumb/v7-m/nofp/libc_nano.a(libc_a-fstatr.o)
                0x000000000800cd14                _fstat_r
 .text._isatty_r
                0x000000000800cd38       0x20 /opt/st/stm32cubeide_1.14.0/plugins/com.st.stm32cube.ide.mcu.externaltools.gnu-tools-for-stm32.11.3.rel1.linux64_1.1.100.202309141235/tools/bin/../lib/gcc/arm-none-eabi/11.3.1/../../../../arm-none-eabi/lib/thumb/v7-m/nofp/libc_nano.a(libc_a-isattyr.o)
                0x000000000800cd38                _isatty_r
 .text._kill_r  0x000000000800cd58       0x24 /opt/st/stm32cubeide_1.14.0/plugins/com.st.stm32cube.ide.mcu.externaltools.gnu-tools-for-stm32.11.3.rel1.linux64_1.1.100.202309141235/tools/bin/../lib/gcc/arm-none-eabi/11.3.1/../../../../arm-none-eabi/lib/thumb/v7-m/nofp/libc_nano.a(libc_a-signalr.o)
                0x000000000800cd58                _kill_r
 .text._getpid_r
                0x000000000800cd7c        0x4 /opt/st/stm32cubeide_1.14.0/plugins/com.st.stm32cube.ide.mcu.externaltools.gnu-tools-for-stm32.11.3.rel1.linux64_1.1.100.202309141235/tools/bin/../lib/gcc/arm-none-eabi/11.3.1/../../../../arm-none-eabi/lib/thumb/v7-m/nofp/libc_nano.a(libc_a-signalr.o)
                0x000000000800cd7c                _getpid_r
 .text.memchr   0x000000000800cd80       0x1c /opt/st/stm32cubeide_1.14.0/plugins/com.st.stm32cube.ide.mcu.externaltools.gnu-tools-for-stm32.11.3.rel1.linux64_1.1.100.202309141235/tools/bin/../lib/gcc/arm-none-eabi/11.3.1/../../../../arm-none-eabi/lib/thumb/v7-m/nofp/libc_nano.a(libc_a-memchr-stub.o)
                0x000000000800cd80                memchr
 *(.glue_7)
 .glue_7        0x000000000800cd9c        0x0 linker stubs
 *(.glue_7t)
 .glue_7t       0x000000000800cd9c        0x0 linker stubs
 *(.eh_frame)
 .eh_frame      0x000000000800cd9c        0x0 /opt/st/stm32cubeide_1.14.0/plugins/com.st.stm32cube.ide.mcu.externaltools.gnu-tools-for-stm32.11.3.rel1.linux64_1.1.100.202309141235/tools/bin/../lib/gcc/arm-none-eabi/11.3.1/thumb/v7-m/nofp/crtbegin.o
 *(.init)
 .init          0x000000000800cd9c        0x4 /opt/st/stm32cubeide_1.14.0/plugins/com.st.stm32cube.ide.mcu.externaltools.gnu-tools-for-stm32.11.3.rel1.linux64_1.1.100.202309141235/tools/bin/../lib/gcc/arm-none-eabi/11.3.1/thumb/v7-m/nofp/crti.o
                0x000000000800cd9c                _init
 .init          0x000000000800cda0        0x8 /opt/st/stm32cubeide_1.14.0/plugins/com.st.stm32cube.ide.mcu.externaltools.gnu-tools-for-stm32.11.3.rel1.linux64_1.1.100.202309141235/tools/bin/../lib/gcc/arm-none-eabi/11.3.1/thumb/v7-m/nofp/crtn.o
 *(.fini)
 .fini          0x000000000800cda8        0x4 /opt/st/stm32cubeide_1.14.0/plugins/com.st.stm32cube.ide.mcu.externaltools.gnu-tools-for-stm32.11.3.rel1.linux64_1.1.100.202309141235/tools/bin/../lib/gcc/arm-none-eabi/11.3.1/thumb/v7-m/nofp/crti.o
                0x000000000800cda8                _fini
 .fini          0x000000000800cdac        0x8 /opt/st/stm32cubeide_1.14.0/plugins/com.st.stm32cube.ide.mcu.externaltools.gnu-tools-for-stm32.11.3.rel1.linux64_1.1.100.202309141235/tools/bin/../lib/gcc/arm-none-eabi/11.3.1/thumb/v7-m/nofp/crtn.o
                0x000000000800cdb4                . = ALIGN (0x4)
                0x000000000800cdb4                _etext = .

.vfp11_veneer   0x000000000800cdb4        0x0
 .vfp11_veneer  0x000000000800cdb4        0x0 linker stubs

.v4_bx          0x000000000800cdb4        0x0
 .v4_bx         0x000000000800cdb4        0x0 linker stubs

.iplt           0x000000000800cdb4        0x0
 .iplt          0x000000000800cdb4        0x0 /opt/st/stm32cubeide_1.14.0/plugins/com.st.stm32cube.ide.mcu.externaltools.gnu-tools-for-stm32.11.3.rel1.linux64_1.1.100.202309141235/tools/bin/../lib/gcc/arm-none-eabi/11.3.1/thumb/v7-m/nofp/crtbegin.o

.rodata         0x000000000800cdb4     0x186c
                0x000000000800cdb4                . = ALIGN (0x4)
 *(.rodata)
 .rodata        0x000000000800cdb4       0xb7 ./Core/Src/main.o
 *fill*         0x000000000800ce6b        0x1 
 .rodata        0x000000000800ce6c      0xc62 ./Core/storage/littlefs/lfs.o
 *fill*         0x000000000800dace        0x2 
 .rodata        0x000000000800dad0      0x743 ./Core/storage/local_storage.o
 *fill*         0x000000000800e213        0x1 
 .rodata        0x000000000800e214        0xf ./Core/storage/spif/src/spif.o
 *(.rodata*)
 *fill*         0x000000000800e223        0x1 
 .rodata.AHBPrescTable
                0x000000000800e224       0x10 ./Core/Src/system_stm32f1xx.o
                0x000000000800e224                AHBPrescTable
 .rodata.APBPrescTable
                0x000000000800e234        0x8 ./Core/Src/system_stm32f1xx.o
                0x000000000800e234                APBPrescTable
 .rodata.__func__.28
                0x000000000800e23c        0xc ./Core/storage/littlefs/lfs.o
 .rodata.__func__.27
                0x000000000800e248        0xd ./Core/storage/littlefs/lfs.o
 *fill*         0x000000000800e255        0x3 
 .rodata.__func__.26
                0x000000000800e258        0xc ./Core/storage/littlefs/lfs.o
 .rodata.__func__.25
                0x000000000800e264        0xc ./Core/storage/littlefs/lfs.o
 .rodata.__func__.24
                0x000000000800e270        0xd ./Core/storage/littlefs/lfs.o
 *fill*         0x000000000800e27d        0x3 
 .rodata.__func__.23
                0x000000000800e280       0x11 ./Core/storage/littlefs/lfs.o
 *fill*         0x000000000800e291        0x3 
 .rodata.__func__.22
                0x000000000800e294       0x10 ./Core/storage/littlefs/lfs.o
 .rodata.__func__.21
                0x000000000800e2a4       0x19 ./Core/storage/littlefs/lfs.o
 *fill*         0x000000000800e2bd        0x3 
 .rodata.__func__.20
                0x000000000800e2c0       0x18 ./Core/storage/littlefs/lfs.o
 .rodata.defaults.19
                0x000000000800e2d8        0xc ./Core/storage/littlefs/lfs.o
 .rodata.__func__.18
                0x000000000800e2e4        0xf ./Core/storage/littlefs/lfs.o
 *fill*         0x000000000800e2f3        0x1 
 .rodata.__func__.17
                0x000000000800e2f4       0x10 ./Core/storage/littlefs/lfs.o
 .rodata.__func__.15
                0x000000000800e304        0x9 ./Core/storage/littlefs/lfs.o
 *fill*         0x000000000800e30d        0x3 
 .rodata.__func__.14
                0x000000000800e310        0xc ./Core/storage/littlefs/lfs.o
 .rodata.__func__.13
                0x000000000800e31c       0x13 ./Core/storage/littlefs/lfs.o
 *fill*         0x000000000800e32f        0x1 
 .rodata.__func__.12
                0x000000000800e330        0xe ./Core/storage/littlefs/lfs.o
 *fill*         0x000000000800e33e        0x2 
 .rodata.__func__.10
                0x000000000800e340        0xe ./Core/storage/littlefs/lfs.o
 *fill*         0x000000000800e34e        0x2 
 .rodata.__func__.8
                0x000000000800e350        0xf ./Core/storage/littlefs/lfs.o
 *fill*         0x000000000800e35f        0x1 
 .rodata.__func__.6
                0x000000000800e360        0xe ./Core/storage/littlefs/lfs.o
 *fill*         0x000000000800e36e        0x2 
 .rodata.__func__.5
                0x000000000800e370        0xf ./Core/storage/littlefs/lfs.o
 *fill*         0x000000000800e37f        0x1 
 .rodata.__func__.4
                0x000000000800e380        0xe ./Core/storage/littlefs/lfs.o
 *fill*         0x000000000800e38e        0x2 
 .rodata.rtable.0
                0x000000000800e390       0x40 ./Core/storage/littlefs/lfs_util.o
 .rodata.info_storage_keys
                0x000000000800e3d0       0x6c ./Core/storage/local_storage.o
                0x000000000800e3d0                info_storage_keys
 .rodata.info_firmware_keys
                0x000000000800e43c       0x3c ./Core/storage/local_storage.o
                0x000000000800e43c                info_firmware_keys
 .rodata.aPLLMULFactorTable.1
                0x000000000800e478       0x10 ./Drivers/STM32F1xx_HAL_Driver/Src/stm32f1xx_hal_rcc.o
 .rodata.aPredivFactorTable.0
                0x000000000800e488        0x2 ./Drivers/STM32F1xx_HAL_Driver/Src/stm32f1xx_hal_rcc.o
 .rodata.__assert_func.str1.1
                0x000000000800e48a       0x3c /opt/st/stm32cubeide_1.14.0/plugins/com.st.stm32cube.ide.mcu.externaltools.gnu-tools-for-stm32.11.3.rel1.linux64_1.1.100.202309141235/tools/bin/../lib/gcc/arm-none-eabi/11.3.1/../../../../arm-none-eabi/lib/thumb/v7-m/nofp/libc_nano.a(libc_a-assert.o)
                                         0x3d (size before relaxing)
 .rodata.__utoa.str1.1
                0x000000000800e4c6       0x25 /opt/st/stm32cubeide_1.14.0/plugins/com.st.stm32cube.ide.mcu.externaltools.gnu-tools-for-stm32.11.3.rel1.linux64_1.1.100.202309141235/tools/bin/../lib/gcc/arm-none-eabi/11.3.1/../../../../arm-none-eabi/lib/thumb/v7-m/nofp/libc_nano.a(libc_a-utoa.o)
 .rodata._ctype_
                0x000000000800e4eb      0x101 /opt/st/stm32cubeide_1.14.0/plugins/com.st.stm32cube.ide.mcu.externaltools.gnu-tools-for-stm32.11.3.rel1.linux64_1.1.100.202309141235/tools/bin/../lib/gcc/arm-none-eabi/11.3.1/../../../../arm-none-eabi/lib/thumb/v7-m/nofp/libc_nano.a(libc_a-ctype_.o)
                0x000000000800e4eb                _ctype_
 .rodata._vfprintf_r.str1.1
                0x000000000800e5ec       0x11 /opt/st/stm32cubeide_1.14.0/plugins/com.st.stm32cube.ide.mcu.externaltools.gnu-tools-for-stm32.11.3.rel1.linux64_1.1.100.202309141235/tools/bin/../lib/gcc/arm-none-eabi/11.3.1/../../../../arm-none-eabi/lib/thumb/v7-m/nofp/libc_nano.a(libc_a-nano-vfprintf.o)
 .rodata._printf_i.str1.1
                0x000000000800e5fd       0x22 /opt/st/stm32cubeide_1.14.0/plugins/com.st.stm32cube.ide.mcu.externaltools.gnu-tools-for-stm32.11.3.rel1.linux64_1.1.100.202309141235/tools/bin/../lib/gcc/arm-none-eabi/11.3.1/../../../../arm-none-eabi/lib/thumb/v7-m/nofp/libc_nano.a(libc_a-nano-vfprintf_i.o)
                0x000000000800e620                . = ALIGN (0x4)
 *fill*         0x000000000800e61f        0x1 

.rel.dyn        0x000000000800e620        0x0
 .rel.iplt      0x000000000800e620        0x0 /opt/st/stm32cubeide_1.14.0/plugins/com.st.stm32cube.ide.mcu.externaltools.gnu-tools-for-stm32.11.3.rel1.linux64_1.1.100.202309141235/tools/bin/../lib/gcc/arm-none-eabi/11.3.1/thumb/v7-m/nofp/crtbegin.o

.ARM.extab      0x000000000800e620        0x0
                0x000000000800e620                . = ALIGN (0x4)
 *(.ARM.extab* .gnu.linkonce.armextab.*)
                0x000000000800e620                . = ALIGN (0x4)

.ARM            0x000000000800e620        0x0
                0x000000000800e620                . = ALIGN (0x4)
                0x000000000800e620                __exidx_start = .
 *(.ARM.exidx*)
                0x000000000800e620                __exidx_end = .
                0x000000000800e620                . = ALIGN (0x4)

.preinit_array  0x000000000800e620        0x0
                0x000000000800e620                . = ALIGN (0x4)
                0x000000000800e620                PROVIDE (__preinit_array_start = .)
 *(.preinit_array*)
                0x000000000800e620                PROVIDE (__preinit_array_end = .)
                0x000000000800e620                . = ALIGN (0x4)

.init_array     0x000000000800e620        0x4
                0x000000000800e620                . = ALIGN (0x4)
                0x000000000800e620                PROVIDE (__init_array_start = .)
 *(SORT_BY_NAME(.init_array.*))
 *(.init_array*)
 .init_array    0x000000000800e620        0x4 /opt/st/stm32cubeide_1.14.0/plugins/com.st.stm32cube.ide.mcu.externaltools.gnu-tools-for-stm32.11.3.rel1.linux64_1.1.100.202309141235/tools/bin/../lib/gcc/arm-none-eabi/11.3.1/thumb/v7-m/nofp/crtbegin.o
                0x000000000800e624                PROVIDE (__init_array_end = .)
                0x000000000800e624                . = ALIGN (0x4)

.fini_array     0x000000000800e624        0x4
                0x000000000800e624                . = ALIGN (0x4)
                [!provide]                        PROVIDE (__fini_array_start = .)
 *(SORT_BY_NAME(.fini_array.*))
 *(.fini_array*)
 .fini_array    0x000000000800e624        0x4 /opt/st/stm32cubeide_1.14.0/plugins/com.st.stm32cube.ide.mcu.externaltools.gnu-tools-for-stm32.11.3.rel1.linux64_1.1.100.202309141235/tools/bin/../lib/gcc/arm-none-eabi/11.3.1/thumb/v7-m/nofp/crtbegin.o
                [!provide]                        PROVIDE (__fini_array_end = .)
                0x000000000800e628                . = ALIGN (0x4)
                0x000000000800e628                _sidata = LOADADDR (.data)

.data           0x0000000020000000       0xdc load address 0x000000000800e628
                0x0000000020000000                . = ALIGN (0x4)
                0x0000000020000000                _sdata = .
 *(.data)
 *(.data*)
 .data.SystemCoreClock
                0x0000000020000000        0x4 ./Core/Src/system_stm32f1xx.o
                0x0000000020000000                SystemCoreClock
 .data.spif_handle
                0x0000000020000004       0x20 ./Core/storage/local_storage.o
                0x0000000020000004                spif_handle
 .data.littlefs_config
                0x0000000020000024       0x54 ./Core/storage/local_storage.o
                0x0000000020000024                littlefs_config
 .data.uwTickPrio
                0x0000000020000078        0x4 ./Drivers/STM32F1xx_HAL_Driver/Src/stm32f1xx_hal.o
                0x0000000020000078                uwTickPrio
 .data.uwTickFreq
                0x000000002000007c        0x1 ./Drivers/STM32F1xx_HAL_Driver/Src/stm32f1xx_hal.o
                0x000000002000007c                uwTickFreq
 *fill*         0x000000002000007d        0x3 
 .data.__sglue  0x0000000020000080        0xc /opt/st/stm32cubeide_1.14.0/plugins/com.st.stm32cube.ide.mcu.externaltools.gnu-tools-for-stm32.11.3.rel1.linux64_1.1.100.202309141235/tools/bin/../lib/gcc/arm-none-eabi/11.3.1/../../../../arm-none-eabi/lib/thumb/v7-m/nofp/libc_nano.a(libc_a-findfp.o)
                0x0000000020000080                __sglue
 .data._impure_data
                0x000000002000008c       0x4c /opt/st/stm32cubeide_1.14.0/plugins/com.st.stm32cube.ide.mcu.externaltools.gnu-tools-for-stm32.11.3.rel1.linux64_1.1.100.202309141235/tools/bin/../lib/gcc/arm-none-eabi/11.3.1/../../../../arm-none-eabi/lib/thumb/v7-m/nofp/libc_nano.a(libc_a-impure.o)
                0x000000002000008c                _impure_data
 .data._impure_ptr
                0x00000000200000d8        0x4 /opt/st/stm32cubeide_1.14.0/plugins/com.st.stm32cube.ide.mcu.externaltools.gnu-tools-for-stm32.11.3.rel1.linux64_1.1.100.202309141235/tools/bin/../lib/gcc/arm-none-eabi/11.3.1/../../../../arm-none-eabi/lib/thumb/v7-m/nofp/libc_nano.a(libc_a-impure.o)
                0x00000000200000d8                _impure_ptr
 *(.RamFunc)
 *(.RamFunc*)
                0x00000000200000dc                . = ALIGN (0x4)
                0x00000000200000dc                _edata = .

.igot.plt       0x00000000200000dc        0x0 load address 0x000000000800e704
 .igot.plt      0x00000000200000dc        0x0 /opt/st/stm32cubeide_1.14.0/plugins/com.st.stm32cube.ide.mcu.externaltools.gnu-tools-for-stm32.11.3.rel1.linux64_1.1.100.202309141235/tools/bin/../lib/gcc/arm-none-eabi/11.3.1/thumb/v7-m/nofp/crtbegin.o
                0x00000000200000dc                . = ALIGN (0x4)

.bss            0x00000000200000dc      0x2a8 load address 0x000000000800e704
                0x00000000200000dc                _sbss = .
                0x00000000200000dc                __bss_start__ = _sbss
 *(.bss)
 .bss           0x00000000200000dc       0x1c /opt/st/stm32cubeide_1.14.0/plugins/com.st.stm32cube.ide.mcu.externaltools.gnu-tools-for-stm32.11.3.rel1.linux64_1.1.100.202309141235/tools/bin/../lib/gcc/arm-none-eabi/11.3.1/thumb/v7-m/nofp/crtbegin.o
 *(.bss*)
 .bss.hspi1     0x00000000200000f8       0x58 ./Core/Src/main.o
                0x00000000200000f8                hspi1
 .bss.huart3    0x0000000020000150       0x48 ./Core/Src/main.o
                0x0000000020000150                huart3
 .bss.__sbrk_heap_end
                0x0000000020000198        0x4 ./Core/Src/sysmem.o
 .bss.littlefs  0x000000002000019c       0x80 ./Core/storage/local_storage.o
                0x000000002000019c                littlefs
 .bss._storage  0x000000002000021c        0x8 ./Core/storage/local_storage.o
 .bss._info_storage
                0x0000000020000224        0xc ./Core/storage/local_storage.o
 .bss.is_initialized
                0x0000000020000230        0x4 ./Core/storage/local_storage.o
 .bss.uwTick    0x0000000020000234        0x4 ./Drivers/STM32F1xx_HAL_Driver/Src/stm32f1xx_hal.o
                0x0000000020000234                uwTick
 .bss.__malloc_free_list
                0x0000000020000238        0x4 /opt/st/stm32cubeide_1.14.0/plugins/com.st.stm32cube.ide.mcu.externaltools.gnu-tools-for-stm32.11.3.rel1.linux64_1.1.100.202309141235/tools/bin/../lib/gcc/arm-none-eabi/11.3.1/../../../../arm-none-eabi/lib/thumb/v7-m/nofp/libc_nano.a(libc_a-mallocr.o)
                0x0000000020000238                __malloc_free_list
 .bss.__malloc_sbrk_start
                0x000000002000023c        0x4 /opt/st/stm32cubeide_1.14.0/plugins/com.st.stm32cube.ide.mcu.externaltools.gnu-tools-for-stm32.11.3.rel1.linux64_1.1.100.202309141235/tools/bin/../lib/gcc/arm-none-eabi/11.3.1/../../../../arm-none-eabi/lib/thumb/v7-m/nofp/libc_nano.a(libc_a-mallocr.o)
                0x000000002000023c                __malloc_sbrk_start
 .bss.__sf      0x0000000020000240      0x138 /opt/st/stm32cubeide_1.14.0/plugins/com.st.stm32cube.ide.mcu.externaltools.gnu-tools-for-stm32.11.3.rel1.linux64_1.1.100.202309141235/tools/bin/../lib/gcc/arm-none-eabi/11.3.1/../../../../arm-none-eabi/lib/thumb/v7-m/nofp/libc_nano.a(libc_a-findfp.o)
                0x0000000020000240                __sf
 .bss.__stdio_exit_handler
                0x0000000020000378        0x4 /opt/st/stm32cubeide_1.14.0/plugins/com.st.stm32cube.ide.mcu.externaltools.gnu-tools-for-stm32.11.3.rel1.linux64_1.1.100.202309141235/tools/bin/../lib/gcc/arm-none-eabi/11.3.1/../../../../arm-none-eabi/lib/thumb/v7-m/nofp/libc_nano.a(libc_a-findfp.o)
                0x0000000020000378                __stdio_exit_handler
 .bss.errno     0x000000002000037c        0x4 /opt/st/stm32cubeide_1.14.0/plugins/com.st.stm32cube.ide.mcu.externaltools.gnu-tools-for-stm32.11.3.rel1.linux64_1.1.100.202309141235/tools/bin/../lib/gcc/arm-none-eabi/11.3.1/../../../../arm-none-eabi/lib/thumb/v7-m/nofp/libc_nano.a(libc_a-reent.o)
                0x000000002000037c                errno
 .bss.__lock___malloc_recursive_mutex
                0x0000000020000380        0x1 /opt/st/stm32cubeide_1.14.0/plugins/com.st.stm32cube.ide.mcu.externaltools.gnu-tools-for-stm32.11.3.rel1.linux64_1.1.100.202309141235/tools/bin/../lib/gcc/arm-none-eabi/11.3.1/../../../../arm-none-eabi/lib/thumb/v7-m/nofp/libc_nano.a(libc_a-lock.o)
                0x0000000020000380                __lock___malloc_recursive_mutex
 .bss.__lock___sfp_recursive_mutex
                0x0000000020000381        0x1 /opt/st/stm32cubeide_1.14.0/plugins/com.st.stm32cube.ide.mcu.externaltools.gnu-tools-for-stm32.11.3.rel1.linux64_1.1.100.202309141235/tools/bin/../lib/gcc/arm-none-eabi/11.3.1/../../../../arm-none-eabi/lib/thumb/v7-m/nofp/libc_nano.a(libc_a-lock.o)
                0x0000000020000381                __lock___sfp_recursive_mutex
 *(COMMON)
                0x0000000020000384                . = ALIGN (0x4)
 *fill*         0x0000000020000382        0x2 
                0x0000000020000384                _ebss = .
                0x0000000020000384                __bss_end__ = _ebss

._user_heap_stack
                0x0000000020000384      0x604 load address 0x000000000800e704
                0x0000000020000388                . = ALIGN (0x8)
 *fill*         0x0000000020000384        0x4 
                [!provide]                        PROVIDE (end = .)
                0x0000000020000388                PROVIDE (_end = .)
                0x0000000020000588                . = (. + _Min_Heap_Size)
 *fill*         0x0000000020000388      0x200 
                0x0000000020000988                . = (. + _Min_Stack_Size)
 *fill*         0x0000000020000588      0x400 
                0x0000000020000988                . = ALIGN (0x8)

/DISCARD/
 libc.a(*)
 libm.a(*)
 libgcc.a(*)

.ARM.attributes
                0x0000000000000000       0x29
 *(.ARM.attributes)
 .ARM.attributes
                0x0000000000000000       0x1d /opt/st/stm32cubeide_1.14.0/plugins/com.st.stm32cube.ide.mcu.externaltools.gnu-tools-for-stm32.11.3.rel1.linux64_1.1.100.202309141235/tools/bin/../lib/gcc/arm-none-eabi/11.3.1/thumb/v7-m/nofp/crti.o
 .ARM.attributes
                0x000000000000001d       0x2d /opt/st/stm32cubeide_1.14.0/plugins/com.st.stm32cube.ide.mcu.externaltools.gnu-tools-for-stm32.11.3.rel1.linux64_1.1.100.202309141235/tools/bin/../lib/gcc/arm-none-eabi/11.3.1/thumb/v7-m/nofp/crtbegin.o
 .ARM.attributes
                0x000000000000004a       0x2d ./Core/Src/main.o
 .ARM.attributes
                0x0000000000000077       0x2d ./Core/Src/stm32f1xx_hal_msp.o
 .ARM.attributes
                0x00000000000000a4       0x2d ./Core/Src/stm32f1xx_it.o
 .ARM.attributes
                0x00000000000000d1       0x2d ./Core/Src/syscalls.o
 .ARM.attributes
                0x00000000000000fe       0x2d ./Core/Src/sysmem.o
 .ARM.attributes
                0x000000000000012b       0x2d ./Core/Src/system_stm32f1xx.o
 .ARM.attributes
                0x0000000000000158       0x21 ./Core/Startup/startup_stm32f103c8tx.o
 .ARM.attributes
                0x0000000000000179       0x2d ./Core/storage/littlefs/lfs.o
 .ARM.attributes
                0x00000000000001a6       0x2d ./Core/storage/littlefs/lfs_util.o
 .ARM.attributes
                0x00000000000001d3       0x2d ./Core/storage/local_storage.o
 .ARM.attributes
                0x0000000000000200       0x2d ./Core/storage/spif/src/spif.o
 .ARM.attributes
                0x000000000000022d       0x2d ./Drivers/STM32F1xx_HAL_Driver/Src/stm32f1xx_hal.o
 .ARM.attributes
                0x000000000000025a       0x2d ./Drivers/STM32F1xx_HAL_Driver/Src/stm32f1xx_hal_cortex.o
 .ARM.attributes
                0x0000000000000287       0x2d ./Drivers/STM32F1xx_HAL_Driver/Src/stm32f1xx_hal_gpio.o
 .ARM.attributes
                0x00000000000002b4       0x2d ./Drivers/STM32F1xx_HAL_Driver/Src/stm32f1xx_hal_rcc.o
 .ARM.attributes
                0x00000000000002e1       0x2d ./Drivers/STM32F1xx_HAL_Driver/Src/stm32f1xx_hal_spi.o
 .ARM.attributes
                0x000000000000030e       0x2d ./Drivers/STM32F1xx_HAL_Driver/Src/stm32f1xx_hal_uart.o
 .ARM.attributes
                0x000000000000033b       0x2d /opt/st/stm32cubeide_1.14.0/plugins/com.st.stm32cube.ide.mcu.externaltools.gnu-tools-for-stm32.11.3.rel1.linux64_1.1.100.202309141235/tools/bin/../lib/gcc/arm-none-eabi/11.3.1/../../../../arm-none-eabi/lib/thumb/v7-m/nofp/libc_nano.a(libc_a-assert.o)
 .ARM.attributes
                0x0000000000000368       0x2d /opt/st/stm32cubeide_1.14.0/plugins/com.st.stm32cube.ide.mcu.externaltools.gnu-tools-for-stm32.11.3.rel1.linux64_1.1.100.202309141235/tools/bin/../lib/gcc/arm-none-eabi/11.3.1/../../../../arm-none-eabi/lib/thumb/v7-m/nofp/libc_nano.a(libc_a-atoi.o)
 .ARM.attributes
                0x0000000000000395       0x2d /opt/st/stm32cubeide_1.14.0/plugins/com.st.stm32cube.ide.mcu.externaltools.gnu-tools-for-stm32.11.3.rel1.linux64_1.1.100.202309141235/tools/bin/../lib/gcc/arm-none-eabi/11.3.1/../../../../arm-none-eabi/lib/thumb/v7-m/nofp/libc_nano.a(libc_a-itoa.o)
 .ARM.attributes
                0x00000000000003c2       0x2d /opt/st/stm32cubeide_1.14.0/plugins/com.st.stm32cube.ide.mcu.externaltools.gnu-tools-for-stm32.11.3.rel1.linux64_1.1.100.202309141235/tools/bin/../lib/gcc/arm-none-eabi/11.3.1/../../../../arm-none-eabi/lib/thumb/v7-m/nofp/libc_nano.a(libc_a-malloc.o)
 .ARM.attributes
                0x00000000000003ef       0x2d /opt/st/stm32cubeide_1.14.0/plugins/com.st.stm32cube.ide.mcu.externaltools.gnu-tools-for-stm32.11.3.rel1.linux64_1.1.100.202309141235/tools/bin/../lib/gcc/arm-none-eabi/11.3.1/../../../../arm-none-eabi/lib/thumb/v7-m/nofp/libc_nano.a(libc_a-mallocr.o)
 .ARM.attributes
                0x000000000000041c       0x2d /opt/st/stm32cubeide_1.14.0/plugins/com.st.stm32cube.ide.mcu.externaltools.gnu-tools-for-stm32.11.3.rel1.linux64_1.1.100.202309141235/tools/bin/../lib/gcc/arm-none-eabi/11.3.1/../../../../arm-none-eabi/lib/thumb/v7-m/nofp/libc_nano.a(libc_a-mlock.o)
 .ARM.attributes
                0x0000000000000449       0x2d /opt/st/stm32cubeide_1.14.0/plugins/com.st.stm32cube.ide.mcu.externaltools.gnu-tools-for-stm32.11.3.rel1.linux64_1.1.100.202309141235/tools/bin/../lib/gcc/arm-none-eabi/11.3.1/../../../../arm-none-eabi/lib/thumb/v7-m/nofp/libc_nano.a(libc_a-strtol.o)
 .ARM.attributes
                0x0000000000000476       0x2d /opt/st/stm32cubeide_1.14.0/plugins/com.st.stm32cube.ide.mcu.externaltools.gnu-tools-for-stm32.11.3.rel1.linux64_1.1.100.202309141235/tools/bin/../lib/gcc/arm-none-eabi/11.3.1/../../../../arm-none-eabi/lib/thumb/v7-m/nofp/libc_nano.a(libc_a-utoa.o)
 .ARM.attributes
                0x00000000000004a3       0x2d /opt/st/stm32cubeide_1.14.0/plugins/com.st.stm32cube.ide.mcu.externaltools.gnu-tools-for-stm32.11.3.rel1.linux64_1.1.100.202309141235/tools/bin/../lib/gcc/arm-none-eabi/11.3.1/../../../../arm-none-eabi/lib/thumb/v7-m/nofp/libc_nano.a(libc_a-ctype_.o)
 .ARM.attributes
                0x00000000000004d0       0x2d /opt/st/stm32cubeide_1.14.0/plugins/com.st.stm32cube.ide.mcu.externaltools.gnu-tools-for-stm32.11.3.rel1.linux64_1.1.100.202309141235/tools/bin/../lib/gcc/arm-none-eabi/11.3.1/../../../../arm-none-eabi/lib/thumb/v7-m/nofp/libc_nano.a(libc_a-findfp.o)
 .ARM.attributes
                0x00000000000004fd       0x2d /opt/st/stm32cubeide_1.14.0/plugins/com.st.stm32cube.ide.mcu.externaltools.gnu-tools-for-stm32.11.3.rel1.linux64_1.1.100.202309141235/tools/bin/../lib/gcc/arm-none-eabi/11.3.1/../../../../arm-none-eabi/lib/thumb/v7-m/nofp/libc_nano.a(libc_a-fprintf.o)
 .ARM.attributes
                0x000000000000052a       0x2d /opt/st/stm32cubeide_1.14.0/plugins/com.st.stm32cube.ide.mcu.externaltools.gnu-tools-for-stm32.11.3.rel1.linux64_1.1.100.202309141235/tools/bin/../lib/gcc/arm-none-eabi/11.3.1/../../../../arm-none-eabi/lib/thumb/v7-m/nofp/libc_nano.a(libc_a-fwalk.o)
 .ARM.attributes
                0x0000000000000557       0x2d /opt/st/stm32cubeide_1.14.0/plugins/com.st.stm32cube.ide.mcu.externaltools.gnu-tools-for-stm32.11.3.rel1.linux64_1.1.100.202309141235/tools/bin/../lib/gcc/arm-none-eabi/11.3.1/../../../../arm-none-eabi/lib/thumb/v7-m/nofp/libc_nano.a(libc_a-printf.o)
 .ARM.attributes
                0x0000000000000584       0x2d /opt/st/stm32cubeide_1.14.0/plugins/com.st.stm32cube.ide.mcu.externaltools.gnu-tools-for-stm32.11.3.rel1.linux64_1.1.100.202309141235/tools/bin/../lib/gcc/arm-none-eabi/11.3.1/../../../../arm-none-eabi/lib/thumb/v7-m/nofp/libc_nano.a(libc_a-putchar.o)
 .ARM.attributes
                0x00000000000005b1       0x2d /opt/st/stm32cubeide_1.14.0/plugins/com.st.stm32cube.ide.mcu.externaltools.gnu-tools-for-stm32.11.3.rel1.linux64_1.1.100.202309141235/tools/bin/../lib/gcc/arm-none-eabi/11.3.1/../../../../arm-none-eabi/lib/thumb/v7-m/nofp/libc_nano.a(libc_a-puts.o)
 .ARM.attributes
                0x00000000000005de       0x2d /opt/st/stm32cubeide_1.14.0/plugins/com.st.stm32cube.ide.mcu.externaltools.gnu-tools-for-stm32.11.3.rel1.linux64_1.1.100.202309141235/tools/bin/../lib/gcc/arm-none-eabi/11.3.1/../../../../arm-none-eabi/lib/thumb/v7-m/nofp/libc_nano.a(libc_a-stdio.o)
 .ARM.attributes
                0x000000000000060b       0x2d /opt/st/stm32cubeide_1.14.0/plugins/com.st.stm32cube.ide.mcu.externaltools.gnu-tools-for-stm32.11.3.rel1.linux64_1.1.100.202309141235/tools/bin/../lib/gcc/arm-none-eabi/11.3.1/../../../../arm-none-eabi/lib/thumb/v7-m/nofp/libc_nano.a(libc_a-wbuf.o)
 .ARM.attributes
                0x0000000000000638       0x2d /opt/st/stm32cubeide_1.14.0/plugins/com.st.stm32cube.ide.mcu.externaltools.gnu-tools-for-stm32.11.3.rel1.linux64_1.1.100.202309141235/tools/bin/../lib/gcc/arm-none-eabi/11.3.1/../../../../arm-none-eabi/lib/thumb/v7-m/nofp/libc_nano.a(libc_a-wsetup.o)
 .ARM.attributes
                0x0000000000000665       0x2d /opt/st/stm32cubeide_1.14.0/plugins/com.st.stm32cube.ide.mcu.externaltools.gnu-tools-for-stm32.11.3.rel1.linux64_1.1.100.202309141235/tools/bin/../lib/gcc/arm-none-eabi/11.3.1/../../../../arm-none-eabi/lib/thumb/v7-m/nofp/libc_nano.a(libc_a-memcmp.o)
 .ARM.attributes
                0x0000000000000692       0x2d /opt/st/stm32cubeide_1.14.0/plugins/com.st.stm32cube.ide.mcu.externaltools.gnu-tools-for-stm32.11.3.rel1.linux64_1.1.100.202309141235/tools/bin/../lib/gcc/arm-none-eabi/11.3.1/../../../../arm-none-eabi/lib/thumb/v7-m/nofp/libc_nano.a(libc_a-memset.o)
 .ARM.attributes
                0x00000000000006bf       0x2d /opt/st/stm32cubeide_1.14.0/plugins/com.st.stm32cube.ide.mcu.externaltools.gnu-tools-for-stm32.11.3.rel1.linux64_1.1.100.202309141235/tools/bin/../lib/gcc/arm-none-eabi/11.3.1/../../../../arm-none-eabi/lib/thumb/v7-m/nofp/libc_nano.a(libc_a-strcat.o)
 .ARM.attributes
                0x00000000000006ec       0x2d /opt/st/stm32cubeide_1.14.0/plugins/com.st.stm32cube.ide.mcu.externaltools.gnu-tools-for-stm32.11.3.rel1.linux64_1.1.100.202309141235/tools/bin/../lib/gcc/arm-none-eabi/11.3.1/../../../../arm-none-eabi/lib/thumb/v7-m/nofp/libc_nano.a(libc_a-strchr.o)
 .ARM.attributes
                0x0000000000000719       0x2d /opt/st/stm32cubeide_1.14.0/plugins/com.st.stm32cube.ide.mcu.externaltools.gnu-tools-for-stm32.11.3.rel1.linux64_1.1.100.202309141235/tools/bin/../lib/gcc/arm-none-eabi/11.3.1/../../../../arm-none-eabi/lib/thumb/v7-m/nofp/libc_nano.a(libc_a-strcspn.o)
 .ARM.attributes
                0x0000000000000746       0x2d /opt/st/stm32cubeide_1.14.0/plugins/com.st.stm32cube.ide.mcu.externaltools.gnu-tools-for-stm32.11.3.rel1.linux64_1.1.100.202309141235/tools/bin/../lib/gcc/arm-none-eabi/11.3.1/../../../../arm-none-eabi/lib/thumb/v7-m/nofp/libc_nano.a(libc_a-strspn.o)
 .ARM.attributes
                0x0000000000000773       0x2d /opt/st/stm32cubeide_1.14.0/plugins/com.st.stm32cube.ide.mcu.externaltools.gnu-tools-for-stm32.11.3.rel1.linux64_1.1.100.202309141235/tools/bin/../lib/gcc/arm-none-eabi/11.3.1/../../../../arm-none-eabi/lib/thumb/v7-m/nofp/libc_nano.a(libc_a-closer.o)
 .ARM.attributes
                0x00000000000007a0       0x2d /opt/st/stm32cubeide_1.14.0/plugins/com.st.stm32cube.ide.mcu.externaltools.gnu-tools-for-stm32.11.3.rel1.linux64_1.1.100.202309141235/tools/bin/../lib/gcc/arm-none-eabi/11.3.1/../../../../arm-none-eabi/lib/thumb/v7-m/nofp/libc_nano.a(libc_a-reent.o)
 .ARM.attributes
                0x00000000000007cd       0x2d /opt/st/stm32cubeide_1.14.0/plugins/com.st.stm32cube.ide.mcu.externaltools.gnu-tools-for-stm32.11.3.rel1.linux64_1.1.100.202309141235/tools/bin/../lib/gcc/arm-none-eabi/11.3.1/../../../../arm-none-eabi/lib/thumb/v7-m/nofp/libc_nano.a(libc_a-impure.o)
 .ARM.attributes
                0x00000000000007fa       0x2d /opt/st/stm32cubeide_1.14.0/plugins/com.st.stm32cube.ide.mcu.externaltools.gnu-tools-for-stm32.11.3.rel1.linux64_1.1.100.202309141235/tools/bin/../lib/gcc/arm-none-eabi/11.3.1/../../../../arm-none-eabi/lib/thumb/v7-m/nofp/libc_nano.a(libc_a-lseekr.o)
 .ARM.attributes
                0x0000000000000827       0x2d /opt/st/stm32cubeide_1.14.0/plugins/com.st.stm32cube.ide.mcu.externaltools.gnu-tools-for-stm32.11.3.rel1.linux64_1.1.100.202309141235/tools/bin/../lib/gcc/arm-none-eabi/11.3.1/../../../../arm-none-eabi/lib/thumb/v7-m/nofp/libc_nano.a(libc_a-readr.o)
 .ARM.attributes