../Core/storage/storage.c:30:5:lfs_read	24	static
../Core/storage/storage.c:36:5:lfs_write	24	static
../Core/storage/storage.c:42:5:lfs_erase	16	static
../Core/storage/storage.c:48:5:lfs_sync	16	static
../Core/storage/storage.c:73:12:mount	16	static
../Core/storage/storage.c:84:17:storate_reset	8	static
../Core/storage/storage.c:94:17:storage_init	160	static
../Core/storage/storage.c:160:12:set_info	864	static
../Core/storage/storage.c:261:12:get_info	464	static
../Core/storage/storage.c:334:24:save_data	216	static
../Core/storage/storage.c:412:24:read_data	208	static
