../Core/storage/storage.c:49:5:lfs_read	24	static
../Core/storage/storage.c:55:5:lfs_write	24	static
../Core/storage/storage.c:61:5:lfs_erase	16	static
../Core/storage/storage.c:67:5:lfs_sync	16	static
../Core/storage/storage.c:91:12:mount	16	static
../Core/storage/storage.c:103:17:storate_reset	8	static
../Core/storage/storage.c:113:17:storage_init	112	static
../Core/storage/storage.c:195:12:get_store_info	456	static
../Core/storage/storage.c:296:12:set_store_info	416	static
../Core/storage/storage.c:362:24:save_data	200	static
../Core/storage/storage.c:435:24:read_data	200	static
../Core/storage/storage.c:506:12:set_info	864	static
../Core/storage/storage.c:606:12:get_info	464	static
