../Core/storage/spif/src/spif.c:74:6:SPIF_Lock	16	static
../Core/storage/spif/src/spif.c:85:6:SPIF_UnLock	16	static
../Core/storage/spif/src/spif.c:92:6:SPIF_CsPin	24	static
../Core/storage/spif/src/spif.c:100:6:SPIF_TransmitReceive	40	static
../Core/storage/spif/src/spif.c:142:6:SPIF_Transmit	32	static
../Core/storage/spif/src/spif.c:184:6:SPIF_Receive	32	static
../Core/storage/spif/src/spif.c:226:6:SPIF_WriteEnable	24	static
../Core/storage/spif/src/spif.c:242:6:SPIF_WriteDisable	24	static
../Core/storage/spif/src/spif.c:258:9:SPIF_ReadReg1	32	static
../Core/storage/spif/src/spif.c:274:9:SPIF_ReadReg2	32	static
../Core/storage/spif/src/spif.c:290:9:SPIF_ReadReg3	32	static
../Core/storage/spif/src/spif.c:306:6:SPIF_WriteReg1	24	static
../Core/storage/spif/src/spif.c:336:6:SPIF_WriteReg2	24	static
../Core/storage/spif/src/spif.c:366:6:SPIF_WriteReg3	24	static
../Core/storage/spif/src/spif.c:396:6:SPIF_WaitForWriting	24	static
../Core/storage/spif/src/spif.c:419:6:SPIF_FindChip	40	static
../Core/storage/spif/src/spif.c:562:6:SPIF_WriteFn	48	static
../Core/storage/spif/src/spif.c:650:6:SPIF_ReadFn	40	static
../Core/storage/spif/src/spif.c:716:6:SPIF_Init	32	static
../Core/storage/spif/src/spif.c:755:6:SPIF_EraseChip	24	static
../Core/storage/spif/src/spif.c:792:6:SPIF_EraseSector	32	static
../Core/storage/spif/src/spif.c:855:6:SPIF_EraseBlock	32	static
../Core/storage/spif/src/spif.c:918:6:SPIF_WriteAddress	64	static
../Core/storage/spif/src/spif.c:959:6:SPIF_WritePage	40	static
../Core/storage/spif/src/spif.c:970:6:SPIF_WriteSector	56	static
../Core/storage/spif/src/spif.c:1010:6:SPIF_WriteBlock	56	static
../Core/storage/spif/src/spif.c:1052:6:SPIF_ReadAddress	32	static
../Core/storage/spif/src/spif.c:1063:6:SPIF_ReadPage	40	static
../Core/storage/spif/src/spif.c:1080:6:SPIF_ReadSector	40	static
../Core/storage/spif/src/spif.c:1097:6:SPIF_ReadBlock	40	static
