../Core/littlefs/bd/lfs_emubd.c:32:27:lfs_emubd_incblock	16	static
../Core/littlefs/bd/lfs_emubd.c:39:13:lfs_emubd_decblock	16	static
../Core/littlefs/bd/lfs_emubd.c:48:27:lfs_emubd_mutblock	32	static
../Core/littlefs/bd/lfs_emubd.c:97:5:lfs_emubd_create	48	static
../Core/littlefs/bd/lfs_emubd.c:187:5:lfs_emubd_destroy	24	static
../Core/littlefs/bd/lfs_emubd.c:215:5:lfs_emubd_read	72	static
../Core/littlefs/bd/lfs_emubd.c:265:5:lfs_emubd_prog	88	static
../Core/littlefs/bd/lfs_emubd.c:356:5:lfs_emubd_erase	80	static
../Core/littlefs/bd/lfs_emubd.c:442:5:lfs_emubd_sync	16	static
../Core/littlefs/bd/lfs_emubd.c:454:12:lfs_emubd_crc_	48	static
../Core/littlefs/bd/lfs_emubd.c:479:5:lfs_emubd_crc	32	static
../Core/littlefs/bd/lfs_emubd.c:488:5:lfs_emubd_bdcrc	32	static
../Core/littlefs/bd/lfs_emubd.c:508:17:lfs_emubd_readed	24	static
../Core/littlefs/bd/lfs_emubd.c:515:17:lfs_emubd_proged	24	static
../Core/littlefs/bd/lfs_emubd.c:522:17:lfs_emubd_erased	24	static
../Core/littlefs/bd/lfs_emubd.c:529:5:lfs_emubd_setreaded	32	static
../Core/littlefs/bd/lfs_emubd.c:537:5:lfs_emubd_setproged	32	static
../Core/littlefs/bd/lfs_emubd.c:545:5:lfs_emubd_seterased	32	static
../Core/littlefs/bd/lfs_emubd.c:553:19:lfs_emubd_wear	32	static
../Core/littlefs/bd/lfs_emubd.c:574:5:lfs_emubd_setwear	32	static
../Core/littlefs/bd/lfs_emubd.c:595:26:lfs_emubd_powercycles	24	static
../Core/littlefs/bd/lfs_emubd.c:604:5:lfs_emubd_setpowercycles	24	static
../Core/littlefs/bd/lfs_emubd.c:616:5:lfs_emubd_copy	32	static
